<html>
<body>
<pre>
<h1>µVision Build Log</h1>
<h2>Tool Versions:</h2>
IDE-Version: ¦ÌVision V5.25.2.0
Copyright (C) 2018 ARM Ltd and ARM Germany GmbH. All rights reserved.
License Information: 1 1, 1, LIC=W96WF-6VUV8-QFSIY-IEJ1T-A7NGN-9ZRAD
 
Tool Versions:
Toolchain:       MDK-ARM Professional  Version: 5.25.2.0
Toolchain Path:  C:\Keil_v5\ARM\ARMCC\Bin
C Compiler:      Armcc.exe V5.06 update 6 (build 750)
Assembler:       Armasm.exe V5.06 update 6 (build 750)
Linker/Locator:  ArmLink.exe V5.06 update 6 (build 750)
Library Manager: ArmAr.exe V5.06 update 6 (build 750)
Hex Converter:   FromElf.exe V5.06 update 6 (build 750)
CPU DLL:         SARMCM3.DLL V5.25.2.0
Dialog DLL:      DCM.DLL V1.17.1.0
Target DLL:      STLink\ST-LINKIII-KEIL_SWO.dll V3.0.1.0
Dialog DLL:      TCM.DLL V1.35.1.0
 
<h2>Project:</h2>
G:\tingchechangcode\workspace\Uart_update_SlaveV2.0\Uart_update_Host\Project\uart_update.uvprojx
Project File Date:  12/06/2018

<h2>Output:</h2>
*** Using Compiler 'V5.06 update 6 (build 750)', folder: 'C:\Keil_v5\ARM\ARMCC\Bin'
Build target 'Target 1'
compiling download.c...
compiling stmflash.c...
..\User_Code\Bsp_Drive\stmflash.c(167): warning:  #177-D: variable "one"  was declared but never referenced
    static u8 one = 0;	
..\User_Code\Bsp_Drive\stmflash.c: 1 warning, 0 errors
compiling sys.c...
..\User_Code\Bsp_Drive\sys.c(34): warning:  #1-D: last line of file ends without a newline
  #endif
..\User_Code\Bsp_Drive\sys.c: 1 warning, 0 errors
linking...
Program Size: Code=7452 RO-data=504 RW-data=100 ZI-data=29972  
FromELF: creating hex file...
".\Objects\uart_update.axf" - 0 Error(s), 2 Warning(s).

<h2>Software Packages used:</h2>

Package Vendor: Keil
                http://www.keil.com/pack/Keil.STM32F2xx_DFP.2.8.0.pack
                Keil.STM32F2xx_DFP.2.8.0
                STMicroelectronics STM32F2 Series Device Support, Drivers and Examples

<h2>Collection of Component include folders:</h2>
  .\RTE\_Target_1
  C:\Keil_v5\ARM\PACK\Keil\STM32F2xx_DFP\2.8.0\Drivers\CMSIS\Device\ST\STM32F2xx\Include

<h2>Collection of Component Files used:</h2>
Build Time Elapsed:  00:00:02
</pre>
</body>
</html>
