<html>
<body>
<pre>
<h1>礦ision Build Log</h1>
<h2>Tool Versions:</h2>
IDE-Version: μVision V5.25.2.0
Copyright (C) 2018 ARM Ltd and ARM Germany GmbH. All rights reserved.
License Information: 1 1, 1, LIC=W96WF-6VUV8-QFSIY-IEJ1T-A7NGN-9ZRAD
 
Tool Versions:
Toolchain:       MDK-ARM Professional  Version: 5.25.2.0
Toolchain Path:  C:\Keil_v5\ARM\ARMCC\Bin
C Compiler:      Armcc.exe V5.06 update 6 (build 750)
Assembler:       Armasm.exe V5.06 update 6 (build 750)
Linker/Locator:  ArmLink.exe V5.06 update 6 (build 750)
Library Manager: ArmAr.exe V5.06 update 6 (build 750)
Hex Converter:   FromElf.exe V5.06 update 6 (build 750)
CPU DLL:         SARMCM3.DLL V5.25.2.0
Dialog DLL:      DCM.DLL V1.17.1.0
Target DLL:      Segger\JL2CM3.dll V2.99.29.0
Dialog DLL:      TCM.DLL V1.35.1.0
 
<h2>Project:</h2>
G:\停车场程序\0.1现在使用版本\parking lot host\Project\UHFHandheldReader.uvprojx
Project File Date:  12/10/2018

<h2>Output:</h2>
*** Using Compiler 'V5.06 update 6 (build 750)', folder: 'C:\Keil_v5\ARM\ARMCC\Bin'
Build target 'stm32'
compiling model_base.cpp...
compiling GetDeviceCapabilities.cpp...
compiling system_stm32f2xx.c...
compiling core_cm3.c...
compiling param_manager.cpp...
compiling systick.c...
compiling main_application.cpp...
compiling printf_usart.c...
compiling config.c...
compiling misc.c...
compiling stm32f2xx_adc.c...
compiling stm32f2xx_crc.c...
compiling stm32f2xx_can.c...
compiling stm32f2xx_cryp.c...
compiling stm32f2xx_cryp_aes.c...
compiling stm32f2xx_cryp_des.c...
compiling stm32f2xx_cryp_tdes.c...
compiling stm32f2xx_dac.c...
compiling stm32f2xx_dbgmcu.c...
compiling stm32f2xx_dcmi.c...
compiling stm32f2xx_dma.c...
compiling stm32f2xx_exti.c...
compiling stm32f2xx_flash.c...
compiling stm32f2xx_fsmc.c...
compiling stm32f2xx_gpio.c...
compiling stm32f2xx_hash.c...
compiling stm32f2xx_hash_md5.c...
compiling stm32f2xx_hash_sha1.c...
compiling stm32f2xx_i2c.c...
compiling stm32f2xx_iwdg.c...
compiling stm32f2xx_pwr.c...
compiling stm32f2xx_rcc.c...
compiling stm32f2xx_rng.c...
compiling stm32f2xx_sdio.c...
compiling stm32f2xx_rtc.c...
compiling stm32f2xx_spi.c...
compiling stm32f2xx_syscfg.c...
compiling stm32f2xx_tim.c...
compiling stm32f2xx_usart.c...
compiling ltkcpp_array.cpp...
compiling stm32f2xx_wwdg.c...
compiling ltkcpp_element.cpp...
compiling LLRP_General.cpp...
compiling ltkcpp_encdec.cpp...
compiling LLRP_Capabilities.cpp...
compiling ltkcpp_error.cpp...
compiling ltkcpp_framedecode.cpp...
compiling ltkcpp_frameencode.cpp...
compiling ltkcpp_frameextract.cpp...
compiling LLRP_Operation.cpp...
compiling LLRP_NET.cpp...
compiling ltkcpp_hdrfd.cpp...
compiling ltkcpp_typeregistry.cpp...
compiling ltkcpp_xmltextencode.cpp...
compiling HEXConvert.cpp...
compiling ltkcpp_genout.cpp...
compiling class_retain.cpp...
compiling HbFrame_Operation.cpp...
compiling general_functions.cpp...
compiling uart_bsp_comm.c...
compiling ManufacturerFrame.cpp...
compiling serial_comm.cpp...
compiling base_comm.cpp...
compiling tag_accessspec.cpp...
compiling tag_selectspec.cpp...
compiling operationreport_manager.cpp...
compiling tag_spec.cpp...
compiling operationspec_manager.cpp...
compiling tag_selectaccessresult.cpp...
compiling OpspecResult.cpp...
compiling operation_process.cpp...
compiling operationspec_execute_base.cpp...
compiling Rf_Oper_gb.cpp...
compiling operationspec_execute_gb.cpp...
compiling SPI_Communication.cpp...
compiling rtc.c...
compiling MCUToSecureComm.cpp...
compiling spi.c...
compiling i2c.c...
compiling Rf_Oper_hb.cpp...
compiling sim_spi.c...
compiling gpio.c...
compiling charge.c...
compiling sim_spi1.c...
compiling mcu_led.c...
compiling buzzer_led.c...
compiling power_led.c...
compiling sm.c...
compiling EN25Q256.c...
compiling adc_dac.c...
compiling lowpower.c...
compiling pcf8563.c...
compiling time2.c...
compiling stm32f2xx_it.c...
compiling key_exit.c...
compiling Retarget.c...
compiling mralloc.c...
compiling mraes.c...
compiling mrarth0.c...
compiling main.c...
compiling mrarth3.c...
compiling mrarth1.c...
compiling mrarth2.c...
compiling mrbits.c...
compiling mrcrt.c...
compiling mrbrick.c...
compiling mrcore.c...
compiling mrebrick.c...
compiling mrcurve.c...
compiling mrec2m.c...
compiling mrgcd.c...
compiling mrecn2.c...
compiling mrfast.c...
compiling mrgcm.c...
compiling mrio2.c...
compiling mrio1.c...
compiling mrjack.c...
compiling mrgf2m.c...
compiling mrmonty.c...
compiling mrpower.c...
compiling mrlucas.c...
compiling mrscrt.c...
compiling mrprime.c...
compiling mrrand.c...
compiling mrshs.c...
compiling mrshs256.c...
compiling mrsmall.c...
compiling mrsroot.c...
compiling mrstrong.c...
compiling mrshs512.c...
compiling mrxgcd.c...
compiling mrzzn2b.c...
compiling mrzzn2.c...
compiling mrzzn3.c...
compiling sm3.c...
compiling sm2.c...
compiling ExtendHbFrame_Operation.cpp...
compiling ExtendLLRP.cpp...
compiling spi1.c...
compiling Sm2Certification.cpp...
compiling testReadTag.c...
compiling VersionManager.cpp...
compiling rf_manager.cpp...
compiling rx485_rev.c...
compiling rx485_send.c...
compiling rx485_uart.c...
compiling communication.c...
compiling ADC.c...
compiling cancell_spi.c...
compiling cancellation.c...
compiling DAC1080S.c...
compiling utility.c...
compiling LMX2541.c...
compiling air_interface.c...
compiling timer3.c...
compiling EPC.c...
compiling read_manage.cpp...
compiling timer.c...
compiling DAC.c...
compiling rf_oper.c...
compiling radar_model.c...
linking...
Program Size: Code=291396 RO-data=36364 RW-data=676 ZI-data=119652  
After Build - User command #1: fromelf.exe --bin -o "G:\停车场程序\0.1现在使用版本\parking lot host\Project\Objects\host20181120V13.bin" "G:\停车场程序\0.1现在使用版本\parking lot host\Project\Objects\host20181120V13.axf"
".\Objects\host20181120V13.axf" - 0 Error(s), 0 Warning(s).

<h2>Software Packages used:</h2>

Package Vendor: Keil
                http://www.keil.com/pack/Keil.STM32F2xx_DFP.2.8.0.pack
                Keil.STM32F2xx_DFP.2.8.0
                STMicroelectronics STM32F2 Series Device Support, Drivers and Examples

<h2>Collection of Component include folders:</h2>
  .\RTE\_stm32
  C:\Keil_v5\ARM\PACK\Keil\STM32F2xx_DFP\2.8.0\Drivers\CMSIS\Device\ST\STM32F2xx\Include

<h2>Collection of Component Files used:</h2>
Build Time Elapsed:  00:00:37
</pre>
</body>
</html>
