Component: ARM Compiler 5.06 update 6 (build 750) Tool: armlink [4d35ed]

==============================================================================

Section Cross References

    system_stm32f2xx.o(i.SystemCoreClockUpdate) refers to system_stm32f2xx.o(.data) for SystemCoreClock
    system_stm32f2xx.o(i.SystemInit) refers to system_stm32f2xx.o(i.SetSysClock) for SetSysClock
    retarget.o(i._sys_exit) refers (Special) to use_no_semi.o(.text) for __use_no_semihosting_swi
    retarget.o(i._sys_exit) refers to noretval__2printf.o(.text) for __2printf
    retarget.o(i._ttywrch) refers (Special) to use_no_semi.o(.text) for __use_no_semihosting_swi
    retarget.o(i._ttywrch) refers to printf_usart.o(i.sendchar) for sendchar
    retarget.o(i.fclose) refers (Special) to use_no_semi.o(.text) for __use_no_semihosting_swi
    retarget.o(i.ferror) refers (Special) to use_no_semi.o(.text) for __use_no_semihosting_swi
    retarget.o(i.fflush) refers (Special) to use_no_semi.o(.text) for __use_no_semihosting_swi
    retarget.o(i.fgetc) refers (Special) to use_no_semi.o(.text) for __use_no_semihosting_swi
    retarget.o(i.fgetc) refers to printf_usart.o(i.getkey) for getkey
    retarget.o(i.fgetc) refers to printf_usart.o(i.sendchar) for sendchar
    retarget.o(i.fopen) refers (Special) to use_no_semi.o(.text) for __use_no_semihosting_swi
    retarget.o(i.fputc) refers (Special) to use_no_semi.o(.text) for __use_no_semihosting_swi
    retarget.o(i.fputc) refers to printf_usart.o(i.sendchar) for sendchar
    retarget.o(i.fseek) refers (Special) to use_no_semi.o(.text) for __use_no_semihosting_swi
    retarget.o(i.ftell) refers (Special) to use_no_semi.o(.text) for __use_no_semihosting_swi
    retarget.o(.data) refers (Special) to use_no_semi.o(.text) for __use_no_semihosting_swi
    startup_stm32f2xx.o(STACK) refers (Special) to heapauxi.o(.text) for __use_two_region_memory
    startup_stm32f2xx.o(HEAP) refers (Special) to heapauxi.o(.text) for __use_two_region_memory
    startup_stm32f2xx.o(RESET) refers (Special) to heapauxi.o(.text) for __use_two_region_memory
    startup_stm32f2xx.o(RESET) refers to startup_stm32f2xx.o(STACK) for __initial_sp
    startup_stm32f2xx.o(RESET) refers to startup_stm32f2xx.o(.text) for Reset_Handler
    startup_stm32f2xx.o(RESET) refers to stm32f2xx_it.o(i.NMI_Handler) for NMI_Handler
    startup_stm32f2xx.o(RESET) refers to stm32f2xx_it.o(i.HardFault_Handler) for HardFault_Handler
    startup_stm32f2xx.o(RESET) refers to stm32f2xx_it.o(i.MemManage_Handler) for MemManage_Handler
    startup_stm32f2xx.o(RESET) refers to stm32f2xx_it.o(i.BusFault_Handler) for BusFault_Handler
    startup_stm32f2xx.o(RESET) refers to stm32f2xx_it.o(i.UsageFault_Handler) for UsageFault_Handler
    startup_stm32f2xx.o(RESET) refers to stm32f2xx_it.o(i.SVC_Handler) for SVC_Handler
    startup_stm32f2xx.o(RESET) refers to stm32f2xx_it.o(i.DebugMon_Handler) for DebugMon_Handler
    startup_stm32f2xx.o(RESET) refers to stm32f2xx_it.o(i.PendSV_Handler) for PendSV_Handler
    startup_stm32f2xx.o(RESET) refers to systick.o(i.SysTick_Handler) for SysTick_Handler
    startup_stm32f2xx.o(RESET) refers to time2.o(i.TIM2_IRQHandler) for TIM2_IRQHandler
    startup_stm32f2xx.o(RESET) refers to printf_usart.o(i.USART1_IRQHandler) for USART1_IRQHandler
    startup_stm32f2xx.o(RESET) refers to rx485_uart.o(i.USART3_IRQHandler) for USART3_IRQHandler
    startup_stm32f2xx.o(.text) refers (Special) to heapauxi.o(.text) for __use_two_region_memory
    startup_stm32f2xx.o(.text) refers to system_stm32f2xx.o(i.SystemInit) for SystemInit
    startup_stm32f2xx.o(.text) refers to __main.o(!!!main) for __main
    startup_stm32f2xx.o(.text) refers to startup_stm32f2xx.o(HEAP) for Heap_Mem
    startup_stm32f2xx.o(.text) refers to startup_stm32f2xx.o(STACK) for Stack_Mem
    systick.o(i.Delay_ms) refers to systick.o(.data) for nTime
    systick.o(i.SysTick_Handler) refers to timer.o(i.TimingDelay_Decrement) for TimingDelay_Decrement
    systick.o(i.SysTick_Handler) refers to systick.o(.data) for tenms
    systick.o(i.configMsTick) refers to system_stm32f2xx.o(.data) for SystemCoreClock
    printf_usart.o(i.Printf_USART_Configuration) refers to stm32f2xx_rcc.o(i.RCC_AHB1PeriphClockCmd) for RCC_AHB1PeriphClockCmd
    printf_usart.o(i.Printf_USART_Configuration) refers to stm32f2xx_rcc.o(i.RCC_APB2PeriphClockCmd) for RCC_APB2PeriphClockCmd
    printf_usart.o(i.Printf_USART_Configuration) refers to stm32f2xx_gpio.o(i.GPIO_PinAFConfig) for GPIO_PinAFConfig
    printf_usart.o(i.Printf_USART_Configuration) refers to stm32f2xx_gpio.o(i.GPIO_Init) for GPIO_Init
    printf_usart.o(i.Printf_USART_Configuration) refers to stm32f2xx_usart.o(i.USART_Init) for USART_Init
    printf_usart.o(i.Printf_USART_Configuration) refers to stm32f2xx_usart.o(i.USART_ITConfig) for USART_ITConfig
    printf_usart.o(i.Printf_USART_Configuration) refers to stm32f2xx_usart.o(i.USART_Cmd) for USART_Cmd
[...]
    _printf_percent                          0x080001f9   Thumb Code     0  _printf_percent.o(.ARM.Collect$$_printf_percent$$00000000)
    _printf_d                                0x08000203   Thumb Code     0  _printf_d.o(.ARM.Collect$$_printf_percent$$00000009)
    _printf_lld                              0x08000209   Thumb Code     0  _printf_lld.o(.ARM.Collect$$_printf_percent$$0000000E)
    _printf_c                                0x0800020f   Thumb Code     0  _printf_c.o(.ARM.Collect$$_printf_percent$$00000013)
    _printf_s                                0x08000215   Thumb Code     0  _printf_s.o(.ARM.Collect$$_printf_percent$$00000014)
    _printf_percent_end                      0x0800021b   Thumb Code     0  _printf_percent_end.o(.ARM.Collect$$_printf_percent$$00000017)
    __rt_lib_init                            0x0800021f   Thumb Code     0  libinit.o(.ARM.Collect$$libinit$$00000000)
    __rt_lib_init_alloca_1                   0x08000221   Thumb Code     0  libinit2.o(.ARM.Collect$$libinit$$0000002E)
    __rt_lib_init_argv_1                     0x08000221   Thumb Code     0  libinit2.o(.ARM.Collect$$libinit$$0000002C)
    __rt_lib_init_atexit_1                   0x08000221   Thumb Code     0  libinit2.o(.ARM.Collect$$libinit$$0000001B)
    __rt_lib_init_clock_1                    0x08000221   Thumb Code     0  libinit2.o(.ARM.Collect$$libinit$$00000021)
    __rt_lib_init_cpp_1                      0x08000221   Thumb Code     0  libinit2.o(.ARM.Collect$$libinit$$00000032)
    __rt_lib_init_exceptions_1               0x08000221   Thumb Code     0  libinit2.o(.ARM.Collect$$libinit$$00000030)
    __rt_lib_init_fp_1                       0x08000221   Thumb Code     0  libinit2.o(.ARM.Collect$$libinit$$00000002)
    __rt_lib_init_fp_trap_1                  0x08000221   Thumb Code     0  libinit2.o(.ARM.Collect$$libinit$$0000001F)
    __rt_lib_init_getenv_1                   0x08000221   Thumb Code     0  libinit2.o(.ARM.Collect$$libinit$$00000023)
    __rt_lib_init_heap_1                     0x08000221   Thumb Code     0  libinit2.o(.ARM.Collect$$libinit$$0000000A)
    __rt_lib_init_lc_collate_1               0x08000221   Thumb Code     0  libinit2.o(.ARM.Collect$$libinit$$00000011)
    __rt_lib_init_lc_ctype_1                 0x08000221   Thumb Code     0  libinit2.o(.ARM.Collect$$libinit$$00000013)
    __rt_lib_init_lc_monetary_1              0x08000221   Thumb Code     0  libinit2.o(.ARM.Collect$$libinit$$00000015)
    __rt_lib_init_lc_numeric_1               0x08000221   Thumb Code     0  libinit2.o(.ARM.Collect$$libinit$$00000017)
    __rt_lib_init_lc_time_1                  0x08000221   Thumb Code     0  libinit2.o(.ARM.Collect$$libinit$$00000019)
    __rt_lib_init_preinit_1                  0x08000221   Thumb Code     0  libinit2.o(.ARM.Collect$$libinit$$00000004)
    __rt_lib_init_rand_1                     0x08000221   Thumb Code     0  libinit2.o(.ARM.Collect$$libinit$$0000000E)
    __rt_lib_init_return                     0x08000221   Thumb Code     0  libinit2.o(.ARM.Collect$$libinit$$00000033)
    __rt_lib_init_signal_1                   0x08000221   Thumb Code     0  libinit2.o(.ARM.Collect$$libinit$$0000001D)
    __rt_lib_init_stdio_1                    0x08000221   Thumb Code     0  libinit2.o(.ARM.Collect$$libinit$$00000025)
    __rt_lib_init_user_alloc_1               0x08000221   Thumb Code     0  libinit2.o(.ARM.Collect$$libinit$$0000000C)
    __rt_lib_shutdown                        0x08000223   Thumb Code     0  libshutdown.o(.ARM.Collect$$libshutdown$$00000000)
    __rt_lib_shutdown_cpp_1                  0x08000225   Thumb Code     0  libshutdown2.o(.ARM.Collect$$libshutdown$$00000002)
    __rt_lib_shutdown_fp_trap_1              0x08000225   Thumb Code     0  libshutdown2.o(.ARM.Collect$$libshutdown$$00000007)
    __rt_lib_shutdown_heap_1                 0x08000225   Thumb Code     0  libshutdown2.o(.ARM.Collect$$libshutdown$$0000000F)
    __rt_lib_shutdown_return                 0x08000225   Thumb Code     0  libshutdown2.o(.ARM.Collect$$libshutdown$$00000010)
    __rt_lib_shutdown_signal_1               0x08000225   Thumb Code     0  libshutdown2.o(.ARM.Collect$$libshutdown$$0000000A)
    __rt_lib_shutdown_stdio_1                0x08000225   Thumb Code     0  libshutdown2.o(.ARM.Collect$$libshutdown$$00000004)
    __rt_lib_shutdown_user_alloc_1           0x08000225   Thumb Code     0  libshutdown2.o(.ARM.Collect$$libshutdown$$0000000C)
    __rt_entry                               0x08000227   Thumb Code     0  __rtentry.o(.ARM.Collect$$rtentry$$00000000)
    __rt_entry_presh_1                       0x08000227   Thumb Code     0  __rtentry2.o(.ARM.Collect$$rtentry$$00000002)
    __rt_entry_sh                            0x08000227   Thumb Code     0  __rtentry4.o(.ARM.Collect$$rtentry$$00000004)
    __rt_entry_li                            0x0800022d   Thumb Code     0  __rtentry2.o(.ARM.Collect$$rtentry$$0000000A)
    __rt_entry_postsh_1                      0x0800022d   Thumb Code     0  __rtentry2.o(.ARM.Collect$$rtentry$$00000009)
    __rt_entry_main                          0x08000231   Thumb Code     0  __rtentry2.o(.ARM.Collect$$rtentry$$0000000D)
    __rt_entry_postli_1                      0x08000231   Thumb Code     0  __rtentry2.o(.ARM.Collect$$rtentry$$0000000C)
    __rt_exit                                0x08000239   Thumb Code     0  rtexit.o(.ARM.Collect$$rtexit$$00000000)
    __rt_exit_ls                             0x0800023b   Thumb Code     0  rtexit2.o(.ARM.Collect$$rtexit$$00000003)
    __rt_exit_prels_1                        0x0800023b   Thumb Code     0  rtexit2.o(.ARM.Collect$$rtexit$$00000002)
    __rt_exit_exit                           0x0800023f   Thumb Code     0  rtexit2.o(.ARM.Collect$$rtexit$$00000004)
    Reset_Handler                            0x08000245   Thumb Code     8  startup_stm32f2xx.o(.text)
    ADC_IRQHandler                           0x0800025f   Thumb Code     0  startup_stm32f2xx.o(.text)
    CAN1_RX0_IRQHandler                      0x0800025f   Thumb Code     0  startup_stm32f2xx.o(.text)
    CAN1_RX1_IRQHandler                      0x0800025f   Thumb Code     0  startup_stm32f2xx.o(.text)
    CAN1_SCE_IRQHandler                      0x0800025f   Thumb Code     0  startup_stm32f2xx.o(.text)
    CAN1_TX_IRQHandler                       0x0800025f   Thumb Code     0  startup_stm32f2xx.o(.text)
    CAN2_RX0_IRQHandler                      0x0800025f   Thumb Code     0  startup_stm32f2xx.o(.text)
    CAN2_RX1_IRQHandler                      0x0800025f   Thumb Code     0  startup_stm32f2xx.o(.text)
    CAN2_SCE_IRQHandler                      0x0800025f   Thumb Code     0  startup_stm32f2xx.o(.text)
    CAN2_TX_IRQHandler                       0x0800025f   Thumb Code     0  startup_stm32f2xx.o(.text)
    CRYP_IRQHandler                          0x0800025f   Thumb Code     0  startup_stm32f2xx.o(.text)
    DCMI_IRQHandler                          0x0800025f   Thumb Code     0  startup_stm32f2xx.o(.text)
    DMA1_Stream0_IRQHandler                  0x0800025f   Thumb Code     0  startup_stm32f2xx.o(.text)
    DMA1_Stream1_IRQHandler                  0x0800025f   Thumb Code     0  startup_stm32f2xx.o(.text)
    DMA1_Stream2_IRQHandler                  0x0800025f   Thumb Code     0  startup_stm32f2xx.o(.text)
    DMA1_Stream3_IRQHandler                  0x0800025f   Thumb Code     0  startup_stm32f2xx.o(.text)
    DMA1_Stream4_IRQHandler                  0x0800025f   Thumb Code     0  startup_stm32f2xx.o(.text)
    DMA1_Stream5_IRQHandler                  0x0800025f   Thumb Code     0  startup_stm32f2xx.o(.text)
    DMA1_Stream6_IRQHandler                  0x0800025f   Thumb Code     0  startup_stm32f2xx.o(.text)
    DMA1_Stream7_IRQHandler                  0x0800025f   Thumb Code     0  startup_stm32f2xx.o(.text)
    DMA2_Stream0_IRQHandler                  0x0800025f   Thumb Code     0  startup_stm32f2xx.o(.text)
    DMA2_Stream1_IRQHandler                  0x0800025f   Thumb Code     0  startup_stm32f2xx.o(.text)
    DMA2_Stream2_IRQHandler                  0x0800025f   Thumb Code     0  startup_stm32f2xx.o(.text)
    DMA2_Stream3_IRQHandler                  0x0800025f   Thumb Code     0  startup_stm32f2xx.o(.text)
    DMA2_Stream4_IRQHandler                  0x0800025f   Thumb Code     0  startup_stm32f2xx.o(.text)
    DMA2_Stream5_IRQHandler                  0x0800025f   Thumb Code     0  startup_stm32f2xx.o(.text)
    DMA2_Stream6_IRQHandler                  0x0800025f   Thumb Code     0  startup_stm32f2xx.o(.text)
    DMA2_Stream7_IRQHandler                  0x0800025f   Thumb Code     0  startup_stm32f2xx.o(.text)
    ETH_IRQHandler                           0x0800025f   Thumb Code     0  startup_stm32f2xx.o(.text)
    ETH_WKUP_IRQHandler                      0x0800025f   Thumb Code     0  startup_stm32f2xx.o(.text)
    EXTI0_IRQHandler                         0x0800025f   Thumb Code     0  startup_stm32f2xx.o(.text)
    EXTI15_10_IRQHandler                     0x0800025f   Thumb Code     0  startup_stm32f2xx.o(.text)
    EXTI1_IRQHandler                         0x0800025f   Thumb Code     0  startup_stm32f2xx.o(.text)
    EXTI2_IRQHandler                         0x0800025f   Thumb Code     0  startup_stm32f2xx.o(.text)
    EXTI3_IRQHandler                         0x0800025f   Thumb Code     0  startup_stm32f2xx.o(.text)
    EXTI4_IRQHandler                         0x0800025f   Thumb Code     0  startup_stm32f2xx.o(.text)
    EXTI9_5_IRQHandler                       0x0800025f   Thumb Code     0  startup_stm32f2xx.o(.text)
    FLASH_IRQHandler                         0x0800025f   Thumb Code     0  startup_stm32f2xx.o(.text)
    FSMC_IRQHandler                          0x0800025f   Thumb Code     0  startup_stm32f2xx.o(.text)
    HASH_RNG_IRQHandler                      0x0800025f   Thumb Code     0  startup_stm32f2xx.o(.text)
    I2C1_ER_IRQHandler                       0x0800025f   Thumb Code     0  startup_stm32f2xx.o(.text)
    I2C1_EV_IRQHandler                       0x0800025f   Thumb Code     0  startup_stm32f2xx.o(.text)
    I2C2_ER_IRQHandler                       0x0800025f   Thumb Code     0  startup_stm32f2xx.o(.text)
    I2C2_EV_IRQHandler                       0x0800025f   Thumb Code     0  startup_stm32f2xx.o(.text)
    I2C3_ER_IRQHandler                       0x0800025f   Thumb Code     0  startup_stm32f2xx.o(.text)
    I2C3_EV_IRQHandler                       0x0800025f   Thumb Code     0  startup_stm32f2xx.o(.text)
    OTG_FS_IRQHandler                        0x0800025f   Thumb Code     0  startup_stm32f2xx.o(.text)
    OTG_FS_WKUP_IRQHandler                   0x0800025f   Thumb Code     0  startup_stm32f2xx.o(.text)
    OTG_HS_EP1_IN_IRQHandler                 0x0800025f   Thumb Code     0  startup_stm32f2xx.o(.text)
    OTG_HS_EP1_OUT_IRQHandler                0x0800025f   Thumb Code     0  startup_stm32f2xx.o(.text)
    OTG_HS_IRQHandler                        0x0800025f   Thumb Code     0  startup_stm32f2xx.o(.text)
    OTG_HS_WKUP_IRQHandler                   0x0800025f   Thumb Code     0  startup_stm32f2xx.o(.text)
    PVD_IRQHandler                           0x0800025f   Thumb Code     0  startup_stm32f2xx.o(.text)
    RCC_IRQHandler                           0x0800025f   Thumb Code     0  startup_stm32f2xx.o(.text)
    RTC_Alarm_IRQHandler                     0x0800025f   Thumb Code     0  startup_stm32f2xx.o(.text)
    RTC_WKUP_IRQHandler                      0x0800025f   Thumb Code     0  startup_stm32f2xx.o(.text)
    SDIO_IRQHandler                          0x0800025f   Thumb Code     0  startup_stm32f2xx.o(.text)
    SPI1_IRQHandler                          0x0800025f   Thumb Code     0  startup_stm32f2xx.o(.text)
    SPI2_IRQHandler                          0x0800025f   Thumb Code     0  startup_stm32f2xx.o(.text)
    SPI3_IRQHandler                          0x0800025f   Thumb Code     0  startup_stm32f2xx.o(.text)
    TAMP_STAMP_IRQHandler                    0x0800025f   Thumb Code     0  startup_stm32f2xx.o(.text)
    TIM1_BRK_TIM9_IRQHandler                 0x0800025f   Thumb Code     0  startup_stm32f2xx.o(.text)
    TIM1_CC_IRQHandler                       0x0800025f   Thumb Code     0  startup_stm32f2xx.o(.text)
    TIM1_TRG_COM_TIM11_IRQHandler            0x0800025f   Thumb Code     0  startup_stm32f2xx.o(.text)
    TIM1_UP_TIM10_IRQHandler                 0x0800025f   Thumb Code     0  startup_stm32f2xx.o(.text)
    TIM3_IRQHandler                          0x0800025f   Thumb Code     0  startup_stm32f2xx.o(.text)
    TIM4_IRQHandler                          0x0800025f   Thumb Code     0  startup_stm32f2xx.o(.text)
    TIM5_IRQHandler                          0x0800025f   Thumb Code     0  startup_stm32f2xx.o(.text)
    TIM6_DAC_IRQHandler                      0x0800025f   Thumb Code     0  startup_stm32f2xx.o(.text)
    TIM7_IRQHandler                          0x0800025f   Thumb Code     0  startup_stm32f2xx.o(.text)
    TIM8_BRK_TIM12_IRQHandler                0x0800025f   Thumb Code     0  startup_stm32f2xx.o(.text)
    TIM8_CC_IRQHandler                       0x0800025f   Thumb Code     0  startup_stm32f2xx.o(.text)
    TIM8_TRG_COM_TIM14_IRQHandler            0x0800025f   Thumb Code     0  startup_stm32f2xx.o(.text)
    TIM8_UP_TIM13_IRQHandler                 0x0800025f   Thumb Code     0  startup_stm32f2xx.o(.text)
    UART4_IRQHandler                         0x0800025f   Thumb Code     0  startup_stm32f2xx.o(.text)
    UART5_IRQHandler                         0x0800025f   Thumb Code     0  startup_stm32f2xx.o(.text)
    USART2_IRQHandler                        0x0800025f   Thumb Code     0  startup_stm32f2xx.o(.text)
    USART6_IRQHandler                        0x0800025f   Thumb Code     0  startup_stm32f2xx.o(.text)
    WWDG_IRQHandler                          0x0800025f   Thumb Code     0  startup_stm32f2xx.o(.text)
    __user_initial_stackheap                 0x08000261   Thumb Code     0  startup_stm32f2xx.o(.text)
    __I$use$semihosting                      0x08000285   Thumb Code     0  use_no_semi.o(.text)
    __use_no_semihosting_swi                 0x08000285   Thumb Code     2  use_no_semi.o(.text)
    __aeabi_uldivmod                         0x08000287   Thumb Code     0  lludivv7m.o(.text)
    _ll_udiv                                 0x08000287   Thumb Code   238  lludivv7m.o(.text)
    __aeabi_llsr                             0x08000375   Thumb Code     0  llushr.o(.text)
    _ll_ushift_r                             0x08000375   Thumb Code    38  llushr.o(.text)
    __2printf                                0x0800039d   Thumb Code    20  noretval__2printf.o(.text)
    _printf_str                              0x080003b5   Thumb Code    82  _printf_str.o(.text)
    _printf_int_dec                          0x08000409   Thumb Code   104  _printf_dec.o(.text)
    _printf_longlong_dec                     0x08000481   Thumb Code   108  _printf_longlong_dec.o(.text)
    __printf                                 0x080004fd   Thumb Code   184  __printf_ss.o(.text)
    __aeabi_memcpy                           0x080005b5   Thumb Code     0  rt_memcpy_v6.o(.text)
    __rt_memcpy                              0x080005b5   Thumb Code   138  rt_memcpy_v6.o(.text)
    _memcpy_lastbytes                        0x0800061b   Thumb Code     0  rt_memcpy_v6.o(.text)
    __aeabi_memcpy4                          0x0800063f   Thumb Code     0  rt_memcpy_w.o(.text)
    __aeabi_memcpy8                          0x0800063f   Thumb Code     0  rt_memcpy_w.o(.text)
    __rt_memcpy_w                            0x0800063f   Thumb Code   100  rt_memcpy_w.o(.text)
    _memcpy_lastbytes_aligned                0x08000687   Thumb Code     0  rt_memcpy_w.o(.text)
    __aeabi_memclr                           0x080006a3   Thumb Code     0  rt_memclr.o(.text)
    __rt_memclr                              0x080006a3   Thumb Code    68  rt_memclr.o(.text)
    _memset                                  0x080006a7   Thumb Code     0  rt_memclr.o(.text)
    __aeabi_memclr4                          0x080006e7   Thumb Code     0  rt_memclr_w.o(.text)
    __aeabi_memclr8                          0x080006e7   Thumb Code     0  rt_memclr_w.o(.text)
    __rt_memclr_w                            0x080006e7   Thumb Code    78  rt_memclr_w.o(.text)
    _memset_w                                0x080006eb   Thumb Code     0  rt_memclr_w.o(.text)
    __use_two_region_memory                  0x08000735   Thumb Code     2  heapauxi.o(.text)
    __rt_heap_escrow$2region                 0x08000737   Thumb Code     2  heapauxi.o(.text)
    __rt_heap_expand$2region                 0x08000739   Thumb Code     2  heapauxi.o(.text)
    _ll_udiv10                               0x0800073b   Thumb Code   138  lludiv10.o(.text)
    __read_errno                             0x080007c5   Thumb Code    10  _rserrno.o(.text)
    __set_errno                              0x080007cf   Thumb Code    12  _rserrno.o(.text)
    _printf_int_common                       0x080007db   Thumb Code   178  _printf_intcommon.o(.text)
    _printf_cs_common                        0x0800088d   Thumb Code    20  _printf_char.o(.text)
    _printf_char                             0x080008a1   Thumb Code    16  _printf_char.o(.text)
    _printf_string                           0x080008b1   Thumb Code     8  _printf_char.o(.text)
    _printf_char_file                        0x080008b9   Thumb Code    32  _printf_char_file.o(.text)
    __aeabi_errno_addr                       0x080008dd   Thumb Code     8  rt_errno_addr_intlibspace.o(.text)
    __errno$intlibspace                      0x080008dd   Thumb Code     0  rt_errno_addr_intlibspace.o(.text)
    __rt_errno_addr$intlibspace              0x080008dd   Thumb Code     0  rt_errno_addr_intlibspace.o(.text)
    _printf_char_common                      0x080008ef   Thumb Code    32  _printf_char_common.o(.text)
    __user_libspace                          0x08000915   Thumb Code     8  libspace.o(.text)
    __user_perproc_libspace                  0x08000915   Thumb Code     0  libspace.o(.text)
    __user_perthread_libspace                0x08000915   Thumb Code     0  libspace.o(.text)
    __user_setup_stackheap                   0x0800091d   Thumb Code    74  sys_stackheap_outer.o(.text)
    exit                                     0x08000967   Thumb Code    18  exit.o(.text)
    ADC_ClearFlag                            0x08000979   Thumb Code     6  stm32f2xx_adc.o(i.ADC_ClearFlag)
    ADC_Cmd                                  0x0800097f   Thumb Code    22  stm32f2xx_adc.o(i.ADC_Cmd)
    ADC_CommonInit                           0x08000995   Thumb Code    34  stm32f2xx_adc.o(i.ADC_CommonInit)
    ADC_GetConversionValue                   0x080009c5   Thumb Code     8  stm32f2xx_adc.o(i.ADC_GetConversionValue)
    ADC_GetFlagStatus                        0x080009cd   Thumb Code    18  stm32f2xx_adc.o(i.ADC_GetFlagStatus)
    ADC_Init                                 0x080009e1   Thumb Code    74  stm32f2xx_adc.o(i.ADC_Init)
    ADC_RegularChannelConfig                 0x08000a35   Thumb Code   184  stm32f2xx_adc.o(i.ADC_RegularChannelConfig)
    ADC_SoftwareStartConv                    0x08000aed   Thumb Code    10  stm32f2xx_adc.o(i.ADC_SoftwareStartConv)
    Board_DAC_Init                           0x08000af9   Thumb Code    72  dac.o(i.Board_DAC_Init)
    BusFault_Handler                         0x08000b45   Thumb Code     4  stm32f2xx_it.o(i.BusFault_Handler)
    Calculate_CRC16_Bits                     0x08000b49   Thumb Code   184  utility.o(i.Calculate_CRC16_Bits)
    Cancellation                             0x08000c05   Thumb Code   866  cancellation.o(i.Cancellation)
    Cancellation_ADC_Init                    0x08001015   Thumb Code   178  adc.o(i.Cancellation_ADC_Init)
    Cancellation_Init                        0x080010d5   Thumb Code    18  cancellation.o(i.Cancellation_Init)
    ClearSendBuf                             0x080010e7   Thumb Code    16  epc.o(i.ClearSendBuf)
    Crc16l_1                                 0x080010f9   Thumb Code   102  utility.o(i.Crc16l_1)
    Crc5Bit                                  0x08001165   Thumb Code   170  utility.o(i.Crc5Bit)
    Crc5_8Bits                               0x08001215   Thumb Code    82  utility.o(i.Crc5_8Bits)
    DAC1080S_Write                           0x0800126d   Thumb Code    38  dac1080s.o(i.DAC1080S_Write)
    DAC_Cmd                                  0x08001295   Thumb Code    34  stm32f2xx_dac.o(i.DAC_Cmd)
    DAC_Init                                 0x080012bd   Thumb Code    46  stm32f2xx_dac.o(i.DAC_Init)
    DAC_SetChannel1Data                      0x080012f1   Thumb Code    26  stm32f2xx_dac.o(i.DAC_SetChannel1Data)
    DebugMon_Handler                         0x08001311   Thumb Code     2  stm32f2xx_it.o(i.DebugMon_Handler)
    Delay_ms                                 0x08001315   Thumb Code    16  systick.o(i.Delay_ms)
    Delay_us                                 0x08001329   Thumb Code    46  timer.o(i.Delay_us)
    Delay_us1                                0x08001359   Thumb Code   136  timer.o(i.Delay_us1)
    EN25Q256_Erase_Sector                    0x080013ed   Thumb Code    68  en25q256.o(i.EN25Q256_Erase_Sector)
    EN25Q256_Init                            0x08001435   Thumb Code    54  en25q256.o(i.EN25Q256_Init)
    EN25Q256_Read                            0x080014a9   Thumb Code    82  en25q256.o(i.EN25Q256_Read)
    EN25Q256_ReadID                          0x08001501   Thumb Code    70  en25q256.o(i.EN25Q256_ReadID)
    EN25Q256_ReadSR                          0x0800154d   Thumb Code    42  en25q256.o(i.EN25Q256_ReadSR)
    EN25Q256_Wait_Busy                       0x0800157d   Thumb Code    18  en25q256.o(i.EN25Q256_Wait_Busy)
    EN25Q256_Write                           0x08001591   Thumb Code   180  en25q256.o(i.EN25Q256_Write)
    EN25Q256_Write_Enable                    0x08001649   Thumb Code    30  en25q256.o(i.EN25Q256_Write_Enable)
    EN25Q256_Write_NoCheck                   0x0800166d   Thumb Code    70  en25q256.o(i.EN25Q256_Write_NoCheck)
    EN25Q256_Write_Page                      0x080016b5   Thumb Code    88  en25q256.o(i.EN25Q256_Write_Page)
    EPC_IO_Configure                         0x08001711   Thumb Code   152  epc.o(i.EPC_IO_Configure)
    EPC_SendCommand                          0x080017b5   Thumb Code   176  epc.o(i.EPC_SendCommand)
    GPIO_Init                                0x08001875   Thumb Code   144  stm32f2xx_gpio.o(i.GPIO_Init)
    GPIO_PinAFConfig                         0x08001905   Thumb Code    70  stm32f2xx_gpio.o(i.GPIO_PinAFConfig)
    GPIO_ReadInputDataBit                    0x0800194b   Thumb Code    18  stm32f2xx_gpio.o(i.GPIO_ReadInputDataBit)
    GPIO_ResetBits                           0x0800195d   Thumb Code     4  stm32f2xx_gpio.o(i.GPIO_ResetBits)
    GPIO_SetBits                             0x08001961   Thumb Code     4  stm32f2xx_gpio.o(i.GPIO_SetBits)
    Get485addr                               0x08001965   Thumb Code    66  flashmanage.o(i.Get485addr)
    GetDerviceVersion                        0x080019dd   Thumb Code    50  flashmanage.o(i.GetDerviceVersion)
    Get_ADC_Value                            0x08001a51   Thumb Code   228  adc.o(i.Get_ADC_Value)
    Getcancellparam                          0x08001b35   Thumb Code   316  flashmanage.o(i.Getcancellparam)
    Getrfparam                               0x08001c99   Thumb Code   118  flashmanage.o(i.Getrfparam)
    HardFault_Handler                        0x08001d65   Thumb Code     4  stm32f2xx_it.o(i.HardFault_Handler)
    LMX2541_SetFrequency                     0x08001d69   Thumb Code   112  lmx2541.o(i.LMX2541_SetFrequency)
    LMX2541_Write                            0x08001e05   Thumb Code   110  lmx2541.o(i.LMX2541_Write)
    MCU_MessageDeal                          0x08001e79   Thumb Code   482  rx485_rev.o(i.MCU_MessageDeal)
    MCU_To_MCU                               0x080021bd   Thumb Code   566  rx485_send.o(i.MCU_To_MCU)
    MOS_SW_GPIO_Init                         0x08002421   Thumb Code    68  cancellation.o(i.MOS_SW_GPIO_Init)
    MemManage_Handler                        0x08002469   Thumb Code     4  stm32f2xx_it.o(i.MemManage_Handler)
    MessageDeal                              0x0800246d   Thumb Code    80  rx485_rev.o(i.MessageDeal)
    NMI_Handler                              0x080024cd   Thumb Code     2  stm32f2xx_it.o(i.NMI_Handler)
    NVIC_Init                                0x080024d1   Thumb Code   106  misc.o(i.NVIC_Init)
    NVIC_PriorityGroupConfig                 0x08002549   Thumb Code    10  misc.o(i.NVIC_PriorityGroupConfig)
    PLL_IO_Configure                         0x0800255d   Thumb Code   144  lmx2541.o(i.PLL_IO_Configure)
    PendSV_Handler                           0x080025f1   Thumb Code     2  stm32f2xx_it.o(i.PendSV_Handler)
    Printf_USART_Configuration               0x080025f5   Thumb Code   190  printf_usart.o(i.Printf_USART_Configuration)
    Printf_USART_NVIC_Config                 0x080026bd   Thumb Code    34  printf_usart.o(i.Printf_USART_NVIC_Config)
    RCC_AHB1PeriphClockCmd                   0x080026e1   Thumb Code    26  stm32f2xx_rcc.o(i.RCC_AHB1PeriphClockCmd)
    RCC_APB1PeriphClockCmd                   0x08002701   Thumb Code    26  stm32f2xx_rcc.o(i.RCC_APB1PeriphClockCmd)
    RCC_APB1PeriphResetCmd                   0x08002721   Thumb Code    26  stm32f2xx_rcc.o(i.RCC_APB1PeriphResetCmd)
    RCC_APB2PeriphClockCmd                   0x08002741   Thumb Code    26  stm32f2xx_rcc.o(i.RCC_APB2PeriphClockCmd)
    RCC_APB2PeriphResetCmd                   0x08002761   Thumb Code    26  stm32f2xx_rcc.o(i.RCC_APB2PeriphResetCmd)
    RCC_GetClocksFreq                        0x08002781   Thumb Code   214  stm32f2xx_rcc.o(i.RCC_GetClocksFreq)
    READ_LED_Init                            0x08002869   Thumb Code    50  read_led.o(i.READ_LED_Init)
    RFPowerOFF                               0x080028a1   Thumb Code    20  rf_oper.o(i.RFPowerOFF)
    RFPowerON                                0x080028b9   Thumb Code    30  rf_oper.o(i.RFPowerON)
    RFPower_GPIO_Init                        0x080028dd   Thumb Code    56  rf_oper.o(i.RFPower_GPIO_Init)
    RF_To_SM                                 0x08002919   Thumb Code   454  communication.o(i.RF_To_SM)
    RS485_IO_Init                            0x08002afd   Thumb Code   112  rx485_uart.o(i.RS485_IO_Init)
    RX485_USART_Configuration                0x08002b75   Thumb Code   192  rx485_uart.o(i.RX485_USART_Configuration)
    RX485_USART_NVIC_Config                  0x08002c41   Thumb Code    32  rx485_uart.o(i.RX485_USART_NVIC_Config)
    RX485_recvCommData                       0x08002c61   Thumb Code    80  rx485_rev.o(i.RX485_recvCommData)
    ReadTag                                  0x08002cc1   Thumb Code    22  air_interface.o(i.ReadTag)
    Rf_GPIO_Init                             0x08002cd7   Thumb Code    24  rf_oper.o(i.Rf_GPIO_Init)
    SVC_Handler                              0x08002cef   Thumb Code     2  stm32f2xx_it.o(i.SVC_Handler)
    Send_Data                                0x08002cf1   Thumb Code   198  epc.o(i.Send_Data)
    Send_Delimiter                           0x08002dc1   Thumb Code   326  epc.o(i.Send_Delimiter)
    Set_WTM                                  0x08002fdd   Thumb Code    12  dac1080s.o(i.Set_WTM)
    Sim_SPI_Init                             0x08002fe9   Thumb Code   180  sim_spi.o(i.Sim_SPI_Init)
    Sim_SPI_ReadWriteBuf                     0x080030a1   Thumb Code    96  sim_spi.o(i.Sim_SPI_ReadWriteBuf)
    Sim_SPI_ReadWrite_Byte                   0x08003105   Thumb Code    94  sim_spi.o(i.Sim_SPI_ReadWrite_Byte)
    Sim_SPL_nop                              0x08003169   Thumb Code    32  sim_spi.o(i.Sim_SPL_nop)
    Sm_MessageDeal                           0x08003189   Thumb Code   202  communication.o(i.Sm_MessageDeal)
    Soft_SPI_Init                            0x08003261   Thumb Code   210  soft_spi.o(i.Soft_SPI_Init)
    Soft_SPI_ReadWrite_Byte                  0x0800333d   Thumb Code   110  soft_spi.o(i.Soft_SPI_ReadWrite_Byte)
    Soft_SPL_nop                             0x080033b5   Thumb Code    22  soft_spi.o(i.Soft_SPL_nop)
    StuffSendBuf                             0x080033cd   Thumb Code   132  epc.o(i.StuffSendBuf)
    SysTick_Handler                          0x08003459   Thumb Code   124  systick.o(i.SysTick_Handler)
    SystemInit                               0x080034ed   Thumb Code    74  system_stm32f2xx.o(i.SystemInit)
    TIM2_Configuration                       0x0800366b   Thumb Code   110  time2.o(i.TIM2_Configuration)
    TIM2_IRQHandler                          0x080036d9   Thumb Code    40  time2.o(i.TIM2_IRQHandler)
    TIM_ClearFlag                            0x08003711   Thumb Code     6  stm32f2xx_tim.o(i.TIM_ClearFlag)
    TIM_ClearITPendingBit                    0x08003717   Thumb Code     6  stm32f2xx_tim.o(i.TIM_ClearITPendingBit)
    TIM_Cmd                                  0x0800371d   Thumb Code    24  stm32f2xx_tim.o(i.TIM_Cmd)
    TIM_DeInit                               0x08003735   Thumb Code   346  stm32f2xx_tim.o(i.TIM_DeInit)
    TIM_GetCapture2                          0x080038c5   Thumb Code     6  stm32f2xx_tim.o(i.TIM_GetCapture2)
    TIM_GetCounter                           0x080038cb   Thumb Code     6  stm32f2xx_tim.o(i.TIM_GetCounter)
    TIM_GetFlagStatus                        0x080038d1   Thumb Code    18  stm32f2xx_tim.o(i.TIM_GetFlagStatus)
    TIM_GetITStatus                          0x080038e3   Thumb Code    34  stm32f2xx_tim.o(i.TIM_GetITStatus)
    TIM_ICInit                               0x08003905   Thumb Code   110  stm32f2xx_tim.o(i.TIM_ICInit)
    TIM_ITConfig                             0x08003973   Thumb Code    18  stm32f2xx_tim.o(i.TIM_ITConfig)
    TIM_PrescalerConfig                      0x08003985   Thumb Code     6  stm32f2xx_tim.o(i.TIM_PrescalerConfig)
    TIM_SetAutoreload                        0x0800398b   Thumb Code     4  stm32f2xx_tim.o(i.TIM_SetAutoreload)
    TIM_SetCounter                           0x0800398f   Thumb Code     4  stm32f2xx_tim.o(i.TIM_SetCounter)
    TIM_SetIC1Prescaler                      0x08003993   Thumb Code    18  stm32f2xx_tim.o(i.TIM_SetIC1Prescaler)
    TIM_SetIC2Prescaler                      0x080039a5   Thumb Code    26  stm32f2xx_tim.o(i.TIM_SetIC2Prescaler)
    TIM_SetIC3Prescaler                      0x080039bf   Thumb Code    18  stm32f2xx_tim.o(i.TIM_SetIC3Prescaler)
    TIM_SetIC4Prescaler                      0x080039d1   Thumb Code    26  stm32f2xx_tim.o(i.TIM_SetIC4Prescaler)
    TIM_TimeBaseInit                         0x080039ed   Thumb Code   104  stm32f2xx_tim.o(i.TIM_TimeBaseInit)
    Timer3_Init                              0x08003a71   Thumb Code   132  timer3.o(i.Timer3_Init)
    TimingDelay_Decrement                    0x08003afd   Thumb Code    44  timer.o(i.TimingDelay_Decrement)
    USART1_IRQHandler                        0x08003b35   Thumb Code    32  printf_usart.o(i.USART1_IRQHandler)
    USART3_IRQHandler                        0x08003b91   Thumb Code   210  rx485_uart.o(i.USART3_IRQHandler)
    USART3_SendData                          0x08003c91   Thumb Code   126  rx485_uart.o(i.USART3_SendData)
    USART_ClearFlag                          0x08003d2d   Thumb Code    18  stm32f2xx_usart.o(i.USART_ClearFlag)
    USART_Cmd                                0x08003d3f   Thumb Code    24  stm32f2xx_usart.o(i.USART_Cmd)
    USART_GetFlagStatus                      0x08003d57   Thumb Code    26  stm32f2xx_usart.o(i.USART_GetFlagStatus)
    USART_GetITStatus                        0x08003d71   Thumb Code    84  stm32f2xx_usart.o(i.USART_GetITStatus)
    USART_ITConfig                           0x08003dc5   Thumb Code    74  stm32f2xx_usart.o(i.USART_ITConfig)
    USART_Init                               0x08003e11   Thumb Code   204  stm32f2xx_usart.o(i.USART_Init)
    USART_ReceiveData                        0x08003ee5   Thumb Code    10  stm32f2xx_usart.o(i.USART_ReceiveData)
    USART_SendData                           0x08003eef   Thumb Code     8  stm32f2xx_usart.o(i.USART_SendData)
    UsageFault_Handler                       0x08003ef7   Thumb Code     4  stm32f2xx_it.o(i.UsageFault_Handler)
    XOR_Cal                                  0x08003efb   Thumb Code    26  utility.o(i.XOR_Cal)
    _6D_ACK                                  0x08003f15   Thumb Code   104  air_interface.o(i._6D_ACK)
    _6D_Disperse                             0x08003f89   Thumb Code    48  air_interface.o(i._6D_Disperse)
    _6D_Divide                               0x08003fc5   Thumb Code    64  air_interface.o(i._6D_Divide)
    _6D_EPC_ReadMulti_Protcol                0x08004011   Thumb Code   566  air_interface.o(i._6D_EPC_ReadMulti_Protcol)
    _6D_FM0Decode                            0x08004295   Thumb Code    24  air_interface.o(i._6D_FM0Decode)
    _6D_MyFM0Decode                          0x080042b5   Thumb Code   910  air_interface.o(i._6D_MyFM0Decode)
    _6D_Query                                0x080046b1   Thumb Code   176  air_interface.o(i._6D_Query)
    _6D_QueryRep                             0x08004771   Thumb Code    48  air_interface.o(i._6D_QueryRep)
    _6D_RN16_FM0Decode                       0x080047ad   Thumb Code    24  air_interface.o(i._6D_RN16_FM0Decode)
    _6D_Shrink                               0x080047cd   Thumb Code    52  air_interface.o(i._6D_Shrink)
    _6D_T1                                   0x0800480d   Thumb Code   242  air_interface.o(i._6D_T1)
    _6D_T2                                   0x0800491d   Thumb Code   242  air_interface.o(i._6D_T2)
    _6D_TOKEN1                               0x08004a2d   Thumb Code    56  air_interface.o(i._6D_TOKEN1)
    _6D_TOKEN1Decode                         0x08004a6d   Thumb Code    24  air_interface.o(i._6D_TOKEN1Decode)
    _6D_TOKEN2                               0x08004a8d   Thumb Code    56  air_interface.o(i._6D_TOKEN2)
    __ARM_fpclassify                         0x08004acd   Thumb Code    40  fpclassify.o(i.__ARM_fpclassify)
    __ieee754_rem_pio2                       0x08004af5   Thumb Code   828  rred.o(i.__ieee754_rem_pio2)
    __kernel_cos                             0x08004e7d   Thumb Code   230  cos_i.o(i.__kernel_cos)
    __kernel_poly                            0x08004f79   Thumb Code   170  poly.o(i.__kernel_poly)
    __kernel_sin                             0x08005025   Thumb Code   224  sin_i.o(i.__kernel_sin)
    __mathlib_dbl_infnan                     0x08005111   Thumb Code     6  dunder.o(i.__mathlib_dbl_infnan)
    __mathlib_dbl_invalid                    0x08005117   Thumb Code    12  dunder.o(i.__mathlib_dbl_invalid)
    __mathlib_dbl_underflow                  0x08005125   Thumb Code    10  dunder.o(i.__mathlib_dbl_underflow)
    _sys_exit                                0x08005135   Thumb Code    10  retarget.o(i._sys_exit)
    configMsTick                             0x0800514d   Thumb Code    84  systick.o(i.configMsTick)
    cos                                      0x080051ad   Thumb Code   148  cos.o(i.cos)
    deEscapeMessage                          0x08005249   Thumb Code   124  rx485_rev.o(i.deEscapeMessage)
    escapeMessage                            0x080052c5   Thumb Code   120  rx485_send.o(i.escapeMessage)
    ferror                                   0x0800533d   Thumb Code     8  retarget.o(i.ferror)
    flashmanageinit                          0x08005345   Thumb Code    40  flashmanage.o(i.flashmanageinit)
    fputc                                    0x08005371   Thumb Code    14  retarget.o(i.fputc)
    getSQUValue                              0x08005381   Thumb Code   110  cancellation.o(i.getSQUValue)
    init_StdPeriph                           0x080053f9   Thumb Code    20  main.o(i.init_StdPeriph)
    isturehasTag                             0x0800540d   Thumb Code   238  main.o(i.isturehasTag)
    main                                     0x08005555   Thumb Code   192  main.o(i.main)
    sendCommData                             0x08005671   Thumb Code    52  rx485_send.o(i.sendCommData)
    sendSerialData                           0x080056a9   Thumb Code   136  rx485_send.o(i.sendSerialData)
    sendchar                                 0x08005731   Thumb Code    38  printf_usart.o(i.sendchar)
    setDACValue                              0x0800575d   Thumb Code    66  cancellation.o(i.setDACValue)
    sin                                      0x080057a1   Thumb Code   150  sin.o(i.sin)
    __aeabi_d2f                              0x08005841   Thumb Code     0  d2f.o(x$fpl$d2f)
    _d2f                                     0x08005841   Thumb Code    98  d2f.o(x$fpl$d2f)
    __aeabi_dadd                             0x080058a5   Thumb Code     0  daddsub_clz.o(x$fpl$dadd)
    _dadd                                    0x080058a5   Thumb Code   332  daddsub_clz.o(x$fpl$dadd)
    __fpl_dcheck_NaN1                        0x080059f5   Thumb Code    10  dcheck1.o(x$fpl$dcheck1)
    __aeabi_ddiv                             0x08005a05   Thumb Code     0  ddiv.o(x$fpl$ddiv)
    _ddiv                                    0x08005a05   Thumb Code   552  ddiv.o(x$fpl$ddiv)
    __aeabi_d2iz                             0x08005cb5   Thumb Code     0  dfix.o(x$fpl$dfix)
    _dfix                                    0x08005cb5   Thumb Code    94  dfix.o(x$fpl$dfix)
    __aeabi_i2d                              0x08005d13   Thumb Code     0  dflt_clz.o(x$fpl$dflt)
    _dflt                                    0x08005d13   Thumb Code    46  dflt_clz.o(x$fpl$dflt)
    __aeabi_ui2d                             0x08005d41   Thumb Code     0  dflt_clz.o(x$fpl$dfltu)
    _dfltu                                   0x08005d41   Thumb Code    38  dflt_clz.o(x$fpl$dfltu)
    __aeabi_dmul                             0x08005d69   Thumb Code     0  dmul.o(x$fpl$dmul)
    _dmul                                    0x08005d69   Thumb Code   332  dmul.o(x$fpl$dmul)
    __fpl_dnaninf                            0x08005ebd   Thumb Code   156  dnaninf.o(x$fpl$dnaninf)
    __fpl_dretinf                            0x08005f59   Thumb Code    12  dretinf.o(x$fpl$dretinf)
    __aeabi_drsub                            0x08005f65   Thumb Code     0  daddsub_clz.o(x$fpl$drsb)
    _drsb                                    0x08005f65   Thumb Code    22  daddsub_clz.o(x$fpl$drsb)
    __aeabi_dsub                             0x08005f7d   Thumb Code     0  daddsub_clz.o(x$fpl$dsub)
    _dsub                                    0x08005f7d   Thumb Code   464  daddsub_clz.o(x$fpl$dsub)
    __aeabi_f2d                              0x08006151   Thumb Code     0  f2d.o(x$fpl$f2d)
    _f2d                                     0x08006151   Thumb Code    86  f2d.o(x$fpl$f2d)
    __aeabi_fdiv                             0x080061a9   Thumb Code     0  fdiv.o(x$fpl$fdiv)
    _fdiv                                    0x080061a9   Thumb Code   384  fdiv.o(x$fpl$fdiv)
    __aeabi_i2f                              0x0800632d   Thumb Code     0  fflt_clz.o(x$fpl$fflt)
    _fflt                                    0x0800632d   Thumb Code    48  fflt_clz.o(x$fpl$fflt)
    __fpl_fnaninf                            0x0800635d   Thumb Code   140  fnaninf.o(x$fpl$fnaninf)
    __fpl_fretinf                            0x080063e9   Thumb Code    10  fretinf.o(x$fpl$fretinf)
    __fpl_return_NaN                         0x080063f3   Thumb Code   100  retnan.o(x$fpl$retnan)
    __ARM_scalbn                             0x08006457   Thumb Code    92  scalbn.o(x$fpl$scalbn)
    __fpl_cmpreturn                          0x080064b3   Thumb Code    48  trapv.o(x$fpl$trapveneer)
    __I$use$fp                               0x080064e2   Number         0  usenofp.o(x$fpl$usenofp)
    Region$$Table$$Base                      0x0800664c   Number         0  anon$$obj.o(Region$$Table)
    Region$$Table$$Limit                     0x0800666c   Number         0  anon$$obj.o(Region$$Table)
    SystemCoreClock                          0x20000000   Data           4  system_stm32f2xx.o(.data)
    AHBPrescTable                            0x20000004   Data          16  system_stm32f2xx.o(.data)
    __stdout                                 0x20000014   Data           4  retarget.o(.data)
    __stdin                                  0x20000018   Data           4  retarget.o(.data)
    __stderr                                 0x2000001c   Data           4  retarget.o(.data)
    nTime                                    0x20000020   Data           2  systick.o(.data)
    tenms                                    0x20000022   Data           2  systick.o(.data)
    runLed_Count                             0x20000024   Data           2  systick.o(.data)
    simRun_Count                             0x20000026   Data           2  systick.o(.data)
    rfOper_OvertimerCount                    0x20000028   Data           2  systick.o(.data)
    rfOper_DelayCount                        0x2000002a   Data           2  systick.o(.data)
    ReadCard_Flg                             0x2000003c   Data           1  main.o(.data)
    ReadCard_Count                           0x20000040   Data           4  main.o(.data)
    REG_R7                                   0x20000048   Data           4  lmx2541.o(.data)
    REG_R13                                  0x2000004c   Data           4  lmx2541.o(.data)
    REG_R12                                  0x20000050   Data           4  lmx2541.o(.data)
    REG_R9                                   0x20000054   Data           4  lmx2541.o(.data)
    REG_R8                                   0x20000058   Data           4  lmx2541.o(.data)
    REG_R6                                   0x2000005c   Data           4  lmx2541.o(.data)
    REG_R5                                   0x20000060   Data           4  lmx2541.o(.data)
    REG_R4                                   0x20000064   Data           4  lmx2541.o(.data)
    REG_R3                                   0x20000068   Data           4  lmx2541.o(.data)
    REG_R2                                   0x2000006c   Data           4  lmx2541.o(.data)
    REG_R1                                   0x20000070   Data           4  lmx2541.o(.data)
    REG_R0                                   0x20000074   Data           4  lmx2541.o(.data)
    Uart_Rec_Delay                           0x20000078   Data           4  timer.o(.data)
    Timeout                                  0x2000007c   Data           1  timer.o(.data)
    TimingDelay                              0x20000080   Data           4  timer.o(.data)
    isneedCancelltion                        0x20000088   Data           1  cancellation.o(.data)
    Qp_DAValue                               0x2000008a   Data           2  cancellation.o(.data)
    Qn_DAValue                               0x2000008c   Data           2  cancellation.o(.data)
    Ip_DAValue                               0x2000008e   Data           2  cancellation.o(.data)
    In_DAValue                               0x20000090   Data           2  cancellation.o(.data)
    Squ_Value_Min                            0x20000098   Data           8  cancellation.o(.data)
    DA_Values                                0x200000a0   Data           2  cancellation.o(.data)
    EPC_RN                                   0x200000a4   Data           2  epc.o(.data)
    EPC_RN1                                  0x200000a6   Data           2  epc.o(.data)
    EPC_RN2                                  0x200000a8   Data           2  epc.o(.data)
    EPC_BitsToSend                           0x200000aa   Data           1  epc.o(.data)
    TRcal_timer                              0x200000ab   Data           1  epc.o(.data)
    EPC_CRC                                  0x200000ac   Data           2  epc.o(.data)
    EPC_ResponseRecvBits                     0x200000ae   Data           2  epc.o(.data)
    EPC_Recv_Byte_Index                      0x200000b0   Data           2  epc.o(.data)
    EPC_Recv_Bit_Index                       0x200000b2   Data           1  epc.o(.data)
    EPC_Temp_Recv_Byte                       0x200000b3   Data           1  epc.o(.data)
    EPC_Recv_Stage                           0x200000b4   Data           1  epc.o(.data)
    EPC_Recv_Bit_Indexx                      0x200000b5   Data           1  epc.o(.data)
    EPC_Temp_Recv_Bytex                      0x200000b6   Data           1  epc.o(.data)
    EPC_ResponseRecvBitsx                    0x200000b8   Data           2  epc.o(.data)
    EPC_Recv_Byte_Indexx                     0x200000ba   Data           2  epc.o(.data)
    EPC_Recv_Stagex                          0x200000bc   Data           1  epc.o(.data)
    EPC_Premablex                            0x200000be   Data           2  epc.o(.data)
    EPC_periodx                              0x200000c0   Data           4  epc.o(.data)
    EPC_Return_Link_Bits                     0x200000c4   Data           2  epc.o(.data)
    EPC_Premable                             0x200000c6   Data           2  epc.o(.data)
    EPC_period                               0x200000c8   Data           4  epc.o(.data)
    EPC_ResponseRecvComplete                 0x200000cc   Data           1  air_interface.o(.data)
    Delay_Time                               0x200000ce   Data           2  air_interface.o(.data)
    g_bFreqRound                             0x200000d0   Data           1  air_interface.o(.data)
    gbtest                                   0x200000d1   Data           1  air_interface.o(.data)
    gbtest1                                  0x200000d2   Data           1  air_interface.o(.data)
    count1                                   0x200000d4   Data           2  air_interface.o(.data)
    count2                                   0x200000d6   Data           2  air_interface.o(.data)
    count3                                   0x200000d8   Data           2  air_interface.o(.data)
    delaycount                               0x200000da   Data           2  air_interface.o(.data)
    forhead                                  0x200000dc   Data           1  air_interface.o(.data)
    crcok                                    0x200000dd   Data           1  air_interface.o(.data)
    gtest                                    0x200000de   Data           8  air_interface.o(.data)
    m_slave                                  0x200000e6   Data           6  communication.o(.data)
    RX485_ReadyForRecv                       0x200000ec   Data           1  rx485_rev.o(.data)
    RX485_recFrameLen                        0x200000f0   Data           4  rx485_rev.o(.data)
    stringlen                                0x200000f4   Data           1  rx485_rev.o(.data)
    RX485_USART_RX_STA                       0x200000f6   Data           1  rx485_uart.o(.data)
    RX485_USART_TX_IDLE                      0x200000f7   Data           1  rx485_uart.o(.data)
    RX485_RX_Posi                            0x200000f8   Data           2  rx485_uart.o(.data)
    RX485_TX_Posi                            0x200000fa   Data           2  rx485_uart.o(.data)
    RX485_TX_Len                             0x200000fc   Data           2  rx485_uart.o(.data)
    RX485_RX_Len                             0x200000fe   Data           2  rx485_uart.o(.data)
    CRC5_Buff                                0x20000100   Data           1  utility.o(.data)
    CRC16_Buff                               0x20000104   Data           4  utility.o(.data)
    EN25Q256_TYPE                            0x20000108   Data           2  en25q256.o(.data)
    flash_Dev_ok                             0x2000010a   Data           1  en25q256.o(.data)
    flash_flag                               0x2000010b   Data           4  flashmanage.o(.data)
    min_SquDAValue                           0x20000110   Data          16  cancellation.o(.bss)
    EPC_Send_Buf                             0x20000120   Data          16  epc.o(.bss)
    EPC_Response_Recv_Buf                    0x20000130   Data         512  epc.o(.bss)
    EPC_Response_Recv_Bufx                   0x20000330   Data         512  epc.o(.bss)
    EPC_ID_data_Buf                          0x20000530   Data          30  air_interface.o(.bss)
    date1                                    0x2000054e   Data        1024  air_interface.o(.bss)
    TxBuffer                                 0x2000094e   Data         200  communication.o(.bss)
    RxBuffer                                 0x20000a16   Data         200  communication.o(.bss)
    TxMessage                                0x20000ade   Data         256  rx485_send.o(.bss)
    RxMessage                                0x20000bde   Data         256  rx485_send.o(.bss)
    RX485_USART_RX_BUF                       0x20000cde   Data        1000  rx485_uart.o(.bss)
    RX485_USART_TX_BUF                       0x200010c6   Data        1000  rx485_uart.o(.bss)
    EN25Q256_BUFFER                          0x200014ae   Data        4096  en25q256.o(.bss)
    __libspace_start                         0x200024b0   Data          96  libspace.o(.bss)
    __temporary_stack_top$libspace           0x20002510   Data           0  libspace.o(.bss)



==============================================================================

Memory Map of the image

  Image Entry point : 0x08000185

  Load Region LR_IROM1 (Base: 0x08000000, Size: 0x0000677c, Max: 0x00100000, ABSOLUTE)

    Execution Region ER_IROM1 (Exec base: 0x08000000, Load base: 0x08000000, Size: 0x0000666c, Max: 0x00100000, ABSOLUTE)

    Exec Addr    Load Addr    Size         Type   Attr      Idx    E Section Name        Object

    0x08000000   0x08000000   0x00000184   Data   RO          219    RESET               startup_stm32f2xx.o
    0x08000184   0x08000184   0x00000008   Code   RO         6192  * !!!main             c_w.l(__main.o)
    0x0800018c   0x0800018c   0x00000034   Code   RO         6475    !!!scatter          c_w.l(__scatter.o)
    0x080001c0   0x080001c0   0x0000001a   Code   RO         6477    !!handler_copy      c_w.l(__scatter_copy.o)
    0x080001da   0x080001da   0x00000002   PAD
    0x080001dc   0x080001dc   0x0000001c   Code   RO         6479    !!handler_zi        c_w.l(__scatter_zi.o)
    0x080001f8   0x080001f8   0x00000000   Code   RO         6178    .ARM.Collect$$_printf_percent$$00000000  c_w.l(_printf_percent.o)
    0x080001f8   0x080001f8   0x0000000a   Code   RO         6262    .ARM.Collect$$_printf_percent$$00000007  c_w.l(_printf_ll.o)
    0x08000202   0x08000202   0x00000006   Code   RO         6177    .ARM.Collect$$_printf_percent$$00000009  c_w.l(_printf_d.o)
    0x08000208   0x08000208   0x00000006   Code   RO         6179    .ARM.Collect$$_printf_percent$$0000000E  c_w.l(_printf_lld.o)
    0x0800020e   0x0800020e   0x00000006   Code   RO         6174    .ARM.Collect$$_printf_percent$$00000013  c_w.l(_printf_c.o)
    0x08000214   0x08000214   0x00000006   Code   RO         6175    .ARM.Collect$$_printf_percent$$00000014  c_w.l(_printf_s.o)
    0x0800021a   0x0800021a   0x00000004   Code   RO         6261    .ARM.Collect$$_printf_percent$$00000017  c_w.l(_printf_percent_end.o)
    0x0800021e   0x0800021e   0x00000002   Code   RO         6348    .ARM.Collect$$libinit$$00000000  c_w.l(libinit.o)
    0x08000220   0x08000220   0x00000000   Code   RO         6360    .ARM.Collect$$libinit$$00000002  c_w.l(libinit2.o)
    0x08000220   0x08000220   0x00000000   Code   RO         6362    .ARM.Collect$$libinit$$00000004  c_w.l(libinit2.o)
    0x08000220   0x08000220   0x00000000   Code   RO         6365    .ARM.Collect$$libinit$$0000000A  c_w.l(libinit2.o)
    0x08000220   0x08000220   0x00000000   Code   RO         6367    .ARM.Collect$$libinit$$0000000C  c_w.l(libinit2.o)
    0x08000220   0x08000220   0x00000000   Code   RO         6369    .ARM.Collect$$libinit$$0000000E  c_w.l(libinit2.o)
    0x08000220   0x08000220   0x00000000   Code   RO         6372    .ARM.Collect$$libinit$$00000011  c_w.l(libinit2.o)
    0x08000220   0x08000220   0x00000000   Code   RO         6374    .ARM.Collect$$libinit$$00000013  c_w.l(libinit2.o)
    0x08000220   0x08000220   0x00000000   Code   RO         6376    .ARM.Collect$$libinit$$00000015  c_w.l(libinit2.o)
    0x08000220   0x08000220   0x00000000   Code   RO         6378    .ARM.Collect$$libinit$$00000017  c_w.l(libinit2.o)
    0x08000220   0x08000220   0x00000000   Code   RO         6380    .ARM.Collect$$libinit$$00000019  c_w.l(libinit2.o)
    0x08000220   0x08000220   0x00000000   Code   RO         6382    .ARM.Collect$$libinit$$0000001B  c_w.l(libinit2.o)
    0x08000220   0x08000220   0x00000000   Code   RO         6384    .ARM.Collect$$libinit$$0000001D  c_w.l(libinit2.o)
    0x08000220   0x08000220   0x00000000   Code   RO         6386    .ARM.Collect$$libinit$$0000001F  c_w.l(libinit2.o)
    0x08000220   0x08000220   0x00000000   Code   RO         6388    .ARM.Collect$$libinit$$00000021  c_w.l(libinit2.o)
    0x08000220   0x08000220   0x00000000   Code   RO         6390    .ARM.Collect$$libinit$$00000023  c_w.l(libinit2.o)
    0x08000220   0x08000220   0x00000000   Code   RO         6392    .ARM.Collect$$libinit$$00000025  c_w.l(libinit2.o)
    0x08000220   0x08000220   0x00000000   Code   RO         6396    .ARM.Collect$$libinit$$0000002C  c_w.l(libinit2.o)
    0x08000220   0x08000220   0x00000000   Code   RO         6398    .ARM.Collect$$libinit$$0000002E  c_w.l(libinit2.o)
    0x08000220   0x08000220   0x00000000   Code   RO         6400    .ARM.Collect$$libinit$$00000030  c_w.l(libinit2.o)
    0x08000220   0x08000220   0x00000000   Code   RO         6402    .ARM.Collect$$libinit$$00000032  c_w.l(libinit2.o)
    0x08000220   0x08000220   0x00000002   Code   RO         6403    .ARM.Collect$$libinit$$00000033  c_w.l(libinit2.o)
    0x08000222   0x08000222   0x00000002   Code   RO         6431    .ARM.Collect$$libshutdown$$00000000  c_w.l(libshutdown.o)
    0x08000224   0x08000224   0x00000000   Code   RO         6457    .ARM.Collect$$libshutdown$$00000002  c_w.l(libshutdown2.o)
    0x08000224   0x08000224   0x00000000   Code   RO         6459    .ARM.Collect$$libshutdown$$00000004  c_w.l(libshutdown2.o)
    0x08000224   0x08000224   0x00000000   Code   RO         6462    .ARM.Collect$$libshutdown$$00000007  c_w.l(libshutdown2.o)
    0x08000224   0x08000224   0x00000000   Code   RO         6465    .ARM.Collect$$libshutdown$$0000000A  c_w.l(libshutdown2.o)
    0x08000224   0x08000224   0x00000000   Code   RO         6467    .ARM.Collect$$libshutdown$$0000000C  c_w.l(libshutdown2.o)
    0x08000224   0x08000224   0x00000000   Code   RO         6470    .ARM.Collect$$libshutdown$$0000000F  c_w.l(libshutdown2.o)
    0x08000224   0x08000224   0x00000002   Code   RO         6471    .ARM.Collect$$libshutdown$$00000010  c_w.l(libshutdown2.o)
    0x08000226   0x08000226   0x00000000   Code   RO         6246    .ARM.Collect$$rtentry$$00000000  c_w.l(__rtentry.o)
    0x08000226   0x08000226   0x00000000   Code   RO         6301    .ARM.Collect$$rtentry$$00000002  c_w.l(__rtentry2.o)
    0x08000226   0x08000226   0x00000006   Code   RO         6313    .ARM.Collect$$rtentry$$00000004  c_w.l(__rtentry4.o)
    0x0800022c   0x0800022c   0x00000000   Code   RO         6303    .ARM.Collect$$rtentry$$00000009  c_w.l(__rtentry2.o)
    0x0800022c   0x0800022c   0x00000004   Code   RO         6304    .ARM.Collect$$rtentry$$0000000A  c_w.l(__rtentry2.o)
    0x08000230   0x08000230   0x00000000   Code   RO         6306    .ARM.Collect$$rtentry$$0000000C  c_w.l(__rtentry2.o)
    0x08000230   0x08000230   0x00000008   Code   RO         6307    .ARM.Collect$$rtentry$$0000000D  c_w.l(__rtentry2.o)
    0x08000238   0x08000238   0x00000002   Code   RO         6351    .ARM.Collect$$rtexit$$00000000  c_w.l(rtexit.o)
    0x0800023a   0x0800023a   0x00000000   Code   RO         6407    .ARM.Collect$$rtexit$$00000002  c_w.l(rtexit2.o)
    0x0800023a   0x0800023a   0x00000004   Code   RO         6408    .ARM.Collect$$rtexit$$00000003  c_w.l(rtexit2.o)
    0x0800023e   0x0800023e   0x00000006   Code   RO         6409    .ARM.Collect$$rtexit$$00000004  c_w.l(rtexit2.o)
    0x08000244   0x08000244   0x00000040   Code   RO          220    .text               startup_stm32f2xx.o
    0x08000284   0x08000284   0x00000002   Code   RO         6115    .text               c_w.l(use_no_semi.o)
    0x08000286   0x08000286   0x000000ee   Code   RO         6117    .text               c_w.l(lludivv7m.o)
    0x08000374   0x08000374   0x00000026   Code   RO         6119    .text               c_w.l(llushr.o)
    0x0800039a   0x0800039a   0x00000002   PAD
    0x0800039c   0x0800039c   0x00000018   Code   RO         6123    .text               c_w.l(noretval__2printf.o)
    0x080003b4   0x080003b4   0x00000052   Code   RO         6127    .text               c_w.l(_printf_str.o)
    0x08000406   0x08000406   0x00000002   PAD
    0x08000408   0x08000408   0x00000078   Code   RO         6129    .text               c_w.l(_printf_dec.o)
    0x08000480   0x08000480   0x0000007c   Code   RO         6131    .text               c_w.l(_printf_longlong_dec.o)
    0x080004fc   0x080004fc   0x000000b8   Code   RO         6157    .text               c_w.l(__printf_ss.o)
    0x080005b4   0x080005b4   0x0000008a   Code   RO         6180    .text               c_w.l(rt_memcpy_v6.o)
    0x0800063e   0x0800063e   0x00000064   Code   RO         6182    .text               c_w.l(rt_memcpy_w.o)
    0x080006a2   0x080006a2   0x00000044   Code   RO         6184    .text               c_w.l(rt_memclr.o)
    0x080006e6   0x080006e6   0x0000004e   Code   RO         6186    .text               c_w.l(rt_memclr_w.o)
    0x08000734   0x08000734   0x00000006   Code   RO         6190    .text               c_w.l(heapauxi.o)
    0x0800073a   0x0800073a   0x0000008a   Code   RO         6251    .text               c_w.l(lludiv10.o)
    0x080007c4   0x080007c4   0x00000016   Code   RO         6253    .text               c_w.l(_rserrno.o)
    0x080007da   0x080007da   0x000000b2   Code   RO         6255    .text               c_w.l(_printf_intcommon.o)
    0x0800088c   0x0800088c   0x0000002c   Code   RO         6257    .text               c_w.l(_printf_char.o)
    0x080008b8   0x080008b8   0x00000024   Code   RO         6259    .text               c_w.l(_printf_char_file.o)
    0x080008dc   0x080008dc   0x00000008   Code   RO         6320    .text               c_w.l(rt_errno_addr_intlibspace.o)
    0x080008e4   0x080008e4   0x00000030   Code   RO         6322    .text               c_w.l(_printf_char_common.o)
    0x08000914   0x08000914   0x00000008   Code   RO         6330    .text               c_w.l(libspace.o)
    0x0800091c   0x0800091c   0x0000004a   Code   RO         6333    .text               c_w.l(sys_stackheap_outer.o)
    0x08000966   0x08000966   0x00000012   Code   RO         6337    .text               c_w.l(exit.o)
    0x08000978   0x08000978   0x00000006   Code   RO          440    i.ADC_ClearFlag     stm32f2xx_adc.o
    0x0800097e   0x0800097e   0x00000016   Code   RO          442    i.ADC_Cmd           stm32f2xx_adc.o
    0x08000994   0x08000994   0x00000030   Code   RO          443    i.ADC_CommonInit    stm32f2xx_adc.o
    0x080009c4   0x080009c4   0x00000008   Code   RO          454    i.ADC_GetConversionValue  stm32f2xx_adc.o
    0x080009cc   0x080009cc   0x00000012   Code   RO          455    i.ADC_GetFlagStatus  stm32f2xx_adc.o
    0x080009de   0x080009de   0x00000002   PAD
    0x080009e0   0x080009e0   0x00000054   Code   RO          462    i.ADC_Init          stm32f2xx_adc.o
    0x08000a34   0x08000a34   0x000000b8   Code   RO          467    i.ADC_RegularChannelConfig  stm32f2xx_adc.o
    0x08000aec   0x08000aec   0x0000000a   Code   RO          469    i.ADC_SoftwareStartConv  stm32f2xx_adc.o
    0x08000af6   0x08000af6   0x00000002   PAD
    0x08000af8   0x08000af8   0x0000004c   Code   RO         5456    i.Board_DAC_Init    dac.o
    0x08000b44   0x08000b44   0x00000004   Code   RO         4264    i.BusFault_Handler  stm32f2xx_it.o
    0x08000b48   0x08000b48   0x000000bc   Code   RO         5571    i.Calculate_CRC16_Bits  utility.o
    0x08000c04   0x08000c04   0x00000410   Code   RO         4466    i.Cancellation      cancellation.o
    0x08001014   0x08001014   0x000000c0   Code   RO         4441    i.Cancellation_ADC_Init  adc.o
    0x080010d4   0x080010d4   0x00000012   Code   RO         4468    i.Cancellation_Init  cancellation.o
    0x080010e6   0x080010e6   0x00000010   Code   RO         4678    i.ClearSendBuf      epc.o
    0x080010f6   0x080010f6   0x00000002   PAD
    0x080010f8   0x080010f8   0x0000006c   Code   RO         5576    i.Crc16l_1          utility.o
    0x08001164   0x08001164   0x000000b0   Code   RO         5578    i.Crc5Bit           utility.o
    0x08001214   0x08001214   0x00000058   Code   RO         5579    i.Crc5_8Bits        utility.o
    0x0800126c   0x0800126c   0x00000026   Code   RO         4586    i.DAC1080S_Write    dac1080s.o
    0x08001292   0x08001292   0x00000002   PAD
    0x08001294   0x08001294   0x00000028   Code   RO         1037    i.DAC_Cmd           stm32f2xx_dac.o
    0x080012bc   0x080012bc   0x00000034   Code   RO         1045    i.DAC_Init          stm32f2xx_dac.o
    0x080012f0   0x080012f0   0x00000020   Code   RO         1046    i.DAC_SetChannel1Data  stm32f2xx_dac.o
    0x08001310   0x08001310   0x00000002   Code   RO         4265    i.DebugMon_Handler  stm32f2xx_it.o
    0x08001312   0x08001312   0x00000002   PAD
    0x08001314   0x08001314   0x00000014   Code   RO          224    i.Delay_ms          systick.o
    0x08001328   0x08001328   0x0000002e   Code   RO         4395    i.Delay_us          timer.o
    0x08001356   0x08001356   0x00000002   PAD
    0x08001358   0x08001358   0x00000094   Code   RO         4396    i.Delay_us1         timer.o
    0x080013ec   0x080013ec   0x00000048   Code   RO         5766    i.EN25Q256_Erase_Sector  en25q256.o
    0x08001434   0x08001434   0x00000074   Code   RO         5767    i.EN25Q256_Init     en25q256.o
    0x080014a8   0x080014a8   0x00000058   Code   RO         5768    i.EN25Q256_Read     en25q256.o
    0x08001500   0x08001500   0x0000004c   Code   RO         5769    i.EN25Q256_ReadID   en25q256.o
    0x0800154c   0x0800154c   0x00000030   Code   RO         5770    i.EN25Q256_ReadSR   en25q256.o
    0x0800157c   0x0800157c   0x00000012   Code   RO         5771    i.EN25Q256_Wait_Busy  en25q256.o
    0x0800158e   0x0800158e   0x00000002   PAD
    0x08001590   0x08001590   0x000000b8   Code   RO         5772    i.EN25Q256_Write    en25q256.o
    0x08001648   0x08001648   0x00000024   Code   RO         5774    i.EN25Q256_Write_Enable  en25q256.o
    0x0800166c   0x0800166c   0x00000046   Code   RO         5775    i.EN25Q256_Write_NoCheck  en25q256.o
    0x080016b2   0x080016b2   0x00000002   PAD
    0x080016b4   0x080016b4   0x0000005c   Code   RO         5776    i.EN25Q256_Write_Page  en25q256.o
    0x08001710   0x08001710   0x000000a4   Code   RO         4679    i.EPC_IO_Configure  epc.o
    0x080017b4   0x080017b4   0x000000c0   Code   RO         4680    i.EPC_SendCommand   epc.o
    0x08001874   0x08001874   0x00000090   Code   RO         1756    i.GPIO_Init         stm32f2xx_gpio.o
    0x08001904   0x08001904   0x00000046   Code   RO         1757    i.GPIO_PinAFConfig  stm32f2xx_gpio.o
    0x0800194a   0x0800194a   0x00000012   Code   RO         1760    i.GPIO_ReadInputDataBit  stm32f2xx_gpio.o
    0x0800195c   0x0800195c   0x00000004   Code   RO         1763    i.GPIO_ResetBits    stm32f2xx_gpio.o
    0x08001960   0x08001960   0x00000004   Code   RO         1764    i.GPIO_SetBits      stm32f2xx_gpio.o
    0x08001964   0x08001964   0x00000078   Code   RO         6033    i.Get485addr        flashmanage.o
    0x080019dc   0x080019dc   0x00000074   Code   RO         6034    i.GetDerviceVersion  flashmanage.o
    0x08001a50   0x08001a50   0x000000e4   Code   RO         4442    i.Get_ADC_Value     adc.o
    0x08001b34   0x08001b34   0x00000164   Code   RO         6035    i.Getcancellparam   flashmanage.o
    0x08001c98   0x08001c98   0x000000cc   Code   RO         6036    i.Getrfparam        flashmanage.o
    0x08001d64   0x08001d64   0x00000004   Code   RO         4266    i.HardFault_Handler  stm32f2xx_it.o
    0x08001d68   0x08001d68   0x0000009c   Code   RO         4342    i.LMX2541_SetFrequency  lmx2541.o
    0x08001e04   0x08001e04   0x00000074   Code   RO         4343    i.LMX2541_Write     lmx2541.o
    0x08001e78   0x08001e78   0x00000344   Code   RO         5306    i.MCU_MessageDeal   rx485_rev.o
    0x080021bc   0x080021bc   0x00000264   Code   RO         5239    i.MCU_To_MCU        rx485_send.o
    0x08002420   0x08002420   0x00000048   Code   RO         4469    i.MOS_SW_GPIO_Init  cancellation.o
    0x08002468   0x08002468   0x00000004   Code   RO         4267    i.MemManage_Handler  stm32f2xx_it.o
    0x0800246c   0x0800246c   0x00000060   Code   RO         5307    i.MessageDeal       rx485_rev.o
    0x080024cc   0x080024cc   0x00000002   Code   RO         4268    i.NMI_Handler       stm32f2xx_it.o
    0x080024ce   0x080024ce   0x00000002   PAD
    0x080024d0   0x080024d0   0x00000078   Code   RO          400    i.NVIC_Init         misc.o
    0x08002548   0x08002548   0x00000014   Code   RO          401    i.NVIC_PriorityGroupConfig  misc.o
    0x0800255c   0x0800255c   0x00000094   Code   RO         4344    i.PLL_IO_Configure  lmx2541.o
    0x080025f0   0x080025f0   0x00000002   Code   RO         4269    i.PendSV_Handler    stm32f2xx_it.o
    0x080025f2   0x080025f2   0x00000002   PAD
    0x080025f4   0x080025f4   0x000000c8   Code   RO          353    i.Printf_USART_Configuration  printf_usart.o
    0x080026bc   0x080026bc   0x00000022   Code   RO          354    i.Printf_USART_NVIC_Config  printf_usart.o
    0x080026de   0x080026de   0x00000002   PAD
    0x080026e0   0x080026e0   0x00000020   Code   RO         2307    i.RCC_AHB1PeriphClockCmd  stm32f2xx_rcc.o
    0x08002700   0x08002700   0x00000020   Code   RO         2316    i.RCC_APB1PeriphClockCmd  stm32f2xx_rcc.o
    0x08002720   0x08002720   0x00000020   Code   RO         2318    i.RCC_APB1PeriphResetCmd  stm32f2xx_rcc.o
    0x08002740   0x08002740   0x00000020   Code   RO         2319    i.RCC_APB2PeriphClockCmd  stm32f2xx_rcc.o
    0x08002760   0x08002760   0x00000020   Code   RO         2321    i.RCC_APB2PeriphResetCmd  stm32f2xx_rcc.o
    0x08002780   0x08002780   0x000000e8   Code   RO         2328    i.RCC_GetClocksFreq  stm32f2xx_rcc.o
    0x08002868   0x08002868   0x00000038   Code   RO         5690    i.READ_LED_Init     read_led.o
    0x080028a0   0x080028a0   0x00000018   Code   RO         5419    i.RFPowerOFF        rf_oper.o
    0x080028b8   0x080028b8   0x00000024   Code   RO         5420    i.RFPowerON         rf_oper.o
    0x080028dc   0x080028dc   0x0000003c   Code   RO         5421    i.RFPower_GPIO_Init  rf_oper.o
    0x08002918   0x08002918   0x000001e4   Code   RO         5165    i.RF_To_SM          communication.o
    0x08002afc   0x08002afc   0x00000078   Code   RO         5363    i.RS485_IO_Init     rx485_uart.o
    0x08002b74   0x08002b74   0x000000cc   Code   RO         5364    i.RX485_USART_Configuration  rx485_uart.o
    0x08002c40   0x08002c40   0x00000020   Code   RO         5365    i.RX485_USART_NVIC_Config  rx485_uart.o
    0x08002c60   0x08002c60   0x00000060   Code   RO         5308    i.RX485_recvCommData  rx485_rev.o
    0x08002cc0   0x08002cc0   0x00000016   Code   RO         4829    i.ReadTag           air_interface.o
    0x08002cd6   0x08002cd6   0x00000018   Code   RO         5422    i.Rf_GPIO_Init      rf_oper.o
    0x08002cee   0x08002cee   0x00000002   Code   RO         4270    i.SVC_Handler       stm32f2xx_it.o
    0x08002cf0   0x08002cf0   0x000000d0   Code   RO         4681    i.Send_Data         epc.o
    0x08002dc0   0x08002dc0   0x00000150   Code   RO         4682    i.Send_Delimiter    epc.o
    0x08002f10   0x08002f10   0x000000cc   Code   RO           17    i.SetSysClock       system_stm32f2xx.o
    0x08002fdc   0x08002fdc   0x0000000c   Code   RO         4592    i.Set_WTM           dac1080s.o
    0x08002fe8   0x08002fe8   0x000000b8   Code   RO         4645    i.Sim_SPI_Init      sim_spi.o
    0x080030a0   0x080030a0   0x00000064   Code   RO         4646    i.Sim_SPI_ReadWriteBuf  sim_spi.o
    0x08003104   0x08003104   0x00000064   Code   RO         4647    i.Sim_SPI_ReadWrite_Byte  sim_spi.o
    0x08003168   0x08003168   0x00000020   Code   RO         4648    i.Sim_SPL_nop       sim_spi.o
    0x08003188   0x08003188   0x000000d8   Code   RO         5166    i.Sm_MessageDeal    communication.o
    0x08003260   0x08003260   0x000000dc   Code   RO         5973    i.Soft_SPI_Init     soft_spi.o
    0x0800333c   0x0800333c   0x00000078   Code   RO         5975    i.Soft_SPI_ReadWrite_Byte  soft_spi.o
    0x080033b4   0x080033b4   0x00000016   Code   RO         5976    i.Soft_SPL_nop      soft_spi.o
    0x080033ca   0x080033ca   0x00000002   PAD
    0x080033cc   0x080033cc   0x0000008c   Code   RO         4683    i.StuffSendBuf      epc.o
    0x08003458   0x08003458   0x00000094   Code   RO          225    i.SysTick_Handler   systick.o
    0x080034ec   0x080034ec   0x0000005c   Code   RO           19    i.SystemInit        system_stm32f2xx.o
    0x08003548   0x08003548   0x0000003a   Code   RO         3279    i.TI1_Config        stm32f2xx_tim.o
    0x08003582   0x08003582   0x00000050   Code   RO         3280    i.TI2_Config        stm32f2xx_tim.o
    0x080035d2   0x080035d2   0x00000048   Code   RO         3281    i.TI3_Config        stm32f2xx_tim.o
    0x0800361a   0x0800361a   0x00000050   Code   RO         3282    i.TI4_Config        stm32f2xx_tim.o
    0x0800366a   0x0800366a   0x0000006e   Code   RO         4321    i.TIM2_Configuration  time2.o
    0x080036d8   0x080036d8   0x00000038   Code   RO         4322    i.TIM2_IRQHandler   time2.o
    0x08003710   0x08003710   0x00000006   Code   RO         3289    i.TIM_ClearFlag     stm32f2xx_tim.o
    0x08003716   0x08003716   0x00000006   Code   RO         3290    i.TIM_ClearITPendingBit  stm32f2xx_tim.o
    0x0800371c   0x0800371c   0x00000018   Code   RO         3295    i.TIM_Cmd           stm32f2xx_tim.o
    0x08003734   0x08003734   0x00000190   Code   RO         3300    i.TIM_DeInit        stm32f2xx_tim.o
    0x080038c4   0x080038c4   0x00000006   Code   RO         3311    i.TIM_GetCapture2   stm32f2xx_tim.o
    0x080038ca   0x080038ca   0x00000006   Code   RO         3314    i.TIM_GetCounter    stm32f2xx_tim.o
    0x080038d0   0x080038d0   0x00000012   Code   RO         3315    i.TIM_GetFlagStatus  stm32f2xx_tim.o
    0x080038e2   0x080038e2   0x00000022   Code   RO         3316    i.TIM_GetITStatus   stm32f2xx_tim.o
    0x08003904   0x08003904   0x0000006e   Code   RO         3318    i.TIM_ICInit        stm32f2xx_tim.o
    0x08003972   0x08003972   0x00000012   Code   RO         3320    i.TIM_ITConfig      stm32f2xx_tim.o
    0x08003984   0x08003984   0x00000006   Code   RO         3344    i.TIM_PrescalerConfig  stm32f2xx_tim.o
    0x0800398a   0x0800398a   0x00000004   Code   RO         3355    i.TIM_SetAutoreload  stm32f2xx_tim.o
    0x0800398e   0x0800398e   0x00000004   Code   RO         3361    i.TIM_SetCounter    stm32f2xx_tim.o
    0x08003992   0x08003992   0x00000012   Code   RO         3362    i.TIM_SetIC1Prescaler  stm32f2xx_tim.o
    0x080039a4   0x080039a4   0x0000001a   Code   RO         3363    i.TIM_SetIC2Prescaler  stm32f2xx_tim.o
    0x080039be   0x080039be   0x00000012   Code   RO         3364    i.TIM_SetIC3Prescaler  stm32f2xx_tim.o
    0x080039d0   0x080039d0   0x0000001a   Code   RO         3365    i.TIM_SetIC4Prescaler  stm32f2xx_tim.o
    0x080039ea   0x080039ea   0x00000002   PAD
    0x080039ec   0x080039ec   0x00000084   Code   RO         3367    i.TIM_TimeBaseInit  stm32f2xx_tim.o
    0x08003a70   0x08003a70   0x0000008c   Code   RO         5214    i.Timer3_Init       timer3.o
    0x08003afc   0x08003afc   0x00000038   Code   RO         4397    i.TimingDelay_Decrement  timer.o
    0x08003b34   0x08003b34   0x0000005c   Code   RO          355    i.USART1_IRQHandler  printf_usart.o
    0x08003b90   0x08003b90   0x00000100   Code   RO         5366    i.USART3_IRQHandler  rx485_uart.o
    0x08003c90   0x08003c90   0x0000009c   Code   RO         5367    i.USART3_SendData   rx485_uart.o
    0x08003d2c   0x08003d2c   0x00000012   Code   RO         3833    i.USART_ClearFlag   stm32f2xx_usart.o
    0x08003d3e   0x08003d3e   0x00000018   Code   RO         3837    i.USART_Cmd         stm32f2xx_usart.o
    0x08003d56   0x08003d56   0x0000001a   Code   RO         3840    i.USART_GetFlagStatus  stm32f2xx_usart.o
    0x08003d70   0x08003d70   0x00000054   Code   RO         3841    i.USART_GetITStatus  stm32f2xx_usart.o
    0x08003dc4   0x08003dc4   0x0000004a   Code   RO         3843    i.USART_ITConfig    stm32f2xx_usart.o
    0x08003e0e   0x08003e0e   0x00000002   PAD
    0x08003e10   0x08003e10   0x000000d4   Code   RO         3844    i.USART_Init        stm32f2xx_usart.o
    0x08003ee4   0x08003ee4   0x0000000a   Code   RO         3851    i.USART_ReceiveData  stm32f2xx_usart.o
    0x08003eee   0x08003eee   0x00000008   Code   RO         3854    i.USART_SendData    stm32f2xx_usart.o
    0x08003ef6   0x08003ef6   0x00000004   Code   RO         4271    i.UsageFault_Handler  stm32f2xx_it.o
    0x08003efa   0x08003efa   0x0000001a   Code   RO         5581    i.XOR_Cal           utility.o
    0x08003f14   0x08003f14   0x00000074   Code   RO         4830    i._6D_ACK           air_interface.o
    0x08003f88   0x08003f88   0x0000003c   Code   RO         4832    i._6D_Disperse      air_interface.o
    0x08003fc4   0x08003fc4   0x0000004c   Code   RO         4833    i._6D_Divide        air_interface.o
    0x08004010   0x08004010   0x00000284   Code   RO         4838    i._6D_EPC_ReadMulti_Protcol  air_interface.o
    0x08004294   0x08004294   0x00000020   Code   RO         4845    i._6D_FM0Decode     air_interface.o
    0x080042b4   0x080042b4   0x000003fc   Code   RO         4854    i._6D_MyFM0Decode   air_interface.o
    0x080046b0   0x080046b0   0x000000c0   Code   RO         4857    i._6D_Query         air_interface.o
    0x08004770   0x08004770   0x0000003c   Code   RO         4858    i._6D_QueryRep      air_interface.o
    0x080047ac   0x080047ac   0x00000020   Code   RO         4859    i._6D_RN16_FM0Decode  air_interface.o
    0x080047cc   0x080047cc   0x00000040   Code   RO         4867    i._6D_Shrink        air_interface.o
    0x0800480c   0x0800480c   0x00000110   Code   RO         4869    i._6D_T1            air_interface.o
    0x0800491c   0x0800491c   0x00000110   Code   RO         4870    i._6D_T2            air_interface.o
    0x08004a2c   0x08004a2c   0x00000040   Code   RO         4872    i._6D_TOKEN1        air_interface.o
    0x08004a6c   0x08004a6c   0x00000020   Code   RO         4873    i._6D_TOKEN1Decode  air_interface.o
    0x08004a8c   0x08004a8c   0x00000040   Code   RO         4874    i._6D_TOKEN2        air_interface.o
    0x08004acc   0x08004acc   0x00000028   Code   RO         6326    i.__ARM_fpclassify  m_ws.l(fpclassify.o)
    0x08004af4   0x08004af4   0x00000388   Code   RO         6289    i.__ieee754_rem_pio2  m_ws.l(rred.o)
    0x08004e7c   0x08004e7c   0x000000fc   Code   RO         6272    i.__kernel_cos      m_ws.l(cos_i.o)
    0x08004f78   0x08004f78   0x000000aa   Code   RO         6328    i.__kernel_poly     m_ws.l(poly.o)
    0x08005022   0x08005022   0x00000002   PAD
    0x08005024   0x08005024   0x000000ec   Code   RO         6294    i.__kernel_sin      m_ws.l(sin_i.o)
    0x08005110   0x08005110   0x00000006   Code   RO         6276    i.__mathlib_dbl_infnan  m_ws.l(dunder.o)
    0x08005116   0x08005116   0x0000000c   Code   RO         6278    i.__mathlib_dbl_invalid  m_ws.l(dunder.o)
    0x08005122   0x08005122   0x00000002   PAD
    0x08005124   0x08005124   0x00000010   Code   RO         6281    i.__mathlib_dbl_underflow  m_ws.l(dunder.o)
    0x08005134   0x08005134   0x00000018   Code   RO          134    i._sys_exit         retarget.o
    0x0800514c   0x0800514c   0x00000060   Code   RO          226    i.configMsTick      systick.o
    0x080051ac   0x080051ac   0x0000009c   Code   RO         6231    i.cos               m_ws.l(cos.o)
    0x08005248   0x08005248   0x0000007c   Code   RO         5309    i.deEscapeMessage   rx485_rev.o
    0x080052c4   0x080052c4   0x00000078   Code   RO         5240    i.escapeMessage     rx485_send.o
    0x0800533c   0x0800533c   0x00000008   Code   RO          137    i.ferror            retarget.o
    0x08005344   0x08005344   0x0000002c   Code   RO         6041    i.flashmanageinit   flashmanage.o
    0x08005370   0x08005370   0x0000000e   Code   RO          141    i.fputc             retarget.o
    0x0800537e   0x0800537e   0x00000002   PAD
    0x08005380   0x08005380   0x00000078   Code   RO         4472    i.getSQUValue       cancellation.o
    0x080053f8   0x080053f8   0x00000014   Code   RO         4067    i.init_StdPeriph    main.o
    0x0800540c   0x0800540c   0x00000148   Code   RO         4068    i.isturehasTag      main.o
    0x08005554   0x08005554   0x0000011c   Code   RO         4069    i.main              main.o
    0x08005670   0x08005670   0x00000038   Code   RO         5242    i.sendCommData      rx485_send.o
    0x080056a8   0x080056a8   0x00000088   Code   RO         5243    i.sendSerialData    rx485_send.o
    0x08005730   0x08005730   0x0000002c   Code   RO          357    i.sendchar          printf_usart.o
    0x0800575c   0x0800575c   0x00000042   Code   RO         4478    i.setDACValue       cancellation.o
    0x0800579e   0x0800579e   0x00000002   PAD
    0x080057a0   0x080057a0   0x000000a0   Code   RO         6239    i.sin               m_ws.l(sin.o)
    0x08005840   0x08005840   0x00000062   Code   RO         6194    x$fpl$d2f           fz_ws.l(d2f.o)
    0x080058a2   0x080058a2   0x00000002   PAD
    0x080058a4   0x080058a4   0x00000150   Code   RO         6196    x$fpl$dadd          fz_ws.l(daddsub_clz.o)
    0x080059f4   0x080059f4   0x00000010   Code   RO         6349    x$fpl$dcheck1       fz_ws.l(dcheck1.o)
    0x08005a04   0x08005a04   0x000002b0   Code   RO         6203    x$fpl$ddiv          fz_ws.l(ddiv.o)
    0x08005cb4   0x08005cb4   0x0000005e   Code   RO         6206    x$fpl$dfix          fz_ws.l(dfix.o)
    0x08005d12   0x08005d12   0x0000002e   Code   RO         6211    x$fpl$dflt          fz_ws.l(dflt_clz.o)
    0x08005d40   0x08005d40   0x00000026   Code   RO         6210    x$fpl$dfltu         fz_ws.l(dflt_clz.o)
    0x08005d66   0x08005d66   0x00000002   PAD
    0x08005d68   0x08005d68   0x00000154   Code   RO         6216    x$fpl$dmul          fz_ws.l(dmul.o)
    0x08005ebc   0x08005ebc   0x0000009c   Code   RO         6263    x$fpl$dnaninf       fz_ws.l(dnaninf.o)
    0x08005f58   0x08005f58   0x0000000c   Code   RO         6265    x$fpl$dretinf       fz_ws.l(dretinf.o)
    0x08005f64   0x08005f64   0x00000016   Code   RO         6197    x$fpl$drsb          fz_ws.l(daddsub_clz.o)
    0x08005f7a   0x08005f7a   0x00000002   PAD
    0x08005f7c   0x08005f7c   0x000001d4   Code   RO         6198    x$fpl$dsub          fz_ws.l(daddsub_clz.o)
    0x08006150   0x08006150   0x00000056   Code   RO         6218    x$fpl$f2d           fz_ws.l(f2d.o)
    0x080061a6   0x080061a6   0x00000002   PAD
    0x080061a8   0x080061a8   0x00000184   Code   RO         6221    x$fpl$fdiv          fz_ws.l(fdiv.o)
    0x0800632c   0x0800632c   0x00000030   Code   RO         6225    x$fpl$fflt          fz_ws.l(fflt_clz.o)
    0x0800635c   0x0800635c   0x0000008c   Code   RO         6267    x$fpl$fnaninf       fz_ws.l(fnaninf.o)
    0x080063e8   0x080063e8   0x0000000a   Code   RO         6269    x$fpl$fretinf       fz_ws.l(fretinf.o)
    0x080063f2   0x080063f2   0x00000064   Code   RO         6404    x$fpl$retnan        fz_ws.l(retnan.o)
    0x08006456   0x08006456   0x0000005c   Code   RO         6324    x$fpl$scalbn        fz_ws.l(scalbn.o)
    0x080064b2   0x080064b2   0x00000030   Code   RO         6421    x$fpl$trapveneer    fz_ws.l(trapv.o)
    0x080064e2   0x080064e2   0x00000000   Code   RO         6271    x$fpl$usenofp       fz_ws.l(usenofp.o)
    0x080064e2   0x080064e2   0x00000006   PAD
    0x080064e8   0x080064e8   0x00000030   Data   RO         6273    .constdata          m_ws.l(cos_i.o)
    0x08006518   0x08006518   0x000000c8   Data   RO         6291    .constdata          m_ws.l(rred.o)
    0x080065e0   0x080065e0   0x00000028   Data   RO         6295    .constdata          m_ws.l(sin_i.o)
    0x08006608   0x08006608   0x00000043   Data   RO         4480    .conststring        cancellation.o
    0x0800664b   0x0800664b   0x00000001   PAD
    0x0800664c   0x0800664c   0x00000020   Data   RO         6473    Region$$Table       anon$$obj.o


    Execution Region RW_IRAM1 (Exec base: 0x20000000, Load base: 0x0800666c, Size: 0x0001b510, Max: 0x00020000, ABSOLUTE)

    Exec Addr    Load Addr    Size         Type   Attr      Idx    E Section Name        Object

    0x20000000   0x0800666c   0x00000014   Data   RW           20    .data               system_stm32f2xx.o
    0x20000014   0x08006680   0x0000000c   Data   RW          144    .data               retarget.o
    0x20000020   0x0800668c   0x0000000c   Data   RW          227    .data               systick.o
    0x2000002c   0x08006698   0x00000010   Data   RW         2351    .data               stm32f2xx_rcc.o
    0x2000003c   0x080066a8   0x0000000a   Data   RW         4070    .data               main.o
    0x20000046   0x080066b2   0x00000002   PAD
    0x20000048   0x080066b4   0x00000030   Data   RW         4346    .data               lmx2541.o
    0x20000078   0x080066e4   0x0000000c   Data   RW         4399    .data               timer.o
    0x20000084   0x080066f0   0x00000004   PAD
    0x20000088   0x080066f4   0x0000001a   Data   RW         4481    .data               cancellation.o
    0x200000a2   0x0800670e   0x00000002   PAD
    0x200000a4   0x08006710   0x00000028   Data   RW         4685    .data               epc.o
    0x200000cc   0x08006738   0x0000001a   Data   RW         4882    .data               air_interface.o
    0x200000e6   0x08006752   0x00000006   Data   RW         5168    .data               communication.o
    0x200000ec   0x08006758   0x00000009   Data   RW         5310    .data               rx485_rev.o
    0x200000f5   0x08006761   0x00000001   PAD
    0x200000f6   0x08006762   0x0000000a   Data   RW         5370    .data               rx485_uart.o
    0x20000100   0x0800676c   0x00000008   Data   RW         5583    .data               utility.o
    0x20000108   0x08006774   0x00000003   Data   RW         5783    .data               en25q256.o
    0x2000010b   0x08006777   0x00000004   Data   RW         6044    .data               flashmanage.o
    0x2000010f   0x0800677b   0x00000001   PAD
    0x20000110        -       0x00000010   Zero   RW         4479    .bss                cancellation.o
    0x20000120        -       0x00000410   Zero   RW         4684    .bss                epc.o
    0x20000530        -       0x0000041e   Zero   RW         4880    .bss                air_interface.o
    0x2000094e        -       0x00000190   Zero   RW         5167    .bss                communication.o
    0x20000ade        -       0x00000200   Zero   RW         5244    .bss                rx485_send.o
    0x20000cde        -       0x000007d0   Zero   RW         5369    .bss                rx485_uart.o
    0x200014ae        -       0x00001000   Zero   RW         5781    .bss                en25q256.o
    0x200024ae   0x0800677b   0x00000002   PAD
    0x200024b0        -       0x00000060   Zero   RW         6331    .bss                c_w.l(libspace.o)
    0x20002510        -       0x00014000   Zero   RW          218    HEAP                startup_stm32f2xx.o
    0x20016510        -       0x00005000   Zero   RW          217    STACK               startup_stm32f2xx.o


==============================================================================

Image component sizes


      Code (inc. data)   RO Data    RW Data    ZI Data      Debug   Object Name

       420         14          0          0          0       1928   adc.o
      3022        364          0         26       1054      13669   air_interface.o
      1316        188         67         26         16       6429   cancellation.o
       700         50          0          6        400       4324   communication.o
         0          0          0          0          0       4540   core_cm3.o
        76          4          0          0          0      11849   dac.o
        50          0          0          0          0       1103   dac1080s.o
       800         98          0          3       4096     211170   en25q256.o
      1056         56          0         40       1040     243674   epc.o
       840        250          0          4          0       5443   flashmanage.o
       420         54          0         48          0       2454   lmx2541.o
       632        182          0         10          0     233861   main.o
       140         24          0          0          0       1703   misc.o
       370         76          0          0          0       2291   printf_usart.o
        56          6          0          0          0        548   read_led.o
        46         14          0         12          0       3481   retarget.o
       144         14          0          0          0       2148   rf_oper.o
      1152        414          0          9          0       4706   rx485_rev.o
       924         64          0          0        512       5395   rx485_send.o
       768         96          0         10       2000       4541   rx485_uart.o
       416         14          0          0          0       2493   sim_spi.o
       362         20          0          0          0       1785   soft_spi.o
        64         26        388          0     102400        912   startup_stm32f2xx.o
       380         24          0          0          0       6422   stm32f2xx_adc.o
       124         18          0          0          0       2623   stm32f2xx_dac.o
       240          0          0          0          0       3763   stm32f2xx_gpio.o
        24          0          0          0          0       3564   stm32f2xx_it.o
       392         48          0         16          0       5853   stm32f2xx_rcc.o
      1152         82          0          0          0      15098   stm32f2xx_tim.o
       456          8          0          0          0       6387   stm32f2xx_usart.o
       296         30          0         20          0       2149   system_stm32f2xx.o
       264         40          0         12          0     288115   systick.o
       166         16          0          0          0       1147   time2.o
       250         24          0         12          0       2592   timer.o
       140          8          0          0          0        702   timer3.o
       586         22          0          8          0       4262   utility.o

    ----------------------------------------------------------------------
     18276       2348        488        272     111520    1113124   Object Totals
         0          0         32          0          0          0   (incl. Generated)
        32          0          1         10          2          0   (incl. Padding)

    ----------------------------------------------------------------------

      Code (inc. data)   RO Data    RW Data    ZI Data      Debug   Library Member Name

         8          0          0          0          0         68   __main.o
       184          0          0          0          0         84   __printf_ss.o
         0          0          0          0          0          0   __rtentry.o
        12          0          0          0          0          0   __rtentry2.o
         6          0          0          0          0          0   __rtentry4.o
        52          8          0          0          0          0   __scatter.o
        26          0          0          0          0          0   __scatter_copy.o
        28          0          0          0          0          0   __scatter_zi.o
         6          0          0          0          0          0   _printf_c.o
        44          0          0          0          0        108   _printf_char.o
        48          6          0          0          0         96   _printf_char_common.o
        36          4          0          0          0         80   _printf_char_file.o
         6          0          0          0          0          0   _printf_d.o
       120         16          0          0          0         92   _printf_dec.o
       178          0          0          0          0         88   _printf_intcommon.o
        10          0          0          0          0          0   _printf_ll.o
         6          0          0          0          0          0   _printf_lld.o
       124         16          0          0          0         92   _printf_longlong_dec.o
         0          0          0          0          0          0   _printf_percent.o
         4          0          0          0          0          0   _printf_percent_end.o
         6          0          0          0          0          0   _printf_s.o
        82          0          0          0          0         80   _printf_str.o
        22          0          0          0          0        100   _rserrno.o
        18          0          0          0          0         80   exit.o
         6          0          0          0          0        152   heapauxi.o
         2          0          0          0          0          0   libinit.o
         2          0          0          0          0          0   libinit2.o
         2          0          0          0          0          0   libshutdown.o
         2          0          0          0          0          0   libshutdown2.o
         8          4          0          0         96         68   libspace.o
       138          0          0          0          0         80   lludiv10.o
       238          0          0          0          0        100   lludivv7m.o
        38          0          0          0          0         68   llushr.o
        24          4          0          0          0         84   noretval__2printf.o
         8          4          0          0          0         68   rt_errno_addr_intlibspace.o
        68          0          0          0          0         68   rt_memclr.o
        78          0          0          0          0         80   rt_memclr_w.o
       138          0          0          0          0         68   rt_memcpy_v6.o
       100          0          0          0          0         80   rt_memcpy_w.o
         2          0          0          0          0          0   rtexit.o
        10          0          0          0          0          0   rtexit2.o
        74          0          0          0          0         80   sys_stackheap_outer.o
         2          0          0          0          0         68   use_no_semi.o
        98          4          0          0          0         92   d2f.o
       826         16          0          0          0        348   daddsub_clz.o
        16          4          0          0          0         68   dcheck1.o
       688        140          0          0          0        208   ddiv.o
        94          4          0          0          0         92   dfix.o
        84          0          0          0          0        136   dflt_clz.o
       340         12          0          0          0        104   dmul.o
       156          4          0          0          0         92   dnaninf.o
        12          0          0          0          0         68   dretinf.o
        86          4          0          0          0         84   f2d.o
       388         76          0          0          0         96   fdiv.o
        48          0          0          0          0         68   fflt_clz.o
       140          4          0          0          0         84   fnaninf.o
        10          0          0          0          0         68   fretinf.o
       100          0          0          0          0         68   retnan.o
        92          0          0          0          0         68   scalbn.o
        48          0          0          0          0         68   trapv.o
         0          0          0          0          0          0   usenofp.o
       156          8          0          0          0        104   cos.o
       252         22         48          0          0        124   cos_i.o
        34          6          0          0          0        204   dunder.o
        40          0          0          0          0         68   fpclassify.o
       170          0          0          0          0         96   poly.o
       904         76        200          0          0        140   rred.o
       160         10          0          0          0        108   sin.o
       236         12         40          0          0        128   sin_i.o

    ----------------------------------------------------------------------
      7168        464        288          0         96       4816   Library Totals
        24          0          0          0          0          0   (incl. Padding)

    ----------------------------------------------------------------------

      Code (inc. data)   RO Data    RW Data    ZI Data      Debug   Library Name

      1966         62          0          0         96       2032   c_w.l
      3226        268          0          0          0       1812   fz_ws.l
      1952        134        288          0          0        972   m_ws.l

    ----------------------------------------------------------------------
      7168        464        288          0         96       4816   Library Totals

    ----------------------------------------------------------------------

==============================================================================


      Code (inc. data)   RO Data    RW Data    ZI Data      Debug   

     25444       2812        776        272     111616    1106964   Grand Totals
     25444       2812        776        272     111616    1106964   ELF Image Totals
     25444       2812        776        272          0          0   ROM Totals

==============================================================================

    Total RO  Size (Code + RO Data)                26220 (  25.61kB)
    Total RW  Size (RW Data + ZI Data)            111888 ( 109.27kB)
    Total ROM Size (Code + RO Data + RW Data)      26492 (  25.87kB)

==============================================================================

