<html>
<body>
<pre>
<h1>礦ision Build Log</h1>
<h2>Tool Versions:</h2>
IDE-Version: μVision V5.25.2.0
Copyright (C) 2018 ARM Ltd and ARM Germany GmbH. All rights reserved.
License Information: 1 BL-WANGCHUN, 1, LIC=GE774-FXVWC-49GG2-9G7V4-UXXRU-9UU4S
 
Tool Versions:
Toolchain:       MDK-ARM Professional  Version: 5.25.2.0
Toolchain Path:  C:\Keil_v5\ARM\ARMCC\Bin
C Compiler:      Armcc.exe V5.06 update 6 (build 750)
Assembler:       Armasm.exe V5.06 update 6 (build 750)
Linker/Locator:  ArmLink.exe V5.06 update 6 (build 750)
Library Manager: ArmAr.exe V5.06 update 6 (build 750)
Hex Converter:   FromElf.exe V5.06 update 6 (build 750)
CPU DLL:         SARMCM3.DLL V5.25.2.0
Dialog DLL:      DCM.DLL V1.17.1.0
Target DLL:      Segger\JL2CM3.dll V2.99.29.0
Dialog DLL:      TCM.DLL V1.35.1.0
 
<h2>Project:</h2>
E:\GW\停车场Be\Bellon_repository\0.2新版开发版本\parking lot host\Project\UHFHandheldReader.uvprojx
Project File Date:  05/26/2020

<h2>Output:</h2>
*** Using Compiler 'V5.06 update 6 (build 750)', folder: 'C:\Keil_v5\ARM\ARMCC\Bin'
Build target 'stm32'
compiling operationspec_execute_hb.cpp...
linking...
Program Size: Code=300736 RO-data=36576 RW-data=692 ZI-data=125212  
After Build - User command #1: fromelf.exe --bin -o "E:\GW\停车场Be\Bellon_repository\0.2新版开发版本\parking lot host\Project\Objects\parkinglothost_debug.bin" "E:\GW\停车场Be\Bellon_repository\0.2新版开发版本\parking lot host\Project\Objects\parkinglothost_debug.axf"
".\Objects\parkinglothost_debug.axf" - 0 Error(s), 0 Warning(s).

<h2>Software Packages used:</h2>

Package Vendor: Keil
                http://www.keil.com/pack/Keil.STM32F2xx_DFP.2.8.0.pack
                Keil.STM32F2xx_DFP.2.8.0
                STMicroelectronics STM32F2 Series Device Support, Drivers and Examples

<h2>Collection of Component include folders:</h2>
  .\RTE\_stm32
  C:\Keil_v5\ARM\PACK\Keil\STM32F2xx_DFP\2.8.0\Drivers\CMSIS\Device\ST\STM32F2xx\Include

<h2>Collection of Component Files used:</h2>
Build Time Elapsed:  00:00:22
</pre>
</body>
</html>
