Component: ARM Compiler 5.06 update 6 (build 750) Tool: armlink [4d35ed]

==============================================================================

Section Cross References

    system_stm32f2xx.o(i.SystemCoreClockUpdate) refers to system_stm32f2xx.o(.data) for SystemCoreClock
    system_stm32f2xx.o(i.SystemInit) refers to system_stm32f2xx.o(i.SetSysClock) for SetSysClock
    retarget.o(i._sys_exit) refers (Special) to use_no_semi.o(.text) for __use_no_semihosting_swi
    retarget.o(i._sys_exit) refers to noretval__2printf.o(.text) for __2printf
    retarget.o(i._ttywrch) refers (Special) to use_no_semi.o(.text) for __use_no_semihosting_swi
    retarget.o(i._ttywrch) refers to printf_usart.o(i.sendchar) for sendchar
    retarget.o(i.fclose) refers (Special) to use_no_semi.o(.text) for __use_no_semihosting_swi
    retarget.o(i.ferror) refers (Special) to use_no_semi.o(.text) for __use_no_semihosting_swi
    retarget.o(i.fflush) refers (Special) to use_no_semi.o(.text) for __use_no_semihosting_swi
    retarget.o(i.fgetc) refers (Special) to use_no_semi.o(.text) for __use_no_semihosting_swi
    retarget.o(i.fgetc) refers to printf_usart.o(i.getkey) for getkey
    retarget.o(i.fgetc) refers to printf_usart.o(i.sendchar) for sendchar
    retarget.o(i.fopen) refers (Special) to use_no_semi.o(.text) for __use_no_semihosting_swi
    retarget.o(i.fputc) refers (Special) to use_no_semi.o(.text) for __use_no_semihosting_swi
    retarget.o(i.fputc) refers to printf_usart.o(i.sendchar) for sendchar
    retarget.o(i.fseek) refers (Special) to use_no_semi.o(.text) for __use_no_semihosting_swi
    retarget.o(i.ftell) refers (Special) to use_no_semi.o(.text) for __use_no_semihosting_swi
    retarget.o(.data) refers (Special) to use_no_semi.o(.text) for __use_no_semihosting_swi
    startup_stm32f2xx.o(STACK) refers (Special) to heapauxi.o(.text) for __use_two_region_memory
    startup_stm32f2xx.o(HEAP) refers (Special) to heapauxi.o(.text) for __use_two_region_memory
    startup_stm32f2xx.o(RESET) refers (Special) to heapauxi.o(.text) for __use_two_region_memory
    startup_stm32f2xx.o(RESET) refers to startup_stm32f2xx.o(STACK) for __initial_sp
    startup_stm32f2xx.o(RESET) refers to startup_stm32f2xx.o(.text) for Reset_Handler
    startup_stm32f2xx.o(RESET) refers to stm32f2xx_it.o(i.NMI_Handler) for NMI_Handler
    startup_stm32f2xx.o(RESET) refers to stm32f2xx_it.o(i.HardFault_Handler) for HardFault_Handler
    startup_stm32f2xx.o(RESET) refers to stm32f2xx_it.o(i.MemManage_Handler) for MemManage_Handler
    startup_stm32f2xx.o(RESET) refers to stm32f2xx_it.o(i.BusFault_Handler) for BusFault_Handler
    startup_stm32f2xx.o(RESET) refers to stm32f2xx_it.o(i.UsageFault_Handler) for UsageFault_Handler
    startup_stm32f2xx.o(RESET) refers to stm32f2xx_it.o(i.SVC_Handler) for SVC_Handler
    startup_stm32f2xx.o(RESET) refers to stm32f2xx_it.o(i.DebugMon_Handler) for DebugMon_Handler
    startup_stm32f2xx.o(RESET) refers to stm32f2xx_it.o(i.PendSV_Handler) for PendSV_Handler
    startup_stm32f2xx.o(RESET) refers to systick.o(i.SysTick_Handler) for SysTick_Handler
    startup_stm32f2xx.o(RESET) refers to time2.o(i.TIM2_IRQHandler) for TIM2_IRQHandler
    startup_stm32f2xx.o(RESET) refers to printf_usart.o(i.USART1_IRQHandler) for USART1_IRQHandler
    startup_stm32f2xx.o(RESET) refers to rx485_uart.o(i.USART3_IRQHandler) for USART3_IRQHandler
    startup_stm32f2xx.o(.text) refers (Special) to heapauxi.o(.text) for __use_two_region_memory
    startup_stm32f2xx.o(.text) refers to system_stm32f2xx.o(i.SystemInit) for SystemInit
    startup_stm32f2xx.o(.text) refers to __main.o(!!!main) for __main
    startup_stm32f2xx.o(.text) refers to startup_stm32f2xx.o(HEAP) for Heap_Mem
    startup_stm32f2xx.o(.text) refers to startup_stm32f2xx.o(STACK) for Stack_Mem
    systick.o(i.Delay_ms) refers to systick.o(.data) for nTime
    systick.o(i.SysTick_Handler) refers to timer.o(i.TimingDelay_Decrement) for TimingDelay_Decrement
    systick.o(i.SysTick_Handler) refers to systick.o(.data) for tenms
    systick.o(i.configMsTick) refers to system_stm32f2xx.o(.data) for SystemCoreClock
    printf_usart.o(i.Printf_USART_Configuration) refers to stm32f2xx_rcc.o(i.RCC_AHB1PeriphClockCmd) for RCC_AHB1PeriphClockCmd
    printf_usart.o(i.Printf_USART_Configuration) refers to stm32f2xx_rcc.o(i.RCC_APB2PeriphClockCmd) for RCC_APB2PeriphClockCmd
    printf_usart.o(i.Printf_USART_Configuration) refers to stm32f2xx_gpio.o(i.GPIO_PinAFConfig) for GPIO_PinAFConfig
    printf_usart.o(i.Printf_USART_Configuration) refers to stm32f2xx_gpio.o(i.GPIO_Init) for GPIO_Init
    printf_usart.o(i.Printf_USART_Configuration) refers to stm32f2xx_usart.o(i.USART_Init) for USART_Init
    printf_usart.o(i.Printf_USART_Configuration) refers to stm32f2xx_usart.o(i.USART_ITConfig) for USART_ITConfig
    printf_usart.o(i.Printf_USART_Configuration) refers to stm32f2xx_usart.o(i.USART_Cmd) for USART_Cmd
[...]
    _get_lc_ctype                             - Undefined Weak Reference
    _get_lc_monetary                          - Undefined Weak Reference
    _get_lc_numeric                           - Undefined Weak Reference
    _get_lc_time                              - Undefined Weak Reference
    _getenv_init                              - Undefined Weak Reference
    _handle_redirection                       - Undefined Weak Reference
    _init_alloc                               - Undefined Weak Reference
    _init_user_alloc                          - Undefined Weak Reference
    _initio                                   - Undefined Weak Reference
    _printf_mbtowc                            - Undefined Weak Reference
    _printf_post_padding                      - Undefined Weak Reference
    _printf_pre_padding                       - Undefined Weak Reference
    _printf_truncate_signed                   - Undefined Weak Reference
    _printf_truncate_unsigned                 - Undefined Weak Reference
    _rand_init                                - Undefined Weak Reference
    _signal_finish                            - Undefined Weak Reference
    _signal_init                              - Undefined Weak Reference
    _terminate_alloc                          - Undefined Weak Reference
    _terminate_user_alloc                     - Undefined Weak Reference
    _terminateio                              - Undefined Weak Reference
    __Vectors_Size                           0x00000184   Number         0  startup_stm32f2xx.o ABSOLUTE
    __Vectors                                0x08010000   Data           4  startup_stm32f2xx.o(RESET)
    __Vectors_End                            0x08010184   Data           0  startup_stm32f2xx.o(RESET)
    __main                                   0x08010185   Thumb Code     8  __main.o(!!!main)
    __scatterload                            0x0801018d   Thumb Code     0  __scatter.o(!!!scatter)
    __scatterload_rt2                        0x0801018d   Thumb Code    44  __scatter.o(!!!scatter)
    __scatterload_rt2_thumb_only             0x0801018d   Thumb Code     0  __scatter.o(!!!scatter)
    __scatterload_null                       0x0801019b   Thumb Code     0  __scatter.o(!!!scatter)
    __scatterload_copy                       0x080101c1   Thumb Code    26  __scatter_copy.o(!!handler_copy)
    __scatterload_zeroinit                   0x080101dd   Thumb Code    28  __scatter_zi.o(!!handler_zi)
    _printf_ll                               0x080101f9   Thumb Code     0  _printf_ll.o(.ARM.Collect$$_printf_percent$$00000007)
    _printf_percent                          0x080101f9   Thumb Code     0  _printf_percent.o(.ARM.Collect$$_printf_percent$$00000000)
    _printf_d                                0x08010203   Thumb Code     0  _printf_d.o(.ARM.Collect$$_printf_percent$$00000009)
    _printf_lld                              0x08010209   Thumb Code     0  _printf_lld.o(.ARM.Collect$$_printf_percent$$0000000E)
    _printf_c                                0x0801020f   Thumb Code     0  _printf_c.o(.ARM.Collect$$_printf_percent$$00000013)
    _printf_percent_end                      0x08010215   Thumb Code     0  _printf_percent_end.o(.ARM.Collect$$_printf_percent$$00000017)
    __rt_lib_init                            0x08010219   Thumb Code     0  libinit.o(.ARM.Collect$$libinit$$00000000)
    __rt_lib_init_alloca_1                   0x0801021b   Thumb Code     0  libinit2.o(.ARM.Collect$$libinit$$0000002E)
    __rt_lib_init_argv_1                     0x0801021b   Thumb Code     0  libinit2.o(.ARM.Collect$$libinit$$0000002C)
    __rt_lib_init_atexit_1                   0x0801021b   Thumb Code     0  libinit2.o(.ARM.Collect$$libinit$$0000001B)
    __rt_lib_init_clock_1                    0x0801021b   Thumb Code     0  libinit2.o(.ARM.Collect$$libinit$$00000021)
    __rt_lib_init_cpp_1                      0x0801021b   Thumb Code     0  libinit2.o(.ARM.Collect$$libinit$$00000032)
    __rt_lib_init_exceptions_1               0x0801021b   Thumb Code     0  libinit2.o(.ARM.Collect$$libinit$$00000030)
    __rt_lib_init_fp_1                       0x0801021b   Thumb Code     0  libinit2.o(.ARM.Collect$$libinit$$00000002)
    __rt_lib_init_fp_trap_1                  0x0801021b   Thumb Code     0  libinit2.o(.ARM.Collect$$libinit$$0000001F)
    __rt_lib_init_getenv_1                   0x0801021b   Thumb Code     0  libinit2.o(.ARM.Collect$$libinit$$00000023)
    __rt_lib_init_heap_1                     0x0801021b   Thumb Code     0  libinit2.o(.ARM.Collect$$libinit$$0000000A)
    __rt_lib_init_lc_collate_1               0x0801021b   Thumb Code     0  libinit2.o(.ARM.Collect$$libinit$$00000011)
    __rt_lib_init_lc_ctype_1                 0x0801021b   Thumb Code     0  libinit2.o(.ARM.Collect$$libinit$$00000013)
    __rt_lib_init_lc_monetary_1              0x0801021b   Thumb Code     0  libinit2.o(.ARM.Collect$$libinit$$00000015)
    __rt_lib_init_lc_numeric_1               0x0801021b   Thumb Code     0  libinit2.o(.ARM.Collect$$libinit$$00000017)
    __rt_lib_init_lc_time_1                  0x0801021b   Thumb Code     0  libinit2.o(.ARM.Collect$$libinit$$00000019)
    __rt_lib_init_preinit_1                  0x0801021b   Thumb Code     0  libinit2.o(.ARM.Collect$$libinit$$00000004)
    __rt_lib_init_rand_1                     0x0801021b   Thumb Code     0  libinit2.o(.ARM.Collect$$libinit$$0000000E)
    __rt_lib_init_return                     0x0801021b   Thumb Code     0  libinit2.o(.ARM.Collect$$libinit$$00000033)
    __rt_lib_init_signal_1                   0x0801021b   Thumb Code     0  libinit2.o(.ARM.Collect$$libinit$$0000001D)
    __rt_lib_init_stdio_1                    0x0801021b   Thumb Code     0  libinit2.o(.ARM.Collect$$libinit$$00000025)
    __rt_lib_init_user_alloc_1               0x0801021b   Thumb Code     0  libinit2.o(.ARM.Collect$$libinit$$0000000C)
    __rt_lib_shutdown                        0x0801021d   Thumb Code     0  libshutdown.o(.ARM.Collect$$libshutdown$$00000000)
    __rt_lib_shutdown_cpp_1                  0x0801021f   Thumb Code     0  libshutdown2.o(.ARM.Collect$$libshutdown$$00000002)
    __rt_lib_shutdown_fp_trap_1              0x0801021f   Thumb Code     0  libshutdown2.o(.ARM.Collect$$libshutdown$$00000007)
    __rt_lib_shutdown_heap_1                 0x0801021f   Thumb Code     0  libshutdown2.o(.ARM.Collect$$libshutdown$$0000000F)
    __rt_lib_shutdown_return                 0x0801021f   Thumb Code     0  libshutdown2.o(.ARM.Collect$$libshutdown$$00000010)
    __rt_lib_shutdown_signal_1               0x0801021f   Thumb Code     0  libshutdown2.o(.ARM.Collect$$libshutdown$$0000000A)
    __rt_lib_shutdown_stdio_1                0x0801021f   Thumb Code     0  libshutdown2.o(.ARM.Collect$$libshutdown$$00000004)
    __rt_lib_shutdown_user_alloc_1           0x0801021f   Thumb Code     0  libshutdown2.o(.ARM.Collect$$libshutdown$$0000000C)
    __rt_entry                               0x08010221   Thumb Code     0  __rtentry.o(.ARM.Collect$$rtentry$$00000000)
    __rt_entry_presh_1                       0x08010221   Thumb Code     0  __rtentry2.o(.ARM.Collect$$rtentry$$00000002)
    __rt_entry_sh                            0x08010221   Thumb Code     0  __rtentry4.o(.ARM.Collect$$rtentry$$00000004)
    __rt_entry_li                            0x08010227   Thumb Code     0  __rtentry2.o(.ARM.Collect$$rtentry$$0000000A)
    __rt_entry_postsh_1                      0x08010227   Thumb Code     0  __rtentry2.o(.ARM.Collect$$rtentry$$00000009)
    __rt_entry_main                          0x0801022b   Thumb Code     0  __rtentry2.o(.ARM.Collect$$rtentry$$0000000D)
    __rt_entry_postli_1                      0x0801022b   Thumb Code     0  __rtentry2.o(.ARM.Collect$$rtentry$$0000000C)
    __rt_exit                                0x08010233   Thumb Code     0  rtexit.o(.ARM.Collect$$rtexit$$00000000)
    __rt_exit_ls                             0x08010235   Thumb Code     0  rtexit2.o(.ARM.Collect$$rtexit$$00000003)
    __rt_exit_prels_1                        0x08010235   Thumb Code     0  rtexit2.o(.ARM.Collect$$rtexit$$00000002)
    __rt_exit_exit                           0x08010239   Thumb Code     0  rtexit2.o(.ARM.Collect$$rtexit$$00000004)
    Reset_Handler                            0x08010241   Thumb Code     8  startup_stm32f2xx.o(.text)
    ADC_IRQHandler                           0x0801025b   Thumb Code     0  startup_stm32f2xx.o(.text)
    CAN1_RX0_IRQHandler                      0x0801025b   Thumb Code     0  startup_stm32f2xx.o(.text)
    CAN1_RX1_IRQHandler                      0x0801025b   Thumb Code     0  startup_stm32f2xx.o(.text)
    CAN1_SCE_IRQHandler                      0x0801025b   Thumb Code     0  startup_stm32f2xx.o(.text)
    CAN1_TX_IRQHandler                       0x0801025b   Thumb Code     0  startup_stm32f2xx.o(.text)
    CAN2_RX0_IRQHandler                      0x0801025b   Thumb Code     0  startup_stm32f2xx.o(.text)
    CAN2_RX1_IRQHandler                      0x0801025b   Thumb Code     0  startup_stm32f2xx.o(.text)
    CAN2_SCE_IRQHandler                      0x0801025b   Thumb Code     0  startup_stm32f2xx.o(.text)
    CAN2_TX_IRQHandler                       0x0801025b   Thumb Code     0  startup_stm32f2xx.o(.text)
    CRYP_IRQHandler                          0x0801025b   Thumb Code     0  startup_stm32f2xx.o(.text)
    DCMI_IRQHandler                          0x0801025b   Thumb Code     0  startup_stm32f2xx.o(.text)
    DMA1_Stream0_IRQHandler                  0x0801025b   Thumb Code     0  startup_stm32f2xx.o(.text)
    DMA1_Stream1_IRQHandler                  0x0801025b   Thumb Code     0  startup_stm32f2xx.o(.text)
    DMA1_Stream2_IRQHandler                  0x0801025b   Thumb Code     0  startup_stm32f2xx.o(.text)
    DMA1_Stream3_IRQHandler                  0x0801025b   Thumb Code     0  startup_stm32f2xx.o(.text)
    DMA1_Stream4_IRQHandler                  0x0801025b   Thumb Code     0  startup_stm32f2xx.o(.text)
    DMA1_Stream5_IRQHandler                  0x0801025b   Thumb Code     0  startup_stm32f2xx.o(.text)
    DMA1_Stream6_IRQHandler                  0x0801025b   Thumb Code     0  startup_stm32f2xx.o(.text)
    DMA1_Stream7_IRQHandler                  0x0801025b   Thumb Code     0  startup_stm32f2xx.o(.text)
    DMA2_Stream0_IRQHandler                  0x0801025b   Thumb Code     0  startup_stm32f2xx.o(.text)
    DMA2_Stream1_IRQHandler                  0x0801025b   Thumb Code     0  startup_stm32f2xx.o(.text)
    DMA2_Stream2_IRQHandler                  0x0801025b   Thumb Code     0  startup_stm32f2xx.o(.text)
    DMA2_Stream3_IRQHandler                  0x0801025b   Thumb Code     0  startup_stm32f2xx.o(.text)
    DMA2_Stream4_IRQHandler                  0x0801025b   Thumb Code     0  startup_stm32f2xx.o(.text)
    DMA2_Stream5_IRQHandler                  0x0801025b   Thumb Code     0  startup_stm32f2xx.o(.text)
    DMA2_Stream6_IRQHandler                  0x0801025b   Thumb Code     0  startup_stm32f2xx.o(.text)
    DMA2_Stream7_IRQHandler                  0x0801025b   Thumb Code     0  startup_stm32f2xx.o(.text)
    ETH_IRQHandler                           0x0801025b   Thumb Code     0  startup_stm32f2xx.o(.text)
    ETH_WKUP_IRQHandler                      0x0801025b   Thumb Code     0  startup_stm32f2xx.o(.text)
    EXTI0_IRQHandler                         0x0801025b   Thumb Code     0  startup_stm32f2xx.o(.text)
    EXTI15_10_IRQHandler                     0x0801025b   Thumb Code     0  startup_stm32f2xx.o(.text)
    EXTI1_IRQHandler                         0x0801025b   Thumb Code     0  startup_stm32f2xx.o(.text)
    EXTI2_IRQHandler                         0x0801025b   Thumb Code     0  startup_stm32f2xx.o(.text)
    EXTI3_IRQHandler                         0x0801025b   Thumb Code     0  startup_stm32f2xx.o(.text)
    EXTI4_IRQHandler                         0x0801025b   Thumb Code     0  startup_stm32f2xx.o(.text)
    EXTI9_5_IRQHandler                       0x0801025b   Thumb Code     0  startup_stm32f2xx.o(.text)
    FLASH_IRQHandler                         0x0801025b   Thumb Code     0  startup_stm32f2xx.o(.text)
    FSMC_IRQHandler                          0x0801025b   Thumb Code     0  startup_stm32f2xx.o(.text)
    HASH_RNG_IRQHandler                      0x0801025b   Thumb Code     0  startup_stm32f2xx.o(.text)
    I2C1_ER_IRQHandler                       0x0801025b   Thumb Code     0  startup_stm32f2xx.o(.text)
    I2C1_EV_IRQHandler                       0x0801025b   Thumb Code     0  startup_stm32f2xx.o(.text)
    I2C2_ER_IRQHandler                       0x0801025b   Thumb Code     0  startup_stm32f2xx.o(.text)
    I2C2_EV_IRQHandler                       0x0801025b   Thumb Code     0  startup_stm32f2xx.o(.text)
    I2C3_ER_IRQHandler                       0x0801025b   Thumb Code     0  startup_stm32f2xx.o(.text)
    I2C3_EV_IRQHandler                       0x0801025b   Thumb Code     0  startup_stm32f2xx.o(.text)
    OTG_FS_IRQHandler                        0x0801025b   Thumb Code     0  startup_stm32f2xx.o(.text)
    OTG_FS_WKUP_IRQHandler                   0x0801025b   Thumb Code     0  startup_stm32f2xx.o(.text)
    OTG_HS_EP1_IN_IRQHandler                 0x0801025b   Thumb Code     0  startup_stm32f2xx.o(.text)
    OTG_HS_EP1_OUT_IRQHandler                0x0801025b   Thumb Code     0  startup_stm32f2xx.o(.text)
    OTG_HS_IRQHandler                        0x0801025b   Thumb Code     0  startup_stm32f2xx.o(.text)
    OTG_HS_WKUP_IRQHandler                   0x0801025b   Thumb Code     0  startup_stm32f2xx.o(.text)
    PVD_IRQHandler                           0x0801025b   Thumb Code     0  startup_stm32f2xx.o(.text)
    RCC_IRQHandler                           0x0801025b   Thumb Code     0  startup_stm32f2xx.o(.text)
    RTC_Alarm_IRQHandler                     0x0801025b   Thumb Code     0  startup_stm32f2xx.o(.text)
    RTC_WKUP_IRQHandler                      0x0801025b   Thumb Code     0  startup_stm32f2xx.o(.text)
    SDIO_IRQHandler                          0x0801025b   Thumb Code     0  startup_stm32f2xx.o(.text)
    SPI1_IRQHandler                          0x0801025b   Thumb Code     0  startup_stm32f2xx.o(.text)
    SPI2_IRQHandler                          0x0801025b   Thumb Code     0  startup_stm32f2xx.o(.text)
    SPI3_IRQHandler                          0x0801025b   Thumb Code     0  startup_stm32f2xx.o(.text)
    TAMP_STAMP_IRQHandler                    0x0801025b   Thumb Code     0  startup_stm32f2xx.o(.text)
    TIM1_BRK_TIM9_IRQHandler                 0x0801025b   Thumb Code     0  startup_stm32f2xx.o(.text)
    TIM1_CC_IRQHandler                       0x0801025b   Thumb Code     0  startup_stm32f2xx.o(.text)
    TIM1_TRG_COM_TIM11_IRQHandler            0x0801025b   Thumb Code     0  startup_stm32f2xx.o(.text)
    TIM1_UP_TIM10_IRQHandler                 0x0801025b   Thumb Code     0  startup_stm32f2xx.o(.text)
    TIM3_IRQHandler                          0x0801025b   Thumb Code     0  startup_stm32f2xx.o(.text)
    TIM4_IRQHandler                          0x0801025b   Thumb Code     0  startup_stm32f2xx.o(.text)
    TIM5_IRQHandler                          0x0801025b   Thumb Code     0  startup_stm32f2xx.o(.text)
    TIM6_DAC_IRQHandler                      0x0801025b   Thumb Code     0  startup_stm32f2xx.o(.text)
    TIM7_IRQHandler                          0x0801025b   Thumb Code     0  startup_stm32f2xx.o(.text)
    TIM8_BRK_TIM12_IRQHandler                0x0801025b   Thumb Code     0  startup_stm32f2xx.o(.text)
    TIM8_CC_IRQHandler                       0x0801025b   Thumb Code     0  startup_stm32f2xx.o(.text)
    TIM8_TRG_COM_TIM14_IRQHandler            0x0801025b   Thumb Code     0  startup_stm32f2xx.o(.text)
    TIM8_UP_TIM13_IRQHandler                 0x0801025b   Thumb Code     0  startup_stm32f2xx.o(.text)
    UART4_IRQHandler                         0x0801025b   Thumb Code     0  startup_stm32f2xx.o(.text)
    UART5_IRQHandler                         0x0801025b   Thumb Code     0  startup_stm32f2xx.o(.text)
    USART2_IRQHandler                        0x0801025b   Thumb Code     0  startup_stm32f2xx.o(.text)
    USART6_IRQHandler                        0x0801025b   Thumb Code     0  startup_stm32f2xx.o(.text)
    WWDG_IRQHandler                          0x0801025b   Thumb Code     0  startup_stm32f2xx.o(.text)
    __user_initial_stackheap                 0x0801025d   Thumb Code     0  startup_stm32f2xx.o(.text)
    __I$use$semihosting                      0x08010281   Thumb Code     0  use_no_semi.o(.text)
    __use_no_semihosting_swi                 0x08010281   Thumb Code     2  use_no_semi.o(.text)
    __aeabi_uldivmod                         0x08010283   Thumb Code     0  lludivv7m.o(.text)
    _ll_udiv                                 0x08010283   Thumb Code   238  lludivv7m.o(.text)
    __2printf                                0x08010371   Thumb Code    20  noretval__2printf.o(.text)
    _printf_str                              0x08010389   Thumb Code    82  _printf_str.o(.text)
    _printf_int_dec                          0x080103dd   Thumb Code   104  _printf_dec.o(.text)
    _printf_longlong_dec                     0x08010455   Thumb Code   108  _printf_longlong_dec.o(.text)
    __printf                                 0x080104d1   Thumb Code   184  __printf_ss.o(.text)
    __aeabi_memcpy                           0x08010589   Thumb Code     0  rt_memcpy_v6.o(.text)
    __rt_memcpy                              0x08010589   Thumb Code   138  rt_memcpy_v6.o(.text)
    _memcpy_lastbytes                        0x080105ef   Thumb Code     0  rt_memcpy_v6.o(.text)
    __aeabi_memcpy4                          0x08010613   Thumb Code     0  rt_memcpy_w.o(.text)
    __aeabi_memcpy8                          0x08010613   Thumb Code     0  rt_memcpy_w.o(.text)
    __rt_memcpy_w                            0x08010613   Thumb Code   100  rt_memcpy_w.o(.text)
    _memcpy_lastbytes_aligned                0x0801065b   Thumb Code     0  rt_memcpy_w.o(.text)
    __aeabi_memclr                           0x08010677   Thumb Code     0  rt_memclr.o(.text)
    __rt_memclr                              0x08010677   Thumb Code    68  rt_memclr.o(.text)
    _memset                                  0x0801067b   Thumb Code     0  rt_memclr.o(.text)
    __aeabi_memclr4                          0x080106bb   Thumb Code     0  rt_memclr_w.o(.text)
    __aeabi_memclr8                          0x080106bb   Thumb Code     0  rt_memclr_w.o(.text)
    __rt_memclr_w                            0x080106bb   Thumb Code    78  rt_memclr_w.o(.text)
    _memset_w                                0x080106bf   Thumb Code     0  rt_memclr_w.o(.text)
    __use_two_region_memory                  0x08010709   Thumb Code     2  heapauxi.o(.text)
    __rt_heap_escrow$2region                 0x0801070b   Thumb Code     2  heapauxi.o(.text)
    __rt_heap_expand$2region                 0x0801070d   Thumb Code     2  heapauxi.o(.text)
    _ll_udiv10                               0x0801070f   Thumb Code   138  lludiv10.o(.text)
    __read_errno                             0x08010799   Thumb Code    10  _rserrno.o(.text)
    __set_errno                              0x080107a3   Thumb Code    12  _rserrno.o(.text)
    _printf_int_common                       0x080107af   Thumb Code   178  _printf_intcommon.o(.text)
    _printf_cs_common                        0x08010861   Thumb Code    20  _printf_char.o(.text)
    _printf_char                             0x08010875   Thumb Code    16  _printf_char.o(.text)
    _printf_string                           0x08010885   Thumb Code     8  _printf_char.o(.text)
    _printf_char_file                        0x0801088d   Thumb Code    32  _printf_char_file.o(.text)
    __aeabi_errno_addr                       0x080108b1   Thumb Code     8  rt_errno_addr_intlibspace.o(.text)
    __errno$intlibspace                      0x080108b1   Thumb Code     0  rt_errno_addr_intlibspace.o(.text)
    __rt_errno_addr$intlibspace              0x080108b1   Thumb Code     0  rt_errno_addr_intlibspace.o(.text)
    _printf_char_common                      0x080108c3   Thumb Code    32  _printf_char_common.o(.text)
    __user_libspace                          0x080108e9   Thumb Code     8  libspace.o(.text)
    __user_perproc_libspace                  0x080108e9   Thumb Code     0  libspace.o(.text)
    __user_perthread_libspace                0x080108e9   Thumb Code     0  libspace.o(.text)
    __user_setup_stackheap                   0x080108f1   Thumb Code    74  sys_stackheap_outer.o(.text)
    exit                                     0x0801093b   Thumb Code    18  exit.o(.text)
    ADC_ClearFlag                            0x0801094d   Thumb Code     6  stm32f2xx_adc.o(i.ADC_ClearFlag)
    ADC_Cmd                                  0x08010953   Thumb Code    22  stm32f2xx_adc.o(i.ADC_Cmd)
    ADC_CommonInit                           0x08010969   Thumb Code    34  stm32f2xx_adc.o(i.ADC_CommonInit)
    ADC_GetConversionValue                   0x08010999   Thumb Code     8  stm32f2xx_adc.o(i.ADC_GetConversionValue)
    ADC_GetFlagStatus                        0x080109a1   Thumb Code    18  stm32f2xx_adc.o(i.ADC_GetFlagStatus)
    ADC_Init                                 0x080109b5   Thumb Code    74  stm32f2xx_adc.o(i.ADC_Init)
    ADC_RegularChannelConfig                 0x08010a09   Thumb Code   184  stm32f2xx_adc.o(i.ADC_RegularChannelConfig)
    ADC_SoftwareStartConv                    0x08010ac1   Thumb Code    10  stm32f2xx_adc.o(i.ADC_SoftwareStartConv)
    Board_DAC_Init                           0x08010acd   Thumb Code    72  dac.o(i.Board_DAC_Init)
    BusFault_Handler                         0x08010b19   Thumb Code     4  stm32f2xx_it.o(i.BusFault_Handler)
    Calculate_CRC16_Bits                     0x08010b1d   Thumb Code   184  utility.o(i.Calculate_CRC16_Bits)
    Cancellation                             0x08010bd9   Thumb Code   852  cancellation.o(i.Cancellation)
    Cancellation_ADC_Init                    0x08010fd5   Thumb Code   178  adc.o(i.Cancellation_ADC_Init)
    Cancellation_Init                        0x08011095   Thumb Code    18  cancellation.o(i.Cancellation_Init)
    ClearSendBuf                             0x080110a7   Thumb Code    16  epc.o(i.ClearSendBuf)
    Crc16l_1                                 0x080110b9   Thumb Code   102  utility.o(i.Crc16l_1)
    Crc5Bit                                  0x08011125   Thumb Code   170  utility.o(i.Crc5Bit)
    Crc5_8Bits                               0x080111d5   Thumb Code    82  utility.o(i.Crc5_8Bits)
    DAC1080S_Write                           0x0801122d   Thumb Code    38  dac1080s.o(i.DAC1080S_Write)
    DAC_Cmd                                  0x08011255   Thumb Code    34  stm32f2xx_dac.o(i.DAC_Cmd)
    DAC_Init                                 0x0801127d   Thumb Code    46  stm32f2xx_dac.o(i.DAC_Init)
    DebugMon_Handler                         0x080112b1   Thumb Code     2  stm32f2xx_it.o(i.DebugMon_Handler)
    Delay_ms                                 0x080112b5   Thumb Code    16  systick.o(i.Delay_ms)
    Delay_us                                 0x080112c9   Thumb Code    46  timer.o(i.Delay_us)
    Delay_us1                                0x080112f9   Thumb Code   136  timer.o(i.Delay_us1)
    EN25Q256_Erase_Sector                    0x0801138d   Thumb Code    68  en25q256.o(i.EN25Q256_Erase_Sector)
    EN25Q256_Init                            0x080113d5   Thumb Code    88  en25q256.o(i.EN25Q256_Init)
    EN25Q256_Read                            0x08011455   Thumb Code    82  en25q256.o(i.EN25Q256_Read)
    EN25Q256_ReadID                          0x080114ad   Thumb Code    70  en25q256.o(i.EN25Q256_ReadID)
    EN25Q256_ReadSR                          0x080114f9   Thumb Code    42  en25q256.o(i.EN25Q256_ReadSR)
    EN25Q256_Wait_Busy                       0x08011529   Thumb Code    18  en25q256.o(i.EN25Q256_Wait_Busy)
    EN25Q256_Write                           0x0801153d   Thumb Code   180  en25q256.o(i.EN25Q256_Write)
    EN25Q256_Write_Enable                    0x080115f5   Thumb Code    30  en25q256.o(i.EN25Q256_Write_Enable)
    EN25Q256_Write_NoCheck                   0x08011619   Thumb Code    70  en25q256.o(i.EN25Q256_Write_NoCheck)
    EN25Q256_Write_Page                      0x08011661   Thumb Code    88  en25q256.o(i.EN25Q256_Write_Page)
    EPC_IO_Configure                         0x080116bd   Thumb Code   152  epc.o(i.EPC_IO_Configure)
    EPC_SendCommand                          0x08011761   Thumb Code   176  epc.o(i.EPC_SendCommand)
    GPIO_Init                                0x08011821   Thumb Code   144  stm32f2xx_gpio.o(i.GPIO_Init)
    GPIO_PinAFConfig                         0x080118b1   Thumb Code    70  stm32f2xx_gpio.o(i.GPIO_PinAFConfig)
    GPIO_ReadInputDataBit                    0x080118f7   Thumb Code    18  stm32f2xx_gpio.o(i.GPIO_ReadInputDataBit)
    GPIO_ResetBits                           0x08011909   Thumb Code     4  stm32f2xx_gpio.o(i.GPIO_ResetBits)
    GPIO_SetBits                             0x0801190d   Thumb Code     4  stm32f2xx_gpio.o(i.GPIO_SetBits)
    Get_ADC_Value                            0x08011911   Thumb Code   228  adc.o(i.Get_ADC_Value)
    HardFault_Handler                        0x080119f5   Thumb Code     4  stm32f2xx_it.o(i.HardFault_Handler)
    LMX2541_SetFrequency                     0x080119f9   Thumb Code   112  lmx2541.o(i.LMX2541_SetFrequency)
    LMX2541_Write                            0x08011a95   Thumb Code   110  lmx2541.o(i.LMX2541_Write)
    MCU_MessageDeal                          0x08011b09   Thumb Code   184  rx485_rev.o(i.MCU_MessageDeal)
    MCU_To_MCU                               0x08011c11   Thumb Code   186  rx485_send.o(i.MCU_To_MCU)
    MOS_SW_GPIO_Init                         0x08011cd1   Thumb Code    68  cancellation.o(i.MOS_SW_GPIO_Init)
    MemManage_Handler                        0x08011d19   Thumb Code     4  stm32f2xx_it.o(i.MemManage_Handler)
    MessageDeal                              0x08011d1d   Thumb Code    80  rx485_rev.o(i.MessageDeal)
    NMI_Handler                              0x08011d7d   Thumb Code     2  stm32f2xx_it.o(i.NMI_Handler)
    NVIC_Init                                0x08011d81   Thumb Code   106  misc.o(i.NVIC_Init)
    NVIC_PriorityGroupConfig                 0x08011df9   Thumb Code    10  misc.o(i.NVIC_PriorityGroupConfig)
    PLL_IO_Configure                         0x08011e0d   Thumb Code   144  lmx2541.o(i.PLL_IO_Configure)
    PendSV_Handler                           0x08011ea1   Thumb Code     2  stm32f2xx_it.o(i.PendSV_Handler)
    Printf_USART_Configuration               0x08011ea5   Thumb Code   190  printf_usart.o(i.Printf_USART_Configuration)
    Printf_USART_NVIC_Config                 0x08011f6d   Thumb Code    34  printf_usart.o(i.Printf_USART_NVIC_Config)
    RCC_AHB1PeriphClockCmd                   0x08011f91   Thumb Code    26  stm32f2xx_rcc.o(i.RCC_AHB1PeriphClockCmd)
    RCC_APB1PeriphClockCmd                   0x08011fb1   Thumb Code    26  stm32f2xx_rcc.o(i.RCC_APB1PeriphClockCmd)
    RCC_APB1PeriphResetCmd                   0x08011fd1   Thumb Code    26  stm32f2xx_rcc.o(i.RCC_APB1PeriphResetCmd)
    RCC_APB2PeriphClockCmd                   0x08011ff1   Thumb Code    26  stm32f2xx_rcc.o(i.RCC_APB2PeriphClockCmd)
    RCC_APB2PeriphResetCmd                   0x08012011   Thumb Code    26  stm32f2xx_rcc.o(i.RCC_APB2PeriphResetCmd)
    RCC_GetClocksFreq                        0x08012031   Thumb Code   214  stm32f2xx_rcc.o(i.RCC_GetClocksFreq)
    READ_LED_Init                            0x08012119   Thumb Code    50  read_led.o(i.READ_LED_Init)
    RFPowerOFF                               0x08012151   Thumb Code    20  rf_oper.o(i.RFPowerOFF)
    RFPowerON                                0x08012169   Thumb Code    30  rf_oper.o(i.RFPowerON)
    RFPower_GPIO_Init                        0x08012191   Thumb Code   108  rf_oper.o(i.RFPower_GPIO_Init)
    RF_To_SM                                 0x08012205   Thumb Code   454  communication.o(i.RF_To_SM)
    RS485_IO_Init                            0x080123e9   Thumb Code   112  rx485_uart.o(i.RS485_IO_Init)
    RX485_USART_Configuration                0x08012461   Thumb Code   192  rx485_uart.o(i.RX485_USART_Configuration)
    RX485_USART_NVIC_Config                  0x0801252d   Thumb Code    32  rx485_uart.o(i.RX485_USART_NVIC_Config)
    RX485_recvCommData                       0x0801254d   Thumb Code    80  rx485_rev.o(i.RX485_recvCommData)
    ReadTag                                  0x080125ad   Thumb Code    16  air_interface.o(i.ReadTag)
    Rf_GPIO_Init                             0x080125bd   Thumb Code    24  rf_oper.o(i.Rf_GPIO_Init)
    SVC_Handler                              0x080125d5   Thumb Code     2  stm32f2xx_it.o(i.SVC_Handler)
    Send_Data                                0x080125d9   Thumb Code   198  epc.o(i.Send_Data)
    Send_Delimiter                           0x080126a9   Thumb Code   326  epc.o(i.Send_Delimiter)
    Set_WTM                                  0x080128c5   Thumb Code    12  dac1080s.o(i.Set_WTM)
    Sim_SPI_Init                             0x080128d1   Thumb Code   180  sim_spi.o(i.Sim_SPI_Init)
    Sim_SPI_ReadWriteBuf                     0x08012989   Thumb Code    96  sim_spi.o(i.Sim_SPI_ReadWriteBuf)
    Sim_SPI_ReadWrite_Byte                   0x080129ed   Thumb Code    94  sim_spi.o(i.Sim_SPI_ReadWrite_Byte)
    Sim_SPL_nop                              0x08012a51   Thumb Code    32  sim_spi.o(i.Sim_SPL_nop)
    Sm_MessageDeal                           0x08012a71   Thumb Code   202  communication.o(i.Sm_MessageDeal)
    Soft_SPI_Init                            0x08012b49   Thumb Code   210  soft_spi.o(i.Soft_SPI_Init)
    Soft_SPI_ReadWrite_Byte                  0x08012c25   Thumb Code   110  soft_spi.o(i.Soft_SPI_ReadWrite_Byte)
    Soft_SPL_nop                             0x08012c9d   Thumb Code    22  soft_spi.o(i.Soft_SPL_nop)
    StuffSendBuf                             0x08012cb5   Thumb Code   132  epc.o(i.StuffSendBuf)
    SysTick_Handler                          0x08012d41   Thumb Code   124  systick.o(i.SysTick_Handler)
    SystemInit                               0x08012dd5   Thumb Code    72  system_stm32f2xx.o(i.SystemInit)
    TIM2_Configuration                       0x08012f53   Thumb Code   110  time2.o(i.TIM2_Configuration)
    TIM2_IRQHandler                          0x08012fc1   Thumb Code    40  time2.o(i.TIM2_IRQHandler)
    TIM_ClearFlag                            0x08012ff9   Thumb Code     6  stm32f2xx_tim.o(i.TIM_ClearFlag)
    TIM_ClearITPendingBit                    0x08012fff   Thumb Code     6  stm32f2xx_tim.o(i.TIM_ClearITPendingBit)
    TIM_Cmd                                  0x08013005   Thumb Code    24  stm32f2xx_tim.o(i.TIM_Cmd)
    TIM_DeInit                               0x0801301d   Thumb Code   346  stm32f2xx_tim.o(i.TIM_DeInit)
    TIM_GetCapture2                          0x080131ad   Thumb Code     6  stm32f2xx_tim.o(i.TIM_GetCapture2)
    TIM_GetCounter                           0x080131b3   Thumb Code     6  stm32f2xx_tim.o(i.TIM_GetCounter)
    TIM_GetFlagStatus                        0x080131b9   Thumb Code    18  stm32f2xx_tim.o(i.TIM_GetFlagStatus)
    TIM_GetITStatus                          0x080131cb   Thumb Code    34  stm32f2xx_tim.o(i.TIM_GetITStatus)
    TIM_ICInit                               0x080131ed   Thumb Code   110  stm32f2xx_tim.o(i.TIM_ICInit)
    TIM_ITConfig                             0x0801325b   Thumb Code    18  stm32f2xx_tim.o(i.TIM_ITConfig)
    TIM_PrescalerConfig                      0x0801326d   Thumb Code     6  stm32f2xx_tim.o(i.TIM_PrescalerConfig)
    TIM_SetAutoreload                        0x08013273   Thumb Code     4  stm32f2xx_tim.o(i.TIM_SetAutoreload)
    TIM_SetCounter                           0x08013277   Thumb Code     4  stm32f2xx_tim.o(i.TIM_SetCounter)
    TIM_SetIC1Prescaler                      0x0801327b   Thumb Code    18  stm32f2xx_tim.o(i.TIM_SetIC1Prescaler)
    TIM_SetIC2Prescaler                      0x0801328d   Thumb Code    26  stm32f2xx_tim.o(i.TIM_SetIC2Prescaler)
    TIM_SetIC3Prescaler                      0x080132a7   Thumb Code    18  stm32f2xx_tim.o(i.TIM_SetIC3Prescaler)
    TIM_SetIC4Prescaler                      0x080132b9   Thumb Code    26  stm32f2xx_tim.o(i.TIM_SetIC4Prescaler)
    TIM_TimeBaseInit                         0x080132d5   Thumb Code   104  stm32f2xx_tim.o(i.TIM_TimeBaseInit)
    Timer3_Init                              0x08013359   Thumb Code   132  timer3.o(i.Timer3_Init)
    TimingDelay_Decrement                    0x080133e5   Thumb Code    44  timer.o(i.TimingDelay_Decrement)
    USART1_IRQHandler                        0x0801341d   Thumb Code    32  printf_usart.o(i.USART1_IRQHandler)
    USART3_IRQHandler                        0x08013479   Thumb Code   210  rx485_uart.o(i.USART3_IRQHandler)
    USART3_SendData                          0x08013579   Thumb Code   126  rx485_uart.o(i.USART3_SendData)
    USART_ClearFlag                          0x08013615   Thumb Code    18  stm32f2xx_usart.o(i.USART_ClearFlag)
    USART_Cmd                                0x08013627   Thumb Code    24  stm32f2xx_usart.o(i.USART_Cmd)
    USART_GetFlagStatus                      0x0801363f   Thumb Code    26  stm32f2xx_usart.o(i.USART_GetFlagStatus)
    USART_GetITStatus                        0x08013659   Thumb Code    84  stm32f2xx_usart.o(i.USART_GetITStatus)
    USART_ITConfig                           0x080136ad   Thumb Code    74  stm32f2xx_usart.o(i.USART_ITConfig)
    USART_Init                               0x080136f9   Thumb Code   204  stm32f2xx_usart.o(i.USART_Init)
    USART_ReceiveData                        0x080137cd   Thumb Code    10  stm32f2xx_usart.o(i.USART_ReceiveData)
    USART_SendData                           0x080137d7   Thumb Code     8  stm32f2xx_usart.o(i.USART_SendData)
    UsageFault_Handler                       0x080137df   Thumb Code     4  stm32f2xx_it.o(i.UsageFault_Handler)
    XOR_Cal                                  0x080137e3   Thumb Code    26  utility.o(i.XOR_Cal)
    _6D_ACK                                  0x080137fd   Thumb Code   104  air_interface.o(i._6D_ACK)
    _6D_Disperse                             0x08013871   Thumb Code    48  air_interface.o(i._6D_Disperse)
    _6D_Divide                               0x080138ad   Thumb Code    64  air_interface.o(i._6D_Divide)
    _6D_EPC_ReadMulti_Protcol                0x080138f9   Thumb Code   566  air_interface.o(i._6D_EPC_ReadMulti_Protcol)
    _6D_FM0Decode                            0x08013b7d   Thumb Code    24  air_interface.o(i._6D_FM0Decode)
    _6D_MyFM0Decode                          0x08013b9d   Thumb Code   910  air_interface.o(i._6D_MyFM0Decode)
    _6D_Query                                0x08013f99   Thumb Code   176  air_interface.o(i._6D_Query)
    _6D_QueryRep                             0x08014059   Thumb Code    48  air_interface.o(i._6D_QueryRep)
    _6D_RN16_FM0Decode                       0x08014095   Thumb Code    24  air_interface.o(i._6D_RN16_FM0Decode)
    _6D_Shrink                               0x080140b5   Thumb Code    52  air_interface.o(i._6D_Shrink)
    _6D_T1                                   0x080140f5   Thumb Code   242  air_interface.o(i._6D_T1)
    _6D_T2                                   0x08014205   Thumb Code   242  air_interface.o(i._6D_T2)
    _6D_TOKEN1                               0x08014315   Thumb Code    56  air_interface.o(i._6D_TOKEN1)
    _6D_TOKEN1Decode                         0x08014355   Thumb Code    24  air_interface.o(i._6D_TOKEN1Decode)
    _6D_TOKEN2                               0x08014375   Thumb Code    56  air_interface.o(i._6D_TOKEN2)
    __ARM_fpclassify                         0x080143b5   Thumb Code    40  fpclassify.o(i.__ARM_fpclassify)
    __ieee754_rem_pio2                       0x080143dd   Thumb Code   828  rred.o(i.__ieee754_rem_pio2)
    __kernel_cos                             0x08014765   Thumb Code   230  cos_i.o(i.__kernel_cos)
    __kernel_poly                            0x08014861   Thumb Code   170  poly.o(i.__kernel_poly)
    __kernel_sin                             0x0801490d   Thumb Code   224  sin_i.o(i.__kernel_sin)
    __mathlib_dbl_infnan                     0x080149f9   Thumb Code     6  dunder.o(i.__mathlib_dbl_infnan)
    __mathlib_dbl_invalid                    0x080149ff   Thumb Code    12  dunder.o(i.__mathlib_dbl_invalid)
    __mathlib_dbl_underflow                  0x08014a0d   Thumb Code    10  dunder.o(i.__mathlib_dbl_underflow)
    _sys_exit                                0x08014a1d   Thumb Code    10  retarget.o(i._sys_exit)
    configMsTick                             0x08014a35   Thumb Code    84  systick.o(i.configMsTick)
    cos                                      0x08014a95   Thumb Code   148  cos.o(i.cos)
    deEscapeMessage                          0x08014b31   Thumb Code   124  rx485_rev.o(i.deEscapeMessage)
    escapeMessage                            0x08014bad   Thumb Code   120  rx485_send.o(i.escapeMessage)
    ferror                                   0x08014c25   Thumb Code     8  retarget.o(i.ferror)
    fputc                                    0x08014c2d   Thumb Code    14  retarget.o(i.fputc)
    getSQUValue                              0x08014c3d   Thumb Code   110  cancellation.o(i.getSQUValue)
    init_StdPeriph                           0x08014cb5   Thumb Code    20  main.o(i.init_StdPeriph)
    main                                     0x08014cc9   Thumb Code   142  main.o(i.main)
    sendCommData                             0x08014d69   Thumb Code    52  rx485_send.o(i.sendCommData)
    sendSerialData                           0x08014da1   Thumb Code   136  rx485_send.o(i.sendSerialData)
    sendchar                                 0x08014e29   Thumb Code    38  printf_usart.o(i.sendchar)
    setDACValue                              0x08014e55   Thumb Code    66  cancellation.o(i.setDACValue)
    sin                                      0x08014e99   Thumb Code   150  sin.o(i.sin)
    __aeabi_d2f                              0x08014f39   Thumb Code     0  d2f.o(x$fpl$d2f)
    _d2f                                     0x08014f39   Thumb Code    98  d2f.o(x$fpl$d2f)
    __aeabi_dadd                             0x08014f9d   Thumb Code     0  daddsub_clz.o(x$fpl$dadd)
    _dadd                                    0x08014f9d   Thumb Code   332  daddsub_clz.o(x$fpl$dadd)
    __fpl_dcheck_NaN1                        0x080150ed   Thumb Code    10  dcheck1.o(x$fpl$dcheck1)
    __aeabi_ddiv                             0x080150fd   Thumb Code     0  ddiv.o(x$fpl$ddiv)
    _ddiv                                    0x080150fd   Thumb Code   552  ddiv.o(x$fpl$ddiv)
    __aeabi_d2iz                             0x080153ad   Thumb Code     0  dfix.o(x$fpl$dfix)
    _dfix                                    0x080153ad   Thumb Code    94  dfix.o(x$fpl$dfix)
    __aeabi_i2d                              0x0801540b   Thumb Code     0  dflt_clz.o(x$fpl$dflt)
    _dflt                                    0x0801540b   Thumb Code    46  dflt_clz.o(x$fpl$dflt)
    __aeabi_ui2d                             0x08015439   Thumb Code     0  dflt_clz.o(x$fpl$dfltu)
    _dfltu                                   0x08015439   Thumb Code    38  dflt_clz.o(x$fpl$dfltu)
    __aeabi_dmul                             0x08015461   Thumb Code     0  dmul.o(x$fpl$dmul)
    _dmul                                    0x08015461   Thumb Code   332  dmul.o(x$fpl$dmul)
    __fpl_dnaninf                            0x080155b5   Thumb Code   156  dnaninf.o(x$fpl$dnaninf)
    __fpl_dretinf                            0x08015651   Thumb Code    12  dretinf.o(x$fpl$dretinf)
    __aeabi_drsub                            0x0801565d   Thumb Code     0  daddsub_clz.o(x$fpl$drsb)
    _drsb                                    0x0801565d   Thumb Code    22  daddsub_clz.o(x$fpl$drsb)
    __aeabi_dsub                             0x08015675   Thumb Code     0  daddsub_clz.o(x$fpl$dsub)
    _dsub                                    0x08015675   Thumb Code   464  daddsub_clz.o(x$fpl$dsub)
    __aeabi_f2d                              0x08015849   Thumb Code     0  f2d.o(x$fpl$f2d)
    _f2d                                     0x08015849   Thumb Code    86  f2d.o(x$fpl$f2d)
    __aeabi_fdiv                             0x080158a1   Thumb Code     0  fdiv.o(x$fpl$fdiv)
    _fdiv                                    0x080158a1   Thumb Code   384  fdiv.o(x$fpl$fdiv)
    __aeabi_i2f                              0x08015a25   Thumb Code     0  fflt_clz.o(x$fpl$fflt)
    _fflt                                    0x08015a25   Thumb Code    48  fflt_clz.o(x$fpl$fflt)
    __fpl_fnaninf                            0x08015a55   Thumb Code   140  fnaninf.o(x$fpl$fnaninf)
    __fpl_fretinf                            0x08015ae1   Thumb Code    10  fretinf.o(x$fpl$fretinf)
    __fpl_return_NaN                         0x08015aeb   Thumb Code   100  retnan.o(x$fpl$retnan)
    __ARM_scalbn                             0x08015b4f   Thumb Code    92  scalbn.o(x$fpl$scalbn)
    __fpl_cmpreturn                          0x08015bab   Thumb Code    48  trapv.o(x$fpl$trapveneer)
    __I$use$fp                               0x08015bda   Number         0  usenofp.o(x$fpl$usenofp)
    Region$$Table$$Base                      0x08015d44   Number         0  anon$$obj.o(Region$$Table)
    Region$$Table$$Limit                     0x08015d64   Number         0  anon$$obj.o(Region$$Table)
    SystemCoreClock                          0x20000000   Data           4  system_stm32f2xx.o(.data)
    AHBPrescTable                            0x20000004   Data          16  system_stm32f2xx.o(.data)
    __stdout                                 0x20000014   Data           4  retarget.o(.data)
    __stdin                                  0x20000018   Data           4  retarget.o(.data)
    __stderr                                 0x2000001c   Data           4  retarget.o(.data)
    nTime                                    0x20000020   Data           2  systick.o(.data)
    tenms                                    0x20000022   Data           2  systick.o(.data)
    runLed_Count                             0x20000024   Data           2  systick.o(.data)
    simRun_Count                             0x20000026   Data           2  systick.o(.data)
    rfOper_OvertimerCount                    0x20000028   Data           2  systick.o(.data)
    rfOper_DelayCount                        0x2000002a   Data           2  systick.o(.data)
    ReadCard_Flg                             0x2000003c   Data           1  main.o(.data)
    ReadCard_Count                           0x20000040   Data           4  main.o(.data)
    REG_R7                                   0x20000048   Data           4  lmx2541.o(.data)
    REG_R13                                  0x2000004c   Data           4  lmx2541.o(.data)
    REG_R12                                  0x20000050   Data           4  lmx2541.o(.data)
    REG_R9                                   0x20000054   Data           4  lmx2541.o(.data)
    REG_R8                                   0x20000058   Data           4  lmx2541.o(.data)
    REG_R6                                   0x2000005c   Data           4  lmx2541.o(.data)
    REG_R5                                   0x20000060   Data           4  lmx2541.o(.data)
    REG_R4                                   0x20000064   Data           4  lmx2541.o(.data)
    REG_R3                                   0x20000068   Data           4  lmx2541.o(.data)
    REG_R2                                   0x2000006c   Data           4  lmx2541.o(.data)
    REG_R1                                   0x20000070   Data           4  lmx2541.o(.data)
    REG_R0                                   0x20000074   Data           4  lmx2541.o(.data)
    Uart_Rec_Delay                           0x20000078   Data           4  timer.o(.data)
    Timeout                                  0x2000007c   Data           1  timer.o(.data)
    TimingDelay                              0x20000080   Data           4  timer.o(.data)
    Qp_DAValue                               0x20000088   Data           2  cancellation.o(.data)
    Qn_DAValue                               0x2000008a   Data           2  cancellation.o(.data)
    Ip_DAValue                               0x2000008c   Data           2  cancellation.o(.data)
    In_DAValue                               0x2000008e   Data           2  cancellation.o(.data)
    Squ_Value_Min                            0x20000090   Data           8  cancellation.o(.data)
    DA_Values                                0x20000098   Data           2  cancellation.o(.data)
    EPC_RN                                   0x2000009c   Data           2  epc.o(.data)
    EPC_RN1                                  0x2000009e   Data           2  epc.o(.data)
    EPC_RN2                                  0x200000a0   Data           2  epc.o(.data)
    EPC_BitsToSend                           0x200000a2   Data           1  epc.o(.data)
    TRcal_timer                              0x200000a3   Data           1  epc.o(.data)
    EPC_CRC                                  0x200000a4   Data           2  epc.o(.data)
    EPC_ResponseRecvBits                     0x200000a6   Data           2  epc.o(.data)
    EPC_Recv_Byte_Index                      0x200000a8   Data           2  epc.o(.data)
    EPC_Recv_Bit_Index                       0x200000aa   Data           1  epc.o(.data)
    EPC_Temp_Recv_Byte                       0x200000ab   Data           1  epc.o(.data)
    EPC_Recv_Stage                           0x200000ac   Data           1  epc.o(.data)
    EPC_Recv_Bit_Indexx                      0x200000ad   Data           1  epc.o(.data)
    EPC_Temp_Recv_Bytex                      0x200000ae   Data           1  epc.o(.data)
    EPC_ResponseRecvBitsx                    0x200000b0   Data           2  epc.o(.data)
    EPC_Recv_Byte_Indexx                     0x200000b2   Data           2  epc.o(.data)
    EPC_Recv_Stagex                          0x200000b4   Data           1  epc.o(.data)
    EPC_Premablex                            0x200000b6   Data           2  epc.o(.data)
    EPC_periodx                              0x200000b8   Data           4  epc.o(.data)
    EPC_Return_Link_Bits                     0x200000bc   Data           2  epc.o(.data)
    EPC_Premable                             0x200000be   Data           2  epc.o(.data)
    EPC_period                               0x200000c0   Data           4  epc.o(.data)
    EPC_ResponseRecvComplete                 0x200000c4   Data           1  air_interface.o(.data)
    Delay_Time                               0x200000c6   Data           2  air_interface.o(.data)
    g_bFreqRound                             0x200000c8   Data           1  air_interface.o(.data)
    gbtest                                   0x200000c9   Data           1  air_interface.o(.data)
    gbtest1                                  0x200000ca   Data           1  air_interface.o(.data)
    count1                                   0x200000cc   Data           2  air_interface.o(.data)
    count2                                   0x200000ce   Data           2  air_interface.o(.data)
    count3                                   0x200000d0   Data           2  air_interface.o(.data)
    delaycount                               0x200000d2   Data           2  air_interface.o(.data)
    forhead                                  0x200000d4   Data           1  air_interface.o(.data)
    crcok                                    0x200000d5   Data           1  air_interface.o(.data)
    gtest                                    0x200000d6   Data           8  air_interface.o(.data)
    slave_cpu                                0x200000de   Data           1  communication.o(.data)
    RX485_ReadyForRecv                       0x200000e0   Data           1  rx485_rev.o(.data)
    RX485_recFrameLen                        0x200000e4   Data           4  rx485_rev.o(.data)
    stringlen                                0x200000e8   Data           1  rx485_rev.o(.data)
    RX485_USART_RX_STA                       0x200000ea   Data           1  rx485_uart.o(.data)
    RX485_USART_TX_IDLE                      0x200000eb   Data           1  rx485_uart.o(.data)
    RX485_RX_Posi                            0x200000ec   Data           2  rx485_uart.o(.data)
    RX485_TX_Posi                            0x200000ee   Data           2  rx485_uart.o(.data)
    RX485_TX_Len                             0x200000f0   Data           2  rx485_uart.o(.data)
    RX485_RX_Len                             0x200000f2   Data           2  rx485_uart.o(.data)
    CRC5_Buff                                0x200000f4   Data           1  utility.o(.data)
    CRC16_Buff                               0x200000f8   Data           4  utility.o(.data)
    EN25Q256_TYPE                            0x200000fc   Data           2  en25q256.o(.data)
    flash_Dev_ok                             0x200000fe   Data           1  en25q256.o(.data)
    flash_Message_ok                         0x200000ff   Data           1  en25q256.o(.data)
    EPC_Send_Buf                             0x20000100   Data          16  epc.o(.bss)
    EPC_Response_Recv_Buf                    0x20000110   Data         512  epc.o(.bss)
    EPC_Response_Recv_Bufx                   0x20000310   Data         512  epc.o(.bss)
    EPC_ID_data_Buf                          0x20000510   Data          30  air_interface.o(.bss)
    date1                                    0x2000052e   Data        1024  air_interface.o(.bss)
    TxBuffer                                 0x2000092e   Data         200  communication.o(.bss)
    RxBuffer                                 0x200009f6   Data         200  communication.o(.bss)
    TxMessage                                0x20000abe   Data         256  rx485_send.o(.bss)
    RxMessage                                0x20000bbe   Data         256  rx485_send.o(.bss)
    RX485_USART_RX_BUF                       0x20000cbe   Data        1000  rx485_uart.o(.bss)
    RX485_USART_TX_BUF                       0x200010a6   Data        1000  rx485_uart.o(.bss)
    EN25Q256_BUFFER                          0x2000148e   Data        4096  en25q256.o(.bss)
    __libspace_start                         0x20002490   Data          96  libspace.o(.bss)
    __temporary_stack_top$libspace           0x200024f0   Data           0  libspace.o(.bss)



==============================================================================

Memory Map of the image

  Image Entry point : 0x08010185

  Load Region LR_IROM1 (Base: 0x08010000, Size: 0x00005e64, Max: 0x000f0000, ABSOLUTE)

    Execution Region ER_IROM1 (Exec base: 0x08010000, Load base: 0x08010000, Size: 0x00005d64, Max: 0x000f0000, ABSOLUTE)

    Exec Addr    Load Addr    Size         Type   Attr      Idx    E Section Name        Object

    0x08010000   0x08010000   0x00000184   Data   RO          219    RESET               startup_stm32f2xx.o
    0x08010184   0x08010184   0x00000008   Code   RO         5621  * !!!main             c_w.l(__main.o)
    0x0801018c   0x0801018c   0x00000034   Code   RO         5904    !!!scatter          c_w.l(__scatter.o)
    0x080101c0   0x080101c0   0x0000001a   Code   RO         5906    !!handler_copy      c_w.l(__scatter_copy.o)
    0x080101da   0x080101da   0x00000002   PAD
    0x080101dc   0x080101dc   0x0000001c   Code   RO         5908    !!handler_zi        c_w.l(__scatter_zi.o)
    0x080101f8   0x080101f8   0x00000000   Code   RO         5609    .ARM.Collect$$_printf_percent$$00000000  c_w.l(_printf_percent.o)
    0x080101f8   0x080101f8   0x0000000a   Code   RO         5691    .ARM.Collect$$_printf_percent$$00000007  c_w.l(_printf_ll.o)
    0x08010202   0x08010202   0x00000006   Code   RO         5608    .ARM.Collect$$_printf_percent$$00000009  c_w.l(_printf_d.o)
    0x08010208   0x08010208   0x00000006   Code   RO         5610    .ARM.Collect$$_printf_percent$$0000000E  c_w.l(_printf_lld.o)
    0x0801020e   0x0801020e   0x00000006   Code   RO         5605    .ARM.Collect$$_printf_percent$$00000013  c_w.l(_printf_c.o)
    0x08010214   0x08010214   0x00000004   Code   RO         5690    .ARM.Collect$$_printf_percent$$00000017  c_w.l(_printf_percent_end.o)
    0x08010218   0x08010218   0x00000002   Code   RO         5777    .ARM.Collect$$libinit$$00000000  c_w.l(libinit.o)
    0x0801021a   0x0801021a   0x00000000   Code   RO         5789    .ARM.Collect$$libinit$$00000002  c_w.l(libinit2.o)
    0x0801021a   0x0801021a   0x00000000   Code   RO         5791    .ARM.Collect$$libinit$$00000004  c_w.l(libinit2.o)
    0x0801021a   0x0801021a   0x00000000   Code   RO         5794    .ARM.Collect$$libinit$$0000000A  c_w.l(libinit2.o)
    0x0801021a   0x0801021a   0x00000000   Code   RO         5796    .ARM.Collect$$libinit$$0000000C  c_w.l(libinit2.o)
    0x0801021a   0x0801021a   0x00000000   Code   RO         5798    .ARM.Collect$$libinit$$0000000E  c_w.l(libinit2.o)
    0x0801021a   0x0801021a   0x00000000   Code   RO         5801    .ARM.Collect$$libinit$$00000011  c_w.l(libinit2.o)
    0x0801021a   0x0801021a   0x00000000   Code   RO         5803    .ARM.Collect$$libinit$$00000013  c_w.l(libinit2.o)
    0x0801021a   0x0801021a   0x00000000   Code   RO         5805    .ARM.Collect$$libinit$$00000015  c_w.l(libinit2.o)
    0x0801021a   0x0801021a   0x00000000   Code   RO         5807    .ARM.Collect$$libinit$$00000017  c_w.l(libinit2.o)
    0x0801021a   0x0801021a   0x00000000   Code   RO         5809    .ARM.Collect$$libinit$$00000019  c_w.l(libinit2.o)
    0x0801021a   0x0801021a   0x00000000   Code   RO         5811    .ARM.Collect$$libinit$$0000001B  c_w.l(libinit2.o)
    0x0801021a   0x0801021a   0x00000000   Code   RO         5813    .ARM.Collect$$libinit$$0000001D  c_w.l(libinit2.o)
    0x0801021a   0x0801021a   0x00000000   Code   RO         5815    .ARM.Collect$$libinit$$0000001F  c_w.l(libinit2.o)
    0x0801021a   0x0801021a   0x00000000   Code   RO         5817    .ARM.Collect$$libinit$$00000021  c_w.l(libinit2.o)
    0x0801021a   0x0801021a   0x00000000   Code   RO         5819    .ARM.Collect$$libinit$$00000023  c_w.l(libinit2.o)
    0x0801021a   0x0801021a   0x00000000   Code   RO         5821    .ARM.Collect$$libinit$$00000025  c_w.l(libinit2.o)
    0x0801021a   0x0801021a   0x00000000   Code   RO         5825    .ARM.Collect$$libinit$$0000002C  c_w.l(libinit2.o)
    0x0801021a   0x0801021a   0x00000000   Code   RO         5827    .ARM.Collect$$libinit$$0000002E  c_w.l(libinit2.o)
    0x0801021a   0x0801021a   0x00000000   Code   RO         5829    .ARM.Collect$$libinit$$00000030  c_w.l(libinit2.o)
    0x0801021a   0x0801021a   0x00000000   Code   RO         5831    .ARM.Collect$$libinit$$00000032  c_w.l(libinit2.o)
    0x0801021a   0x0801021a   0x00000002   Code   RO         5832    .ARM.Collect$$libinit$$00000033  c_w.l(libinit2.o)
    0x0801021c   0x0801021c   0x00000002   Code   RO         5860    .ARM.Collect$$libshutdown$$00000000  c_w.l(libshutdown.o)
    0x0801021e   0x0801021e   0x00000000   Code   RO         5886    .ARM.Collect$$libshutdown$$00000002  c_w.l(libshutdown2.o)
    0x0801021e   0x0801021e   0x00000000   Code   RO         5888    .ARM.Collect$$libshutdown$$00000004  c_w.l(libshutdown2.o)
    0x0801021e   0x0801021e   0x00000000   Code   RO         5891    .ARM.Collect$$libshutdown$$00000007  c_w.l(libshutdown2.o)
    0x0801021e   0x0801021e   0x00000000   Code   RO         5894    .ARM.Collect$$libshutdown$$0000000A  c_w.l(libshutdown2.o)
    0x0801021e   0x0801021e   0x00000000   Code   RO         5896    .ARM.Collect$$libshutdown$$0000000C  c_w.l(libshutdown2.o)
    0x0801021e   0x0801021e   0x00000000   Code   RO         5899    .ARM.Collect$$libshutdown$$0000000F  c_w.l(libshutdown2.o)
    0x0801021e   0x0801021e   0x00000002   Code   RO         5900    .ARM.Collect$$libshutdown$$00000010  c_w.l(libshutdown2.o)
    0x08010220   0x08010220   0x00000000   Code   RO         5675    .ARM.Collect$$rtentry$$00000000  c_w.l(__rtentry.o)
    0x08010220   0x08010220   0x00000000   Code   RO         5730    .ARM.Collect$$rtentry$$00000002  c_w.l(__rtentry2.o)
    0x08010220   0x08010220   0x00000006   Code   RO         5742    .ARM.Collect$$rtentry$$00000004  c_w.l(__rtentry4.o)
    0x08010226   0x08010226   0x00000000   Code   RO         5732    .ARM.Collect$$rtentry$$00000009  c_w.l(__rtentry2.o)
    0x08010226   0x08010226   0x00000004   Code   RO         5733    .ARM.Collect$$rtentry$$0000000A  c_w.l(__rtentry2.o)
    0x0801022a   0x0801022a   0x00000000   Code   RO         5735    .ARM.Collect$$rtentry$$0000000C  c_w.l(__rtentry2.o)
    0x0801022a   0x0801022a   0x00000008   Code   RO         5736    .ARM.Collect$$rtentry$$0000000D  c_w.l(__rtentry2.o)
    0x08010232   0x08010232   0x00000002   Code   RO         5780    .ARM.Collect$$rtexit$$00000000  c_w.l(rtexit.o)
    0x08010234   0x08010234   0x00000000   Code   RO         5836    .ARM.Collect$$rtexit$$00000002  c_w.l(rtexit2.o)
    0x08010234   0x08010234   0x00000004   Code   RO         5837    .ARM.Collect$$rtexit$$00000003  c_w.l(rtexit2.o)
    0x08010238   0x08010238   0x00000006   Code   RO         5838    .ARM.Collect$$rtexit$$00000004  c_w.l(rtexit2.o)
    0x0801023e   0x0801023e   0x00000002   PAD
    0x08010240   0x08010240   0x00000040   Code   RO          220    .text               startup_stm32f2xx.o
    0x08010280   0x08010280   0x00000002   Code   RO         5548    .text               c_w.l(use_no_semi.o)
    0x08010282   0x08010282   0x000000ee   Code   RO         5550    .text               c_w.l(lludivv7m.o)
    0x08010370   0x08010370   0x00000018   Code   RO         5554    .text               c_w.l(noretval__2printf.o)
    0x08010388   0x08010388   0x00000052   Code   RO         5558    .text               c_w.l(_printf_str.o)
    0x080103da   0x080103da   0x00000002   PAD
    0x080103dc   0x080103dc   0x00000078   Code   RO         5560    .text               c_w.l(_printf_dec.o)
    0x08010454   0x08010454   0x0000007c   Code   RO         5562    .text               c_w.l(_printf_longlong_dec.o)
    0x080104d0   0x080104d0   0x000000b8   Code   RO         5588    .text               c_w.l(__printf_ss.o)
    0x08010588   0x08010588   0x0000008a   Code   RO         5611    .text               c_w.l(rt_memcpy_v6.o)
    0x08010612   0x08010612   0x00000064   Code   RO         5613    .text               c_w.l(rt_memcpy_w.o)
    0x08010676   0x08010676   0x00000044   Code   RO         5615    .text               c_w.l(rt_memclr.o)
    0x080106ba   0x080106ba   0x0000004e   Code   RO         5617    .text               c_w.l(rt_memclr_w.o)
    0x08010708   0x08010708   0x00000006   Code   RO         5619    .text               c_w.l(heapauxi.o)
    0x0801070e   0x0801070e   0x0000008a   Code   RO         5680    .text               c_w.l(lludiv10.o)
    0x08010798   0x08010798   0x00000016   Code   RO         5682    .text               c_w.l(_rserrno.o)
    0x080107ae   0x080107ae   0x000000b2   Code   RO         5684    .text               c_w.l(_printf_intcommon.o)
    0x08010860   0x08010860   0x0000002c   Code   RO         5686    .text               c_w.l(_printf_char.o)
    0x0801088c   0x0801088c   0x00000024   Code   RO         5688    .text               c_w.l(_printf_char_file.o)
    0x080108b0   0x080108b0   0x00000008   Code   RO         5749    .text               c_w.l(rt_errno_addr_intlibspace.o)
    0x080108b8   0x080108b8   0x00000030   Code   RO         5751    .text               c_w.l(_printf_char_common.o)
    0x080108e8   0x080108e8   0x00000008   Code   RO         5759    .text               c_w.l(libspace.o)
    0x080108f0   0x080108f0   0x0000004a   Code   RO         5762    .text               c_w.l(sys_stackheap_outer.o)
    0x0801093a   0x0801093a   0x00000012   Code   RO         5766    .text               c_w.l(exit.o)
    0x0801094c   0x0801094c   0x00000006   Code   RO          440    i.ADC_ClearFlag     stm32f2xx_adc.o
    0x08010952   0x08010952   0x00000016   Code   RO          442    i.ADC_Cmd           stm32f2xx_adc.o
    0x08010968   0x08010968   0x00000030   Code   RO          443    i.ADC_CommonInit    stm32f2xx_adc.o
    0x08010998   0x08010998   0x00000008   Code   RO          454    i.ADC_GetConversionValue  stm32f2xx_adc.o
    0x080109a0   0x080109a0   0x00000012   Code   RO          455    i.ADC_GetFlagStatus  stm32f2xx_adc.o
    0x080109b2   0x080109b2   0x00000002   PAD
    0x080109b4   0x080109b4   0x00000054   Code   RO          462    i.ADC_Init          stm32f2xx_adc.o
    0x08010a08   0x08010a08   0x000000b8   Code   RO          467    i.ADC_RegularChannelConfig  stm32f2xx_adc.o
    0x08010ac0   0x08010ac0   0x0000000a   Code   RO          469    i.ADC_SoftwareStartConv  stm32f2xx_adc.o
    0x08010aca   0x08010aca   0x00000002   PAD
    0x08010acc   0x08010acc   0x0000004c   Code   RO         5216    i.Board_DAC_Init    dac.o
    0x08010b18   0x08010b18   0x00000004   Code   RO         4165    i.BusFault_Handler  stm32f2xx_it.o
    0x08010b1c   0x08010b1c   0x000000bc   Code   RO         5239    i.Calculate_CRC16_Bits  utility.o
    0x08010bd8   0x08010bd8   0x000003fc   Code   RO         4367    i.Cancellation      cancellation.o
    0x08010fd4   0x08010fd4   0x000000c0   Code   RO         4342    i.Cancellation_ADC_Init  adc.o
    0x08011094   0x08011094   0x00000012   Code   RO         4369    i.Cancellation_Init  cancellation.o
    0x080110a6   0x080110a6   0x00000010   Code   RO         4571    i.ClearSendBuf      epc.o
    0x080110b6   0x080110b6   0x00000002   PAD
    0x080110b8   0x080110b8   0x0000006c   Code   RO         5244    i.Crc16l_1          utility.o
    0x08011124   0x08011124   0x000000b0   Code   RO         5246    i.Crc5Bit           utility.o
    0x080111d4   0x080111d4   0x00000058   Code   RO         5247    i.Crc5_8Bits        utility.o
    0x0801122c   0x0801122c   0x00000026   Code   RO         4482    i.DAC1080S_Write    dac1080s.o
    0x08011252   0x08011252   0x00000002   PAD
    0x08011254   0x08011254   0x00000028   Code   RO         1037    i.DAC_Cmd           stm32f2xx_dac.o
    0x0801127c   0x0801127c   0x00000034   Code   RO         1045    i.DAC_Init          stm32f2xx_dac.o
    0x080112b0   0x080112b0   0x00000002   Code   RO         4166    i.DebugMon_Handler  stm32f2xx_it.o
    0x080112b2   0x080112b2   0x00000002   PAD
    0x080112b4   0x080112b4   0x00000014   Code   RO          224    i.Delay_ms          systick.o
    0x080112c8   0x080112c8   0x0000002e   Code   RO         4296    i.Delay_us          timer.o
    0x080112f6   0x080112f6   0x00000002   PAD
    0x080112f8   0x080112f8   0x00000094   Code   RO         4297    i.Delay_us1         timer.o
    0x0801138c   0x0801138c   0x00000048   Code   RO         5371    i.EN25Q256_Erase_Sector  en25q256.o
    0x080113d4   0x080113d4   0x00000080   Code   RO         5372    i.EN25Q256_Init     en25q256.o
    0x08011454   0x08011454   0x00000058   Code   RO         5373    i.EN25Q256_Read     en25q256.o
    0x080114ac   0x080114ac   0x0000004c   Code   RO         5374    i.EN25Q256_ReadID   en25q256.o
    0x080114f8   0x080114f8   0x00000030   Code   RO         5375    i.EN25Q256_ReadSR   en25q256.o
    0x08011528   0x08011528   0x00000012   Code   RO         5376    i.EN25Q256_Wait_Busy  en25q256.o
    0x0801153a   0x0801153a   0x00000002   PAD
    0x0801153c   0x0801153c   0x000000b8   Code   RO         5377    i.EN25Q256_Write    en25q256.o
    0x080115f4   0x080115f4   0x00000024   Code   RO         5379    i.EN25Q256_Write_Enable  en25q256.o
    0x08011618   0x08011618   0x00000046   Code   RO         5380    i.EN25Q256_Write_NoCheck  en25q256.o
    0x0801165e   0x0801165e   0x00000002   PAD
    0x08011660   0x08011660   0x0000005c   Code   RO         5381    i.EN25Q256_Write_Page  en25q256.o
    0x080116bc   0x080116bc   0x000000a4   Code   RO         4572    i.EPC_IO_Configure  epc.o
    0x08011760   0x08011760   0x000000c0   Code   RO         4573    i.EPC_SendCommand   epc.o
    0x08011820   0x08011820   0x00000090   Code   RO         1756    i.GPIO_Init         stm32f2xx_gpio.o
    0x080118b0   0x080118b0   0x00000046   Code   RO         1757    i.GPIO_PinAFConfig  stm32f2xx_gpio.o
    0x080118f6   0x080118f6   0x00000012   Code   RO         1760    i.GPIO_ReadInputDataBit  stm32f2xx_gpio.o
    0x08011908   0x08011908   0x00000004   Code   RO         1763    i.GPIO_ResetBits    stm32f2xx_gpio.o
    0x0801190c   0x0801190c   0x00000004   Code   RO         1764    i.GPIO_SetBits      stm32f2xx_gpio.o
    0x08011910   0x08011910   0x000000e4   Code   RO         4343    i.Get_ADC_Value     adc.o
    0x080119f4   0x080119f4   0x00000004   Code   RO         4167    i.HardFault_Handler  stm32f2xx_it.o
    0x080119f8   0x080119f8   0x0000009c   Code   RO         4243    i.LMX2541_SetFrequency  lmx2541.o
    0x08011a94   0x08011a94   0x00000074   Code   RO         4244    i.LMX2541_Write     lmx2541.o
    0x08011b08   0x08011b08   0x00000108   Code   RO         5082    i.MCU_MessageDeal   rx485_rev.o
    0x08011c10   0x08011c10   0x000000c0   Code   RO         5031    i.MCU_To_MCU        rx485_send.o
    0x08011cd0   0x08011cd0   0x00000048   Code   RO         4370    i.MOS_SW_GPIO_Init  cancellation.o
    0x08011d18   0x08011d18   0x00000004   Code   RO         4168    i.MemManage_Handler  stm32f2xx_it.o
    0x08011d1c   0x08011d1c   0x00000060   Code   RO         5083    i.MessageDeal       rx485_rev.o
    0x08011d7c   0x08011d7c   0x00000002   Code   RO         4169    i.NMI_Handler       stm32f2xx_it.o
    0x08011d7e   0x08011d7e   0x00000002   PAD
    0x08011d80   0x08011d80   0x00000078   Code   RO          400    i.NVIC_Init         misc.o
    0x08011df8   0x08011df8   0x00000014   Code   RO          401    i.NVIC_PriorityGroupConfig  misc.o
    0x08011e0c   0x08011e0c   0x00000094   Code   RO         4245    i.PLL_IO_Configure  lmx2541.o
    0x08011ea0   0x08011ea0   0x00000002   Code   RO         4170    i.PendSV_Handler    stm32f2xx_it.o
    0x08011ea2   0x08011ea2   0x00000002   PAD
    0x08011ea4   0x08011ea4   0x000000c8   Code   RO          353    i.Printf_USART_Configuration  printf_usart.o
    0x08011f6c   0x08011f6c   0x00000022   Code   RO          354    i.Printf_USART_NVIC_Config  printf_usart.o
    0x08011f8e   0x08011f8e   0x00000002   PAD
    0x08011f90   0x08011f90   0x00000020   Code   RO         2307    i.RCC_AHB1PeriphClockCmd  stm32f2xx_rcc.o
    0x08011fb0   0x08011fb0   0x00000020   Code   RO         2316    i.RCC_APB1PeriphClockCmd  stm32f2xx_rcc.o
    0x08011fd0   0x08011fd0   0x00000020   Code   RO         2318    i.RCC_APB1PeriphResetCmd  stm32f2xx_rcc.o
    0x08011ff0   0x08011ff0   0x00000020   Code   RO         2319    i.RCC_APB2PeriphClockCmd  stm32f2xx_rcc.o
    0x08012010   0x08012010   0x00000020   Code   RO         2321    i.RCC_APB2PeriphResetCmd  stm32f2xx_rcc.o
    0x08012030   0x08012030   0x000000e8   Code   RO         2328    i.RCC_GetClocksFreq  stm32f2xx_rcc.o
    0x08012118   0x08012118   0x00000038   Code   RO         5358    i.READ_LED_Init     read_led.o
    0x08012150   0x08012150   0x00000018   Code   RO         5183    i.RFPowerOFF        rf_oper.o
    0x08012168   0x08012168   0x00000028   Code   RO         5184    i.RFPowerON         rf_oper.o
    0x08012190   0x08012190   0x00000074   Code   RO         5185    i.RFPower_GPIO_Init  rf_oper.o
    0x08012204   0x08012204   0x000001e4   Code   RO         4966    i.RF_To_SM          communication.o
    0x080123e8   0x080123e8   0x00000078   Code   RO         5130    i.RS485_IO_Init     rx485_uart.o
    0x08012460   0x08012460   0x000000cc   Code   RO         5131    i.RX485_USART_Configuration  rx485_uart.o
    0x0801252c   0x0801252c   0x00000020   Code   RO         5132    i.RX485_USART_NVIC_Config  rx485_uart.o
    0x0801254c   0x0801254c   0x00000060   Code   RO         5084    i.RX485_recvCommData  rx485_rev.o
    0x080125ac   0x080125ac   0x00000010   Code   RO         4626    i.ReadTag           air_interface.o
    0x080125bc   0x080125bc   0x00000018   Code   RO         5186    i.Rf_GPIO_Init      rf_oper.o
    0x080125d4   0x080125d4   0x00000002   Code   RO         4171    i.SVC_Handler       stm32f2xx_it.o
    0x080125d6   0x080125d6   0x00000002   PAD
    0x080125d8   0x080125d8   0x000000d0   Code   RO         4574    i.Send_Data         epc.o
    0x080126a8   0x080126a8   0x00000150   Code   RO         4575    i.Send_Delimiter    epc.o
    0x080127f8   0x080127f8   0x000000cc   Code   RO           17    i.SetSysClock       system_stm32f2xx.o
    0x080128c4   0x080128c4   0x0000000c   Code   RO         4488    i.Set_WTM           dac1080s.o
    0x080128d0   0x080128d0   0x000000b8   Code   RO         4538    i.Sim_SPI_Init      sim_spi.o
    0x08012988   0x08012988   0x00000064   Code   RO         4539    i.Sim_SPI_ReadWriteBuf  sim_spi.o
    0x080129ec   0x080129ec   0x00000064   Code   RO         4540    i.Sim_SPI_ReadWrite_Byte  sim_spi.o
    0x08012a50   0x08012a50   0x00000020   Code   RO         4541    i.Sim_SPL_nop       sim_spi.o
    0x08012a70   0x08012a70   0x000000d8   Code   RO         4968    i.Sm_MessageDeal    communication.o
    0x08012b48   0x08012b48   0x000000dc   Code   RO         5486    i.Soft_SPI_Init     soft_spi.o
    0x08012c24   0x08012c24   0x00000078   Code   RO         5488    i.Soft_SPI_ReadWrite_Byte  soft_spi.o
    0x08012c9c   0x08012c9c   0x00000016   Code   RO         5489    i.Soft_SPL_nop      soft_spi.o
    0x08012cb2   0x08012cb2   0x00000002   PAD
    0x08012cb4   0x08012cb4   0x0000008c   Code   RO         4576    i.StuffSendBuf      epc.o
    0x08012d40   0x08012d40   0x00000094   Code   RO          225    i.SysTick_Handler   systick.o
    0x08012dd4   0x08012dd4   0x0000005c   Code   RO           19    i.SystemInit        system_stm32f2xx.o
    0x08012e30   0x08012e30   0x0000003a   Code   RO         3279    i.TI1_Config        stm32f2xx_tim.o
    0x08012e6a   0x08012e6a   0x00000050   Code   RO         3280    i.TI2_Config        stm32f2xx_tim.o
    0x08012eba   0x08012eba   0x00000048   Code   RO         3281    i.TI3_Config        stm32f2xx_tim.o
    0x08012f02   0x08012f02   0x00000050   Code   RO         3282    i.TI4_Config        stm32f2xx_tim.o
    0x08012f52   0x08012f52   0x0000006e   Code   RO         4222    i.TIM2_Configuration  time2.o
    0x08012fc0   0x08012fc0   0x00000038   Code   RO         4223    i.TIM2_IRQHandler   time2.o
    0x08012ff8   0x08012ff8   0x00000006   Code   RO         3289    i.TIM_ClearFlag     stm32f2xx_tim.o
    0x08012ffe   0x08012ffe   0x00000006   Code   RO         3290    i.TIM_ClearITPendingBit  stm32f2xx_tim.o
    0x08013004   0x08013004   0x00000018   Code   RO         3295    i.TIM_Cmd           stm32f2xx_tim.o
    0x0801301c   0x0801301c   0x00000190   Code   RO         3300    i.TIM_DeInit        stm32f2xx_tim.o
    0x080131ac   0x080131ac   0x00000006   Code   RO         3311    i.TIM_GetCapture2   stm32f2xx_tim.o
    0x080131b2   0x080131b2   0x00000006   Code   RO         3314    i.TIM_GetCounter    stm32f2xx_tim.o
    0x080131b8   0x080131b8   0x00000012   Code   RO         3315    i.TIM_GetFlagStatus  stm32f2xx_tim.o
    0x080131ca   0x080131ca   0x00000022   Code   RO         3316    i.TIM_GetITStatus   stm32f2xx_tim.o
    0x080131ec   0x080131ec   0x0000006e   Code   RO         3318    i.TIM_ICInit        stm32f2xx_tim.o
    0x0801325a   0x0801325a   0x00000012   Code   RO         3320    i.TIM_ITConfig      stm32f2xx_tim.o
    0x0801326c   0x0801326c   0x00000006   Code   RO         3344    i.TIM_PrescalerConfig  stm32f2xx_tim.o
    0x08013272   0x08013272   0x00000004   Code   RO         3355    i.TIM_SetAutoreload  stm32f2xx_tim.o
    0x08013276   0x08013276   0x00000004   Code   RO         3361    i.TIM_SetCounter    stm32f2xx_tim.o
    0x0801327a   0x0801327a   0x00000012   Code   RO         3362    i.TIM_SetIC1Prescaler  stm32f2xx_tim.o
    0x0801328c   0x0801328c   0x0000001a   Code   RO         3363    i.TIM_SetIC2Prescaler  stm32f2xx_tim.o
    0x080132a6   0x080132a6   0x00000012   Code   RO         3364    i.TIM_SetIC3Prescaler  stm32f2xx_tim.o
    0x080132b8   0x080132b8   0x0000001a   Code   RO         3365    i.TIM_SetIC4Prescaler  stm32f2xx_tim.o
    0x080132d2   0x080132d2   0x00000002   PAD
    0x080132d4   0x080132d4   0x00000084   Code   RO         3367    i.TIM_TimeBaseInit  stm32f2xx_tim.o
    0x08013358   0x08013358   0x0000008c   Code   RO         5006    i.Timer3_Init       timer3.o
    0x080133e4   0x080133e4   0x00000038   Code   RO         4298    i.TimingDelay_Decrement  timer.o
    0x0801341c   0x0801341c   0x0000005c   Code   RO          355    i.USART1_IRQHandler  printf_usart.o
    0x08013478   0x08013478   0x00000100   Code   RO         5133    i.USART3_IRQHandler  rx485_uart.o
    0x08013578   0x08013578   0x0000009c   Code   RO         5134    i.USART3_SendData   rx485_uart.o
    0x08013614   0x08013614   0x00000012   Code   RO         3833    i.USART_ClearFlag   stm32f2xx_usart.o
    0x08013626   0x08013626   0x00000018   Code   RO         3837    i.USART_Cmd         stm32f2xx_usart.o
    0x0801363e   0x0801363e   0x0000001a   Code   RO         3840    i.USART_GetFlagStatus  stm32f2xx_usart.o
    0x08013658   0x08013658   0x00000054   Code   RO         3841    i.USART_GetITStatus  stm32f2xx_usart.o
    0x080136ac   0x080136ac   0x0000004a   Code   RO         3843    i.USART_ITConfig    stm32f2xx_usart.o
    0x080136f6   0x080136f6   0x00000002   PAD
    0x080136f8   0x080136f8   0x000000d4   Code   RO         3844    i.USART_Init        stm32f2xx_usart.o
    0x080137cc   0x080137cc   0x0000000a   Code   RO         3851    i.USART_ReceiveData  stm32f2xx_usart.o
    0x080137d6   0x080137d6   0x00000008   Code   RO         3854    i.USART_SendData    stm32f2xx_usart.o
    0x080137de   0x080137de   0x00000004   Code   RO         4172    i.UsageFault_Handler  stm32f2xx_it.o
    0x080137e2   0x080137e2   0x0000001a   Code   RO         5249    i.XOR_Cal           utility.o
    0x080137fc   0x080137fc   0x00000074   Code   RO         4627    i._6D_ACK           air_interface.o
    0x08013870   0x08013870   0x0000003c   Code   RO         4629    i._6D_Disperse      air_interface.o
    0x080138ac   0x080138ac   0x0000004c   Code   RO         4630    i._6D_Divide        air_interface.o
    0x080138f8   0x080138f8   0x00000284   Code   RO         4635    i._6D_EPC_ReadMulti_Protcol  air_interface.o
    0x08013b7c   0x08013b7c   0x00000020   Code   RO         4642    i._6D_FM0Decode     air_interface.o
    0x08013b9c   0x08013b9c   0x000003fc   Code   RO         4651    i._6D_MyFM0Decode   air_interface.o
    0x08013f98   0x08013f98   0x000000c0   Code   RO         4654    i._6D_Query         air_interface.o
    0x08014058   0x08014058   0x0000003c   Code   RO         4655    i._6D_QueryRep      air_interface.o
    0x08014094   0x08014094   0x00000020   Code   RO         4656    i._6D_RN16_FM0Decode  air_interface.o
    0x080140b4   0x080140b4   0x00000040   Code   RO         4664    i._6D_Shrink        air_interface.o
    0x080140f4   0x080140f4   0x00000110   Code   RO         4666    i._6D_T1            air_interface.o
    0x08014204   0x08014204   0x00000110   Code   RO         4667    i._6D_T2            air_interface.o
    0x08014314   0x08014314   0x00000040   Code   RO         4669    i._6D_TOKEN1        air_interface.o
    0x08014354   0x08014354   0x00000020   Code   RO         4670    i._6D_TOKEN1Decode  air_interface.o
    0x08014374   0x08014374   0x00000040   Code   RO         4671    i._6D_TOKEN2        air_interface.o
    0x080143b4   0x080143b4   0x00000028   Code   RO         5755    i.__ARM_fpclassify  m_ws.l(fpclassify.o)
    0x080143dc   0x080143dc   0x00000388   Code   RO         5718    i.__ieee754_rem_pio2  m_ws.l(rred.o)
    0x08014764   0x08014764   0x000000fc   Code   RO         5701    i.__kernel_cos      m_ws.l(cos_i.o)
    0x08014860   0x08014860   0x000000aa   Code   RO         5757    i.__kernel_poly     m_ws.l(poly.o)
    0x0801490a   0x0801490a   0x00000002   PAD
    0x0801490c   0x0801490c   0x000000ec   Code   RO         5723    i.__kernel_sin      m_ws.l(sin_i.o)
    0x080149f8   0x080149f8   0x00000006   Code   RO         5705    i.__mathlib_dbl_infnan  m_ws.l(dunder.o)
    0x080149fe   0x080149fe   0x0000000c   Code   RO         5707    i.__mathlib_dbl_invalid  m_ws.l(dunder.o)
    0x08014a0a   0x08014a0a   0x00000002   PAD
    0x08014a0c   0x08014a0c   0x00000010   Code   RO         5710    i.__mathlib_dbl_underflow  m_ws.l(dunder.o)
    0x08014a1c   0x08014a1c   0x00000018   Code   RO          134    i._sys_exit         retarget.o
    0x08014a34   0x08014a34   0x00000060   Code   RO          226    i.configMsTick      systick.o
    0x08014a94   0x08014a94   0x0000009c   Code   RO         5660    i.cos               m_ws.l(cos.o)
    0x08014b30   0x08014b30   0x0000007c   Code   RO         5085    i.deEscapeMessage   rx485_rev.o
    0x08014bac   0x08014bac   0x00000078   Code   RO         5032    i.escapeMessage     rx485_send.o
    0x08014c24   0x08014c24   0x00000008   Code   RO          137    i.ferror            retarget.o
    0x08014c2c   0x08014c2c   0x0000000e   Code   RO          141    i.fputc             retarget.o
    0x08014c3a   0x08014c3a   0x00000002   PAD
    0x08014c3c   0x08014c3c   0x00000078   Code   RO         4373    i.getSQUValue       cancellation.o
    0x08014cb4   0x08014cb4   0x00000014   Code   RO         4067    i.init_StdPeriph    main.o
    0x08014cc8   0x08014cc8   0x000000a0   Code   RO         4069    i.main              main.o
    0x08014d68   0x08014d68   0x00000038   Code   RO         5034    i.sendCommData      rx485_send.o
    0x08014da0   0x08014da0   0x00000088   Code   RO         5035    i.sendSerialData    rx485_send.o
    0x08014e28   0x08014e28   0x0000002c   Code   RO          357    i.sendchar          printf_usart.o
    0x08014e54   0x08014e54   0x00000042   Code   RO         4379    i.setDACValue       cancellation.o
    0x08014e96   0x08014e96   0x00000002   PAD
    0x08014e98   0x08014e98   0x000000a0   Code   RO         5668    i.sin               m_ws.l(sin.o)
    0x08014f38   0x08014f38   0x00000062   Code   RO         5623    x$fpl$d2f           fz_ws.l(d2f.o)
    0x08014f9a   0x08014f9a   0x00000002   PAD
    0x08014f9c   0x08014f9c   0x00000150   Code   RO         5625    x$fpl$dadd          fz_ws.l(daddsub_clz.o)
    0x080150ec   0x080150ec   0x00000010   Code   RO         5778    x$fpl$dcheck1       fz_ws.l(dcheck1.o)
    0x080150fc   0x080150fc   0x000002b0   Code   RO         5632    x$fpl$ddiv          fz_ws.l(ddiv.o)
    0x080153ac   0x080153ac   0x0000005e   Code   RO         5635    x$fpl$dfix          fz_ws.l(dfix.o)
    0x0801540a   0x0801540a   0x0000002e   Code   RO         5640    x$fpl$dflt          fz_ws.l(dflt_clz.o)
    0x08015438   0x08015438   0x00000026   Code   RO         5639    x$fpl$dfltu         fz_ws.l(dflt_clz.o)
    0x0801545e   0x0801545e   0x00000002   PAD
    0x08015460   0x08015460   0x00000154   Code   RO         5645    x$fpl$dmul          fz_ws.l(dmul.o)
    0x080155b4   0x080155b4   0x0000009c   Code   RO         5692    x$fpl$dnaninf       fz_ws.l(dnaninf.o)
    0x08015650   0x08015650   0x0000000c   Code   RO         5694    x$fpl$dretinf       fz_ws.l(dretinf.o)
    0x0801565c   0x0801565c   0x00000016   Code   RO         5626    x$fpl$drsb          fz_ws.l(daddsub_clz.o)
    0x08015672   0x08015672   0x00000002   PAD
    0x08015674   0x08015674   0x000001d4   Code   RO         5627    x$fpl$dsub          fz_ws.l(daddsub_clz.o)
    0x08015848   0x08015848   0x00000056   Code   RO         5647    x$fpl$f2d           fz_ws.l(f2d.o)
    0x0801589e   0x0801589e   0x00000002   PAD
    0x080158a0   0x080158a0   0x00000184   Code   RO         5650    x$fpl$fdiv          fz_ws.l(fdiv.o)
    0x08015a24   0x08015a24   0x00000030   Code   RO         5654    x$fpl$fflt          fz_ws.l(fflt_clz.o)
    0x08015a54   0x08015a54   0x0000008c   Code   RO         5696    x$fpl$fnaninf       fz_ws.l(fnaninf.o)
    0x08015ae0   0x08015ae0   0x0000000a   Code   RO         5698    x$fpl$fretinf       fz_ws.l(fretinf.o)
    0x08015aea   0x08015aea   0x00000064   Code   RO         5833    x$fpl$retnan        fz_ws.l(retnan.o)
    0x08015b4e   0x08015b4e   0x0000005c   Code   RO         5753    x$fpl$scalbn        fz_ws.l(scalbn.o)
    0x08015baa   0x08015baa   0x00000030   Code   RO         5850    x$fpl$trapveneer    fz_ws.l(trapv.o)
    0x08015bda   0x08015bda   0x00000000   Code   RO         5700    x$fpl$usenofp       fz_ws.l(usenofp.o)
    0x08015bda   0x08015bda   0x00000006   PAD
    0x08015be0   0x08015be0   0x00000030   Data   RO         5702    .constdata          m_ws.l(cos_i.o)
    0x08015c10   0x08015c10   0x000000c8   Data   RO         5720    .constdata          m_ws.l(rred.o)
    0x08015cd8   0x08015cd8   0x00000028   Data   RO         5724    .constdata          m_ws.l(sin_i.o)
    0x08015d00   0x08015d00   0x00000043   Data   RO         4380    .conststring        cancellation.o
    0x08015d43   0x08015d43   0x00000001   PAD
    0x08015d44   0x08015d44   0x00000020   Data   RO         5902    Region$$Table       anon$$obj.o


    Execution Region RW_IRAM1 (Exec base: 0x20000000, Load base: 0x08015d64, Size: 0x0001b4f0, Max: 0x00020000, ABSOLUTE)

    Exec Addr    Load Addr    Size         Type   Attr      Idx    E Section Name        Object

    0x20000000   0x08015d64   0x00000014   Data   RW           20    .data               system_stm32f2xx.o
    0x20000014   0x08015d78   0x0000000c   Data   RW          144    .data               retarget.o
    0x20000020   0x08015d84   0x0000000c   Data   RW          227    .data               systick.o
    0x2000002c   0x08015d90   0x00000010   Data   RW         2351    .data               stm32f2xx_rcc.o
    0x2000003c   0x08015da0   0x0000000a   Data   RW         4070    .data               main.o
    0x20000046   0x08015daa   0x00000002   PAD
    0x20000048   0x08015dac   0x00000030   Data   RW         4247    .data               lmx2541.o
    0x20000078   0x08015ddc   0x0000000c   Data   RW         4300    .data               timer.o
    0x20000084   0x08015de8   0x00000004   PAD
    0x20000088   0x08015dec   0x00000012   Data   RW         4381    .data               cancellation.o
    0x2000009a   0x08015dfe   0x00000002   PAD
    0x2000009c   0x08015e00   0x00000028   Data   RW         4578    .data               epc.o
    0x200000c4   0x08015e28   0x0000001a   Data   RW         4679    .data               air_interface.o
    0x200000de   0x08015e42   0x00000001   Data   RW         4970    .data               communication.o
    0x200000df   0x08015e43   0x00000001   PAD
    0x200000e0   0x08015e44   0x00000009   Data   RW         5086    .data               rx485_rev.o
    0x200000e9   0x08015e4d   0x00000001   PAD
    0x200000ea   0x08015e4e   0x0000000a   Data   RW         5137    .data               rx485_uart.o
    0x200000f4   0x08015e58   0x00000008   Data   RW         5251    .data               utility.o
    0x200000fc   0x08015e60   0x00000004   Data   RW         5388    .data               en25q256.o
    0x20000100        -       0x00000410   Zero   RW         4577    .bss                epc.o
    0x20000510        -       0x0000041e   Zero   RW         4677    .bss                air_interface.o
    0x2000092e        -       0x00000190   Zero   RW         4969    .bss                communication.o
    0x20000abe        -       0x00000200   Zero   RW         5036    .bss                rx485_send.o
    0x20000cbe        -       0x000007d0   Zero   RW         5136    .bss                rx485_uart.o
    0x2000148e        -       0x00001000   Zero   RW         5386    .bss                en25q256.o
    0x2000248e   0x08015e64   0x00000002   PAD
    0x20002490        -       0x00000060   Zero   RW         5760    .bss                c_w.l(libspace.o)
    0x200024f0        -       0x00014000   Zero   RW          218    HEAP                startup_stm32f2xx.o
    0x200164f0        -       0x00005000   Zero   RW          217    STACK               startup_stm32f2xx.o


==============================================================================

Image component sizes


      Code (inc. data)   RO Data    RW Data    ZI Data      Debug   Object Name

       420         14          0          0          0       1928   adc.o
      3016        364          0         26       1054      13181   air_interface.o
      1296        182         67         18          0       5416   cancellation.o
       700         50          0          1        400       2718   communication.o
         0          0          0          0          0       4540   core_cm3.o
        76          4          0          0          0        593   dac.o
        50          0          0          0          0       1103   dac1080s.o
       812         76          0          4       4096       7227   en25q256.o
      1056         56          0         40       1040       5826   epc.o
       420         54          0         48          0       2454   lmx2541.o
       180         18          0         10          0       2057   main.o
       140         24          0          0          0       1703   misc.o
       370         76          0          0          0       2291   printf_usart.o
        56          6          0          0          0        520   read_led.o
        46         14          0         12          0       3481   retarget.o
       204         22          0          0          0       2076   rf_oper.o
       580        112          0          9          0       4270   rx485_rev.o
       504         10          0          0        512       4851   rx485_send.o
       768         96          0         10       2000       4353   rx485_uart.o
       416         14          0          0          0       2493   sim_spi.o
       362         20          0          0          0       1785   soft_spi.o
        64         26        388          0     102400        912   startup_stm32f2xx.o
       380         24          0          0          0       6422   stm32f2xx_adc.o
        92         12          0          0          0       1973   stm32f2xx_dac.o
       240          0          0          0          0       3763   stm32f2xx_gpio.o
        24          0          0          0          0       3564   stm32f2xx_it.o
       392         48          0         16          0       5853   stm32f2xx_rcc.o
      1152         82          0          0          0      15098   stm32f2xx_tim.o
       456          8          0          0          0       6387   stm32f2xx_usart.o
       296         32          0         20          0     244441   system_stm32f2xx.o
       264         40          0         12          0     288115   systick.o
       166         16          0          0          0       1087   time2.o
       250         24          0         12          0       2592   timer.o
       140          8          0          0          0        674   timer3.o
       586         22          0          8          0       4262   utility.o

    ----------------------------------------------------------------------
     16008       1554        488        256     111504     660009   Object Totals
         0          0         32          0          0          0   (incl. Generated)
        34          0          1         10          2          0   (incl. Padding)

    ----------------------------------------------------------------------

      Code (inc. data)   RO Data    RW Data    ZI Data      Debug   Library Member Name

         8          0          0          0          0         68   __main.o
       184          0          0          0          0         84   __printf_ss.o
         0          0          0          0          0          0   __rtentry.o
        12          0          0          0          0          0   __rtentry2.o
         6          0          0          0          0          0   __rtentry4.o
        52          8          0          0          0          0   __scatter.o
        26          0          0          0          0          0   __scatter_copy.o
        28          0          0          0          0          0   __scatter_zi.o
         6          0          0          0          0          0   _printf_c.o
        44          0          0          0          0        108   _printf_char.o
        48          6          0          0          0         96   _printf_char_common.o
        36          4          0          0          0         80   _printf_char_file.o
         6          0          0          0          0          0   _printf_d.o
       120         16          0          0          0         92   _printf_dec.o
       178          0          0          0          0         88   _printf_intcommon.o
        10          0          0          0          0          0   _printf_ll.o
         6          0          0          0          0          0   _printf_lld.o
       124         16          0          0          0         92   _printf_longlong_dec.o
         0          0          0          0          0          0   _printf_percent.o
         4          0          0          0          0          0   _printf_percent_end.o
        82          0          0          0          0         80   _printf_str.o
        22          0          0          0          0        100   _rserrno.o
        18          0          0          0          0         80   exit.o
         6          0          0          0          0        152   heapauxi.o
         2          0          0          0          0          0   libinit.o
         2          0          0          0          0          0   libinit2.o
         2          0          0          0          0          0   libshutdown.o
         2          0          0          0          0          0   libshutdown2.o
         8          4          0          0         96         68   libspace.o
       138          0          0          0          0         80   lludiv10.o
       238          0          0          0          0        100   lludivv7m.o
        24          4          0          0          0         84   noretval__2printf.o
         8          4          0          0          0         68   rt_errno_addr_intlibspace.o
        68          0          0          0          0         68   rt_memclr.o
        78          0          0          0          0         80   rt_memclr_w.o
       138          0          0          0          0         68   rt_memcpy_v6.o
       100          0          0          0          0         80   rt_memcpy_w.o
         2          0          0          0          0          0   rtexit.o
        10          0          0          0          0          0   rtexit2.o
        74          0          0          0          0         80   sys_stackheap_outer.o
         2          0          0          0          0         68   use_no_semi.o
        98          4          0          0          0         92   d2f.o
       826         16          0          0          0        348   daddsub_clz.o
        16          4          0          0          0         68   dcheck1.o
       688        140          0          0          0        208   ddiv.o
        94          4          0          0          0         92   dfix.o
        84          0          0          0          0        136   dflt_clz.o
       340         12          0          0          0        104   dmul.o
       156          4          0          0          0         92   dnaninf.o
        12          0          0          0          0         68   dretinf.o
        86          4          0          0          0         84   f2d.o
       388         76          0          0          0         96   fdiv.o
        48          0          0          0          0         68   fflt_clz.o
       140          4          0          0          0         84   fnaninf.o
        10          0          0          0          0         68   fretinf.o
       100          0          0          0          0         68   retnan.o
        92          0          0          0          0         68   scalbn.o
        48          0          0          0          0         68   trapv.o
         0          0          0          0          0          0   usenofp.o
       156          8          0          0          0        104   cos.o
       252         22         48          0          0        124   cos_i.o
        34          6          0          0          0        204   dunder.o
        40          0          0          0          0         68   fpclassify.o
       170          0          0          0          0         96   poly.o
       904         76        200          0          0        140   rred.o
       160         10          0          0          0        108   sin.o
       236         12         40          0          0        128   sin_i.o

    ----------------------------------------------------------------------
      7124        464        288          0         96       4748   Library Totals
        24          0          0          0          0          0   (incl. Padding)

    ----------------------------------------------------------------------

      Code (inc. data)   RO Data    RW Data    ZI Data      Debug   Library Name

      1922         62          0          0         96       1964   c_w.l
      3226        268          0          0          0       1812   fz_ws.l
      1952        134        288          0          0        972   m_ws.l

    ----------------------------------------------------------------------
      7124        464        288          0         96       4748   Library Totals

    ----------------------------------------------------------------------

==============================================================================


      Code (inc. data)   RO Data    RW Data    ZI Data      Debug   

     23132       2018        776        256     111600     654197   Grand Totals
     23132       2018        776        256     111600     654197   ELF Image Totals
     23132       2018        776        256          0          0   ROM Totals

==============================================================================

    Total RO  Size (Code + RO Data)                23908 (  23.35kB)
    Total RW  Size (RW Data + ZI Data)            111856 ( 109.23kB)
    Total ROM Size (Code + RO Data + RW Data)      24164 (  23.60kB)

==============================================================================

