<html>
<body>
<pre>
<h1>礦ision Build Log</h1>
<h2>Tool Versions:</h2>
IDE-Version: μVision V5.25.2.0
Copyright (C) 2018 ARM Ltd and ARM Germany GmbH. All rights reserved.
License Information: 1 1, 1, LIC=W96WF-6VUV8-QFSIY-IEJ1T-A7NGN-9ZRAD
 
Tool Versions:
Toolchain:       MDK-ARM Professional  Version: 5.25.2.0
Toolchain Path:  C:\Keil_v5\ARM\ARMCC\Bin
C Compiler:      Armcc.exe V5.06 update 6 (build 750)
Assembler:       Armasm.exe V5.06 update 6 (build 750)
Linker/Locator:  ArmLink.exe V5.06 update 6 (build 750)
Library Manager: ArmAr.exe V5.06 update 6 (build 750)
Hex Converter:   FromElf.exe V5.06 update 6 (build 750)
CPU DLL:         SARMCM3.DLL V5.25.2.0
Dialog DLL:      DCM.DLL V1.17.1.0
Target DLL:      STLink\ST-LINKIII-KEIL_SWO.dll V3.0.1.0
Dialog DLL:      TCM.DLL V1.35.1.0
 
<h2>Project:</h2>
G:\停车场程序\0.1现在使用版本\20181210v1\20181103v13\newCommVersionslave3\Project\UHFReaderHead.uvprojx
Project File Date:  11/30/2018

<h2>Output:</h2>
*** Using Compiler 'V5.06 update 6 (build 750)', folder: 'C:\Keil_v5\ARM\ARMCC\Bin'
Build target 'stm32'
compiling air_interface.c...
linking...
Program Size: Code=29668 RO-data=776 RW-data=288 ZI-data=110560  
After Build - User command #1: fromelf.exe --bin -o "G:\停车场程序\0.1现在使用版本\20181210v1\20181103v13\newCommVersionslave3\Project\Objects\road_read1130v13.bin" "G:\停车场程序\0.1现在使用版本\20181210v1\20181103v13\newCommVersionslave3\Project\Objects\road_read1130v13.axf"
".\Objects\road_read1130v13.axf" - 0 Error(s), 0 Warning(s).

<h2>Software Packages used:</h2>

Package Vendor: Keil
                http://www.keil.com/pack/Keil.STM32F2xx_DFP.2.8.0.pack
                Keil.STM32F2xx_DFP.2.8.0
                STMicroelectronics STM32F2 Series Device Support, Drivers and Examples

<h2>Collection of Component include folders:</h2>
  .\RTE\_stm32
  C:\Keil_v5\ARM\PACK\Keil\STM32F2xx_DFP\2.8.0\Drivers\CMSIS\Device\ST\STM32F2xx\Include

<h2>Collection of Component Files used:</h2>
Build Time Elapsed:  00:00:01
</pre>
</body>
</html>
